Archive member included to satisfy reference by file (symbol)

/usr/share/gcc-arm-none-eabi-10.3-2021.10/bin/../lib/gcc/arm-none-eabi/10.3.1/../../../../arm-none-eabi/lib/thumb/v7e-m+fp/hard/libc_nano.a(lib_a-assert.o)
                              build/esc_coe.o (__assert_func)
/usr/share/gcc-arm-none-eabi-10.3-2021.10/bin/../lib/gcc/arm-none-eabi/10.3.1/../../../../arm-none-eabi/lib/thumb/v7e-m+fp/hard/libc_nano.a(lib_a-exit.o)
                              /usr/share/gcc-arm-none-eabi-10.3-2021.10/bin/../lib/gcc/arm-none-eabi/10.3.1/../../../../arm-none-eabi/lib/thumb/v7e-m+fp/hard/crt0.o (exit)
/usr/share/gcc-arm-none-eabi-10.3-2021.10/bin/../lib/gcc/arm-none-eabi/10.3.1/../../../../arm-none-eabi/lib/thumb/v7e-m+fp/hard/libc_nano.a(lib_a-fprintf.o)
                              /usr/share/gcc-arm-none-eabi-10.3-2021.10/bin/../lib/gcc/arm-none-eabi/10.3.1/../../../../arm-none-eabi/lib/thumb/v7e-m+fp/hard/libc_nano.a(lib_a-assert.o) (fiprintf)
/usr/share/gcc-arm-none-eabi-10.3-2021.10/bin/../lib/gcc/arm-none-eabi/10.3.1/../../../../arm-none-eabi/lib/thumb/v7e-m+fp/hard/libc_nano.a(lib_a-impure.o)
                              /usr/share/gcc-arm-none-eabi-10.3-2021.10/bin/../lib/gcc/arm-none-eabi/10.3.1/../../../../arm-none-eabi/lib/thumb/v7e-m+fp/hard/libc_nano.a(lib_a-exit.o) (_global_impure_ptr)
/usr/share/gcc-arm-none-eabi-10.3-2021.10/bin/../lib/gcc/arm-none-eabi/10.3.1/../../../../arm-none-eabi/lib/thumb/v7e-m+fp/hard/libc_nano.a(lib_a-init.o)
                              /usr/share/gcc-arm-none-eabi-10.3-2021.10/bin/../lib/gcc/arm-none-eabi/10.3.1/../../../../arm-none-eabi/lib/thumb/v7e-m+fp/hard/crt0.o (__libc_init_array)
/usr/share/gcc-arm-none-eabi-10.3-2021.10/bin/../lib/gcc/arm-none-eabi/10.3.1/../../../../arm-none-eabi/lib/thumb/v7e-m+fp/hard/libc_nano.a(lib_a-memcpy-stub.o)
                              build/esc_coe.o (memcpy)
/usr/share/gcc-arm-none-eabi-10.3-2021.10/bin/../lib/gcc/arm-none-eabi/10.3.1/../../../../arm-none-eabi/lib/thumb/v7e-m+fp/hard/libc_nano.a(lib_a-memset.o)
                              /usr/share/gcc-arm-none-eabi-10.3-2021.10/bin/../lib/gcc/arm-none-eabi/10.3.1/../../../../arm-none-eabi/lib/thumb/v7e-m+fp/hard/crt0.o (memset)
/usr/share/gcc-arm-none-eabi-10.3-2021.10/bin/../lib/gcc/arm-none-eabi/10.3.1/../../../../arm-none-eabi/lib/thumb/v7e-m+fp/hard/libc_nano.a(lib_a-nano-vfprintf.o)
                              /usr/share/gcc-arm-none-eabi-10.3-2021.10/bin/../lib/gcc/arm-none-eabi/10.3.1/../../../../arm-none-eabi/lib/thumb/v7e-m+fp/hard/libc_nano.a(lib_a-fprintf.o) (_vfprintf_r)
/usr/share/gcc-arm-none-eabi-10.3-2021.10/bin/../lib/gcc/arm-none-eabi/10.3.1/../../../../arm-none-eabi/lib/thumb/v7e-m+fp/hard/libc_nano.a(lib_a-nano-vfprintf_i.o)
                              /usr/share/gcc-arm-none-eabi-10.3-2021.10/bin/../lib/gcc/arm-none-eabi/10.3.1/../../../../arm-none-eabi/lib/thumb/v7e-m+fp/hard/libc_nano.a(lib_a-nano-vfprintf.o) (_printf_i)
/usr/share/gcc-arm-none-eabi-10.3-2021.10/bin/../lib/gcc/arm-none-eabi/10.3.1/../../../../arm-none-eabi/lib/thumb/v7e-m+fp/hard/libc_nano.a(lib_a-strncmp.o)
                              build/esc_foe.o (strncmp)
/usr/share/gcc-arm-none-eabi-10.3-2021.10/bin/../lib/gcc/arm-none-eabi/10.3.1/../../../../arm-none-eabi/lib/thumb/v7e-m+fp/hard/libc_nano.a(lib_a-wbuf.o)
                              /usr/share/gcc-arm-none-eabi-10.3-2021.10/bin/../lib/gcc/arm-none-eabi/10.3.1/../../../../arm-none-eabi/lib/thumb/v7e-m+fp/hard/libc_nano.a(lib_a-nano-vfprintf.o) (__swbuf_r)
/usr/share/gcc-arm-none-eabi-10.3-2021.10/bin/../lib/gcc/arm-none-eabi/10.3.1/../../../../arm-none-eabi/lib/thumb/v7e-m+fp/hard/libc_nano.a(lib_a-wsetup.o)
                              /usr/share/gcc-arm-none-eabi-10.3-2021.10/bin/../lib/gcc/arm-none-eabi/10.3.1/../../../../arm-none-eabi/lib/thumb/v7e-m+fp/hard/libc_nano.a(lib_a-nano-vfprintf.o) (__swsetup_r)
/usr/share/gcc-arm-none-eabi-10.3-2021.10/bin/../lib/gcc/arm-none-eabi/10.3.1/../../../../arm-none-eabi/lib/thumb/v7e-m+fp/hard/libc_nano.a(lib_a-abort.o)
                              /usr/share/gcc-arm-none-eabi-10.3-2021.10/bin/../lib/gcc/arm-none-eabi/10.3.1/../../../../arm-none-eabi/lib/thumb/v7e-m+fp/hard/libc_nano.a(lib_a-assert.o) (abort)
/usr/share/gcc-arm-none-eabi-10.3-2021.10/bin/../lib/gcc/arm-none-eabi/10.3.1/../../../../arm-none-eabi/lib/thumb/v7e-m+fp/hard/libc_nano.a(lib_a-fflush.o)
                              /usr/share/gcc-arm-none-eabi-10.3-2021.10/bin/../lib/gcc/arm-none-eabi/10.3.1/../../../../arm-none-eabi/lib/thumb/v7e-m+fp/hard/libc_nano.a(lib_a-wbuf.o) (_fflush_r)
/usr/share/gcc-arm-none-eabi-10.3-2021.10/bin/../lib/gcc/arm-none-eabi/10.3.1/../../../../arm-none-eabi/lib/thumb/v7e-m+fp/hard/libc_nano.a(lib_a-findfp.o)
                              /usr/share/gcc-arm-none-eabi-10.3-2021.10/bin/../lib/gcc/arm-none-eabi/10.3.1/../../../../arm-none-eabi/lib/thumb/v7e-m+fp/hard/libc_nano.a(lib_a-nano-vfprintf.o) (__sinit)
[...]
Memory Configuration

Name             Origin             Length             Attributes
RAM              0x0000000020000000 0x0000000000020000 xrw
CCMRAM           0x0000000010000000 0x0000000000010000 xrw
FLASH            0x0000000008000000 0x0000000000100000 xr
*default*        0x0000000000000000 0xffffffffffffffff

Linker script and memory map

LOAD /usr/share/gcc-arm-none-eabi-10.3-2021.10/bin/../lib/gcc/arm-none-eabi/10.3.1/thumb/v7e-m+fp/hard/crti.o
LOAD /usr/share/gcc-arm-none-eabi-10.3-2021.10/bin/../lib/gcc/arm-none-eabi/10.3.1/thumb/v7e-m+fp/hard/crtbegin.o
LOAD /usr/share/gcc-arm-none-eabi-10.3-2021.10/bin/../lib/gcc/arm-none-eabi/10.3.1/../../../../arm-none-eabi/lib/thumb/v7e-m+fp/hard/crt0.o
LOAD build/ecatapp.o
LOAD build/main.o
LOAD build/pdo_override.o
LOAD build/stm32f4xx_hal_msp.o
LOAD build/stm32f4xx_hal_timebase_tim.o
LOAD build/stm32f4xx_it.o
LOAD build/system_stm32f4xx.o
LOAD build/stm32f4xx_hal.o
LOAD build/stm32f4xx_hal_can.o
LOAD build/stm32f4xx_hal_cortex.o
LOAD build/stm32f4xx_hal_dma.o
LOAD build/stm32f4xx_hal_dma_ex.o
LOAD build/stm32f4xx_hal_exti.o
LOAD build/stm32f4xx_hal_flash.o
LOAD build/stm32f4xx_hal_flash_ex.o
LOAD build/stm32f4xx_hal_flash_ramfunc.o
LOAD build/stm32f4xx_hal_gpio.o
LOAD build/stm32f4xx_hal_pwr.o
LOAD build/stm32f4xx_hal_pwr_ex.o
LOAD build/stm32f4xx_hal_rcc.o
LOAD build/stm32f4xx_hal_rcc_ex.o
LOAD build/stm32f4xx_hal_spi.o
LOAD build/stm32f4xx_hal_tim.o
LOAD build/stm32f4xx_hal_tim_ex.o
LOAD build/objectlist.o
LOAD build/esc_hw.o
LOAD build/ecat_slv.o
LOAD build/esc.o
LOAD build/esc_coe.o
LOAD build/esc_eep.o
LOAD build/esc_eoe.o
LOAD build/esc_foe.o
LOAD build/esc_irq.o
LOAD build/rst.o
LOAD build/spi.o
LOAD build/startup_stm32f405xx.o
LOAD /usr/share/gcc-arm-none-eabi-10.3-2021.10/bin/../lib/gcc/arm-none-eabi/10.3.1/../../../../arm-none-eabi/lib/thumb/v7e-m+fp/hard/libc_nano.a
LOAD /usr/share/gcc-arm-none-eabi-10.3-2021.10/bin/../lib/gcc/arm-none-eabi/10.3.1/../../../../arm-none-eabi/lib/thumb/v7e-m+fp/hard/libm.a
LOAD /usr/share/gcc-arm-none-eabi-10.3-2021.10/bin/../lib/gcc/arm-none-eabi/10.3.1/../../../../arm-none-eabi/lib/thumb/v7e-m+fp/hard/libnosys.a
START GROUP
LOAD /usr/share/gcc-arm-none-eabi-10.3-2021.10/bin/../lib/gcc/arm-none-eabi/10.3.1/thumb/v7e-m+fp/hard/libgcc.a
LOAD /usr/share/gcc-arm-none-eabi-10.3-2021.10/bin/../lib/gcc/arm-none-eabi/10.3.1/../../../../arm-none-eabi/lib/thumb/v7e-m+fp/hard/libc_nano.a
END GROUP
START GROUP
LOAD /usr/share/gcc-arm-none-eabi-10.3-2021.10/bin/../lib/gcc/arm-none-eabi/10.3.1/thumb/v7e-m+fp/hard/libgcc.a
LOAD /usr/share/gcc-arm-none-eabi-10.3-2021.10/bin/../lib/gcc/arm-none-eabi/10.3.1/../../../../arm-none-eabi/lib/thumb/v7e-m+fp/hard/libc_nano.a
END GROUP
LOAD /usr/share/gcc-arm-none-eabi-10.3-2021.10/bin/../lib/gcc/arm-none-eabi/10.3.1/thumb/v7e-m+fp/hard/crtend.o
LOAD /usr/share/gcc-arm-none-eabi-10.3-2021.10/bin/../lib/gcc/arm-none-eabi/10.3.1/thumb/v7e-m+fp/hard/crtn.o
                0x0000000020020000                _estack = (ORIGIN (RAM) + LENGTH (RAM))
                0x0000000000000200                _Min_Heap_Size = 0x200
                0x0000000000000400                _Min_Stack_Size = 0x400

.isr_vector     0x0000000008000000      0x188
                0x0000000008000000                . = ALIGN (0x4)
 *(.isr_vector)
 .isr_vector    0x0000000008000000      0x188 build/startup_stm32f405xx.o
                0x0000000008000000                g_pfnVectors
                0x0000000008000188                . = ALIGN (0x4)

.text           0x0000000008000190     0x6810
                0x0000000008000190                . = ALIGN (0x4)
 *(.text)
 .text          0x0000000008000190       0x40 /usr/share/gcc-arm-none-eabi-10.3-2021.10/bin/../lib/gcc/arm-none-eabi/10.3.1/thumb/v7e-m+fp/hard/crtbegin.o
 .text          0x00000000080001d0       0xa0 /usr/share/gcc-arm-none-eabi-10.3-2021.10/bin/../lib/gcc/arm-none-eabi/10.3.1/../../../../arm-none-eabi/lib/thumb/v7e-m+fp/hard/libc_nano.a(lib_a-memchr.o)
                0x00000000080001d0                memchr
 .text          0x0000000008000270       0x30 /usr/share/gcc-arm-none-eabi-10.3-2021.10/bin/../lib/gcc/arm-none-eabi/10.3.1/thumb/v7e-m+fp/hard/libgcc.a(_aeabi_uldivmod.o)
                0x0000000008000270                __aeabi_uldivmod
 .text          0x00000000080002a0      0x2d0 /usr/share/gcc-arm-none-eabi-10.3-2021.10/bin/../lib/gcc/arm-none-eabi/10.3.1/thumb/v7e-m+fp/hard/libgcc.a(_udivmoddi4.o)
                0x00000000080002a0                __udivmoddi4
 .text          0x0000000008000570        0x4 /usr/share/gcc-arm-none-eabi-10.3-2021.10/bin/../lib/gcc/arm-none-eabi/10.3.1/thumb/v7e-m+fp/hard/libgcc.a(_dvmd_tls.o)
                0x0000000008000570                __aeabi_ldiv0
                0x0000000008000570                __aeabi_idiv0
 *(.text*)
 .text.ecatapp  0x0000000008000574        0x2 build/ecatapp.o
                0x0000000008000574                ecatapp
 *fill*         0x0000000008000576        0x2 
 .text.check_dc_handler
                0x0000000008000578       0x40 build/ecatapp.o
                0x0000000008000578                check_dc_handler
 .text.ecatapp_init
                0x00000000080005b8       0x14 build/ecatapp.o
                0x00000000080005b8                ecatapp_init
 .text.cb_get_inputs
                0x00000000080005cc        0x2 build/ecatapp.o
                0x00000000080005cc                cb_get_inputs
 .text.cb_set_outputs
                0x00000000080005ce        0x2 build/ecatapp.o
                0x00000000080005ce                cb_set_outputs
 .text.ecatapp_loop
                0x00000000080005d0       0x6c build/ecatapp.o
                0x00000000080005d0                ecatapp_loop
 .text.MX_GPIO_Init
                0x000000000800063c      0x100 build/main.o
 .text.MX_DMA_Init
                0x000000000800073c       0x34 build/main.o
 .text.HAL_TIM_PeriodElapsedCallback
                0x0000000008000770       0x18 build/main.o
                0x0000000008000770                HAL_TIM_PeriodElapsedCallback
 .text.Error_Handler
                0x0000000008000788        0x4 build/main.o
                0x0000000008000788                Error_Handler
 .text.MX_CAN2_Init
                0x000000000800078c       0x40 build/main.o
 .text.MX_CAN1_Init
                0x00000000080007cc       0x3c build/main.o
 .text.MX_SPI2_Init
                0x0000000008000808       0x44 build/main.o
 .text.SystemClock_Config
                0x000000000800084c       0xa0 build/main.o
                0x000000000800084c                SystemClock_Config
 .text.main     0x00000000080008ec       0x28 build/main.o
                0x00000000080008ec                main
 .text.spi_dma_prepare_transmission
                0x0000000008000914       0x22 build/pdo_override.o
                0x0000000008000914                spi_dma_prepare_transmission
 *fill*         0x0000000008000936        0x2 
 .text.spi_dma_start
                0x0000000008000938       0x20 build/pdo_override.o
                0x0000000008000938                spi_dma_start
 .text.spi_dma_stop
                0x0000000008000958       0x14 build/pdo_override.o
                0x0000000008000958                spi_dma_stop
 .text.spi_dma_rxpdo_start
                0x000000000800096c       0x28 build/pdo_override.o
                0x000000000800096c                spi_dma_rxpdo_start
 .text.spi_dma_txpdo_start
                0x0000000008000994       0x1c build/pdo_override.o
                0x0000000008000994                spi_dma_txpdo_start
 .text.init_override
                0x00000000080009b0        0x8 build/pdo_override.o
                0x00000000080009b0                init_override
 .text.on_rxpdo_transfer_finished
                0x00000000080009b8       0x34 build/pdo_override.o
                0x00000000080009b8                on_rxpdo_transfer_finished
 .text.rxpdo_override
                0x00000000080009ec       0x1c build/pdo_override.o
                0x00000000080009ec                rxpdo_override
 .text.on_txpdo_transfer_finished
                0x0000000008000a08       0x1c build/pdo_override.o
                0x0000000008000a08                on_txpdo_transfer_finished
 .text.txpdo_override
                0x0000000008000a24       0x38 build/pdo_override.o
                0x0000000008000a24                txpdo_override
 .text.HAL_MspInit
                0x0000000008000a5c       0x38 build/stm32f4xx_hal_msp.o
                0x0000000008000a5c                HAL_MspInit
 .text.HAL_CAN_MspInit
                0x0000000008000a94      0x124 build/stm32f4xx_hal_msp.o
                0x0000000008000a94                HAL_CAN_MspInit
 .text.HAL_SPI_MspInit
                0x0000000008000bb8      0x124 build/stm32f4xx_hal_msp.o
                0x0000000008000bb8                HAL_SPI_MspInit
 .text.HAL_InitTick
                0x0000000008000cdc       0xa4 build/stm32f4xx_hal_timebase_tim.o
                0x0000000008000cdc                HAL_InitTick
 .text.NMI_Handler
                0x0000000008000d80        0x2 build/stm32f4xx_it.o
                0x0000000008000d80                NMI_Handler
 .text.HardFault_Handler
                0x0000000008000d82        0x2 build/stm32f4xx_it.o
                0x0000000008000d82                HardFault_Handler
 .text.MemManage_Handler
                0x0000000008000d84        0x2 build/stm32f4xx_it.o
                0x0000000008000d84                MemManage_Handler
 .text.BusFault_Handler
                0x0000000008000d86        0x2 build/stm32f4xx_it.o
                0x0000000008000d86                BusFault_Handler
 .text.UsageFault_Handler
                0x0000000008000d88        0x2 build/stm32f4xx_it.o
                0x0000000008000d88                UsageFault_Handler
 .text.SVC_Handler
                0x0000000008000d8a        0x2 build/stm32f4xx_it.o
                0x0000000008000d8a                SVC_Handler
 .text.DebugMon_Handler
                0x0000000008000d8c        0x2 build/stm32f4xx_it.o
                0x0000000008000d8c                DebugMon_Handler
 .text.PendSV_Handler
                0x0000000008000d8e        0x2 build/stm32f4xx_it.o
                0x0000000008000d8e                PendSV_Handler
 .text.SysTick_Handler
                0x0000000008000d90        0x2 build/stm32f4xx_it.o
                0x0000000008000d90                SysTick_Handler
 *fill*         0x0000000008000d92        0x2 
 .text.EXTI0_IRQHandler
                0x0000000008000d94       0x14 build/stm32f4xx_it.o
                0x0000000008000d94                EXTI0_IRQHandler
 .text.DMA1_Stream3_IRQHandler
                0x0000000008000da8       0x18 build/stm32f4xx_it.o
                0x0000000008000da8                DMA1_Stream3_IRQHandler
 .text.CAN1_RX0_IRQHandler
                0x0000000008000dc0       0x10 build/stm32f4xx_it.o
                0x0000000008000dc0                CAN1_RX0_IRQHandler
 .text.EXTI9_5_IRQHandler
                0x0000000008000dd0       0x18 build/stm32f4xx_it.o
                0x0000000008000dd0                EXTI9_5_IRQHandler
 .text.TIM6_DAC_IRQHandler
                0x0000000008000de8       0x10 build/stm32f4xx_it.o
                0x0000000008000de8                TIM6_DAC_IRQHandler
 .text.CAN2_RX0_IRQHandler
                0x0000000008000df8       0x10 build/stm32f4xx_it.o
                0x0000000008000df8                CAN2_RX0_IRQHandler
 .text.SystemInit
                0x0000000008000e08       0x14 build/system_stm32f4xx.o
                0x0000000008000e08                SystemInit
 .text.HAL_Init
                0x0000000008000e1c       0x34 build/stm32f4xx_hal.o
                0x0000000008000e1c                HAL_Init
 .text.HAL_IncTick
                0x0000000008000e50       0x18 build/stm32f4xx_hal.o
                0x0000000008000e50                HAL_IncTick
 .text.HAL_GetTick
                0x0000000008000e68        0xc build/stm32f4xx_hal.o
                0x0000000008000e68                HAL_GetTick
 .text.HAL_CAN_Init
                0x0000000008000e74      0x14c build/stm32f4xx_hal_can.o
                0x0000000008000e74                HAL_CAN_Init
 .text.HAL_CAN_TxMailbox0CompleteCallback
                0x0000000008000fc0        0x2 build/stm32f4xx_hal_can.o
                0x0000000008000fc0                HAL_CAN_TxMailbox0CompleteCallback
 .text.HAL_CAN_TxMailbox1CompleteCallback
                0x0000000008000fc2        0x2 build/stm32f4xx_hal_can.o
                0x0000000008000fc2                HAL_CAN_TxMailbox1CompleteCallback
 .text.HAL_CAN_TxMailbox2CompleteCallback
                0x0000000008000fc4        0x2 build/stm32f4xx_hal_can.o
                0x0000000008000fc4                HAL_CAN_TxMailbox2CompleteCallback
 .text.HAL_CAN_TxMailbox0AbortCallback
                0x0000000008000fc6        0x2 build/stm32f4xx_hal_can.o
                0x0000000008000fc6                HAL_CAN_TxMailbox0AbortCallback
 .text.HAL_CAN_TxMailbox1AbortCallback
                0x0000000008000fc8        0x2 build/stm32f4xx_hal_can.o
                0x0000000008000fc8                HAL_CAN_TxMailbox1AbortCallback
 .text.HAL_CAN_TxMailbox2AbortCallback
                0x0000000008000fca        0x2 build/stm32f4xx_hal_can.o
                0x0000000008000fca                HAL_CAN_TxMailbox2AbortCallback
 .text.HAL_CAN_RxFifo0MsgPendingCallback
                0x0000000008000fcc        0x2 build/stm32f4xx_hal_can.o
                0x0000000008000fcc                HAL_CAN_RxFifo0MsgPendingCallback
 .text.HAL_CAN_RxFifo0FullCallback
                0x0000000008000fce        0x2 build/stm32f4xx_hal_can.o
                0x0000000008000fce                HAL_CAN_RxFifo0FullCallback
 .text.HAL_CAN_RxFifo1MsgPendingCallback
                0x0000000008000fd0        0x2 build/stm32f4xx_hal_can.o
                0x0000000008000fd0                HAL_CAN_RxFifo1MsgPendingCallback
 .text.HAL_CAN_RxFifo1FullCallback
                0x0000000008000fd2        0x2 build/stm32f4xx_hal_can.o
                0x0000000008000fd2                HAL_CAN_RxFifo1FullCallback
 .text.HAL_CAN_SleepCallback
                0x0000000008000fd4        0x2 build/stm32f4xx_hal_can.o
                0x0000000008000fd4                HAL_CAN_SleepCallback
 .text.HAL_CAN_WakeUpFromRxMsgCallback
                0x0000000008000fd6        0x2 build/stm32f4xx_hal_can.o
                0x0000000008000fd6                HAL_CAN_WakeUpFromRxMsgCallback
 .text.HAL_CAN_ErrorCallback
                0x0000000008000fd8        0x2 build/stm32f4xx_hal_can.o
                0x0000000008000fd8                HAL_CAN_ErrorCallback
 .text.HAL_CAN_IRQHandler
                0x0000000008000fda      0x24a build/stm32f4xx_hal_can.o
                0x0000000008000fda                HAL_CAN_IRQHandler
 .text.HAL_NVIC_SetPriorityGrouping
                0x0000000008001224       0x24 build/stm32f4xx_hal_cortex.o
                0x0000000008001224                HAL_NVIC_SetPriorityGrouping
 .text.HAL_NVIC_SetPriority
                0x0000000008001248       0x70 build/stm32f4xx_hal_cortex.o
                0x0000000008001248                HAL_NVIC_SetPriority
 .text.HAL_NVIC_EnableIRQ
                0x00000000080012b8       0x1c build/stm32f4xx_hal_cortex.o
                0x00000000080012b8                HAL_NVIC_EnableIRQ
 .text.HAL_NVIC_DisableIRQ
                0x00000000080012d4       0x24 build/stm32f4xx_hal_cortex.o
                0x00000000080012d4                HAL_NVIC_DisableIRQ
 .text.DMA_CalcBaseAndBitshift
                0x00000000080012f8       0x44 build/stm32f4xx_hal_dma.o
 .text.DMA_CheckFifoParam
                0x000000000800133c       0x8e build/stm32f4xx_hal_dma.o
 *fill*         0x00000000080013ca        0x2 
 .text.HAL_DMA_Init
                0x00000000080013cc       0xcc build/stm32f4xx_hal_dma.o
                0x00000000080013cc                HAL_DMA_Init
 .text.HAL_DMA_IRQHandler
                0x0000000008001498      0x1dc build/stm32f4xx_hal_dma.o
                0x0000000008001498                HAL_DMA_IRQHandler
 .text.HAL_GPIO_Init
                0x0000000008001674      0x1e4 build/stm32f4xx_hal_gpio.o
                0x0000000008001674                HAL_GPIO_Init
 .text.HAL_GPIO_WritePin
                0x0000000008001858        0xc build/stm32f4xx_hal_gpio.o
                0x0000000008001858                HAL_GPIO_WritePin
 .text.HAL_GPIO_EXTI_Callback
                0x0000000008001864        0x2 build/stm32f4xx_hal_gpio.o
                0x0000000008001864                HAL_GPIO_EXTI_Callback
 *fill*         0x0000000008001866        0x2 
 .text.HAL_GPIO_EXTI_IRQHandler
                0x0000000008001868       0x1c build/stm32f4xx_hal_gpio.o
                0x0000000008001868                HAL_GPIO_EXTI_IRQHandler
 .text.HAL_RCC_OscConfig
                0x0000000008001884      0x3f8 build/stm32f4xx_hal_rcc.o
                0x0000000008001884                HAL_RCC_OscConfig
 .text.HAL_RCC_GetSysClockFreq
                0x0000000008001c7c       0xd4 build/stm32f4xx_hal_rcc.o
                0x0000000008001c7c                HAL_RCC_GetSysClockFreq
 .text.HAL_RCC_ClockConfig
                0x0000000008001d50      0x160 build/stm32f4xx_hal_rcc.o
                0x0000000008001d50                HAL_RCC_ClockConfig
 .text.HAL_RCC_GetHCLKFreq
                0x0000000008001eb0        0xc build/stm32f4xx_hal_rcc.o
                0x0000000008001eb0                HAL_RCC_GetHCLKFreq
 .text.HAL_RCC_GetPCLK1Freq
                0x0000000008001ebc       0x20 build/stm32f4xx_hal_rcc.o
                0x0000000008001ebc                HAL_RCC_GetPCLK1Freq
 .text.HAL_RCC_GetClockConfig
                0x0000000008001edc       0x3c build/stm32f4xx_hal_rcc.o
                0x0000000008001edc                HAL_RCC_GetClockConfig
 .text.SPI_WaitFlagStateUntilTimeout
                0x0000000008001f18       0xd4 build/stm32f4xx_hal_spi.o
 .text.SPI_EndRxTxTransaction
                0x0000000008001fec       0x68 build/stm32f4xx_hal_spi.o
 .text.HAL_SPI_Init
                0x0000000008002054       0xca build/stm32f4xx_hal_spi.o
                0x0000000008002054                HAL_SPI_Init
 .text.HAL_SPI_Transmit
                0x000000000800211e      0x1ea build/stm32f4xx_hal_spi.o
                0x000000000800211e                HAL_SPI_Transmit
 .text.HAL_SPI_TransmitReceive
                0x0000000008002308      0x2e8 build/stm32f4xx_hal_spi.o
                0x0000000008002308                HAL_SPI_TransmitReceive
 .text.HAL_SPI_DMAPause
                0x00000000080025f0       0x26 build/stm32f4xx_hal_spi.o
                0x00000000080025f0                HAL_SPI_DMAPause
 .text.HAL_SPI_DMAResume
                0x0000000008002616       0x26 build/stm32f4xx_hal_spi.o
                0x0000000008002616                HAL_SPI_DMAResume
 .text.HAL_TIM_Base_MspInit
                0x000000000800263c        0x2 build/stm32f4xx_hal_tim.o
                0x000000000800263c                HAL_TIM_Base_MspInit
 *fill*         0x000000000800263e        0x2 
 .text.HAL_TIM_Base_Start_IT
                0x0000000008002640       0x88 build/stm32f4xx_hal_tim.o
                0x0000000008002640                HAL_TIM_Base_Start_IT
 .text.HAL_TIM_OC_DelayElapsedCallback
                0x00000000080026c8        0x2 build/stm32f4xx_hal_tim.o
                0x00000000080026c8                HAL_TIM_OC_DelayElapsedCallback
 .text.HAL_TIM_IC_CaptureCallback
                0x00000000080026ca        0x2 build/stm32f4xx_hal_tim.o
                0x00000000080026ca                HAL_TIM_IC_CaptureCallback
 .text.HAL_TIM_PWM_PulseFinishedCallback
                0x00000000080026cc        0x2 build/stm32f4xx_hal_tim.o
                0x00000000080026cc                HAL_TIM_PWM_PulseFinishedCallback
 .text.HAL_TIM_TriggerCallback
                0x00000000080026ce        0x2 build/stm32f4xx_hal_tim.o
                0x00000000080026ce                HAL_TIM_TriggerCallback
 .text.HAL_TIM_IRQHandler
                0x00000000080026d0      0x17a build/stm32f4xx_hal_tim.o
                0x00000000080026d0                HAL_TIM_IRQHandler
 *fill*         0x000000000800284a        0x2 
 .text.TIM_Base_SetConfig
                0x000000000800284c       0xc8 build/stm32f4xx_hal_tim.o
                0x000000000800284c                TIM_Base_SetConfig
 .text.HAL_TIM_Base_Init
                0x0000000008002914       0x58 build/stm32f4xx_hal_tim.o
                0x0000000008002914                HAL_TIM_Base_Init
 .text.HAL_TIMEx_CommutCallback
                0x000000000800296c        0x2 build/stm32f4xx_hal_tim_ex.o
                0x000000000800296c                HAL_TIMEx_CommutCallback
 .text.HAL_TIMEx_BreakCallback
                0x000000000800296e        0x2 build/stm32f4xx_hal_tim_ex.o
                0x000000000800296e                HAL_TIMEx_BreakCallback
 .text.esc_address
                0x0000000008002970       0x3c build/esc_hw.o
 .text.ESC_read
                0x00000000080029ac       0x48 build/esc_hw.o
                0x00000000080029ac                ESC_read
 .text.ESC_write
                0x00000000080029f4       0x34 build/esc_hw.o
                0x00000000080029f4                ESC_write
 .text.ESC_init
                0x0000000008002a28       0x28 build/esc_hw.o
                0x0000000008002a28                ESC_init
 .text.ESC_interrupt_enable
                0x0000000008002a50       0x24 build/esc_hw.o
                0x0000000008002a50                ESC_interrupt_enable
 .text.ESC_interrupt_disable
                0x0000000008002a74       0x26 build/esc_hw.o
                0x0000000008002a74                ESC_interrupt_disable
 *fill*         0x0000000008002a9a        0x2 
 .text.ESC_enable_DC
                0x0000000008002a9c       0xd4 build/esc_hw.o
                0x0000000008002a9c                ESC_enable_DC
 .text.ESC_download_pre_objecthandler
                0x0000000008002b70       0x7c build/ecat_slv.o
                0x0000000008002b70                ESC_download_pre_objecthandler
 .text.ESC_download_post_objecthandler
                0x0000000008002bec       0x14 build/ecat_slv.o
                0x0000000008002bec                ESC_download_post_objecthandler
 .text.ESC_upload_pre_objecthandler
                0x0000000008002c00       0x20 build/ecat_slv.o
                0x0000000008002c00                ESC_upload_pre_objecthandler
 .text.ESC_upload_post_objecthandler
                0x0000000008002c20       0x14 build/ecat_slv.o
                0x0000000008002c20                ESC_upload_post_objecthandler
 .text.APP_safeoutput
                0x0000000008002c34       0x10 build/ecat_slv.o
                0x0000000008002c34                APP_safeoutput
 .text.TXPDO_update
                0x0000000008002c44       0x38 build/ecat_slv.o
                0x0000000008002c44                TXPDO_update
 .text.RXPDO_update
                0x0000000008002c7c       0x38 build/ecat_slv.o
                0x0000000008002c7c                RXPDO_update
 .text.APP_setwatchdog
                0x0000000008002cb4       0x14 build/ecat_slv.o
                0x0000000008002cb4                APP_setwatchdog
 .text.DIG_process
                0x0000000008002cc8      0x130 build/ecat_slv.o
                0x0000000008002cc8                DIG_process
 .text.ecat_slv_poll
                0x0000000008002df8       0x40 build/ecat_slv.o
                0x0000000008002df8                ecat_slv_poll
 .text.ecat_slv_init
                0x0000000008002e38       0x58 build/ecat_slv.o
                0x0000000008002e38                ecat_slv_init
 .text.ESC_check_id_request
                0x0000000008002e90       0x4e build/esc.o
 *fill*         0x0000000008002ede        0x2 
 .text.ESC_ALerror
                0x0000000008002ee0       0x28 build/esc.o
                0x0000000008002ee0                ESC_ALerror
 .text.ESC_load_device_id
                0x0000000008002f08       0x40 build/esc.o
 .text.ESC_ALstatus
                0x0000000008002f48       0x28 build/esc.o
                0x0000000008002f48                ESC_ALstatus
 .text.ESC_ALeventmaskwrite
                0x0000000008002f70       0x1a build/esc.o
                0x0000000008002f70                ESC_ALeventmaskwrite
 .text.ESC_ALeventmaskread
                0x0000000008002f8a       0x1a build/esc.o
                0x0000000008002f8a                ESC_ALeventmaskread
 .text.ESC_SMack
                0x0000000008002fa4       0x1a build/esc.o
                0x0000000008002fa4                ESC_SMack
 *fill*         0x0000000008002fbe        0x2 
 .text.ESC_SMstatus
                0x0000000008002fc0       0x20 build/esc.o
                0x0000000008002fc0                ESC_SMstatus
 .text.ESC_SMwritepdi
                0x0000000008002fe0       0x20 build/esc.o
                0x0000000008002fe0                ESC_SMwritepdi
 .text.ESC_SMenable
                0x0000000008003000       0x20 build/esc.o
                0x0000000008003000                ESC_SMenable
 .text.ESC_SMdisable
                0x0000000008003020       0x20 build/esc.o
                0x0000000008003020                ESC_SMdisable
 .text.ESC_address
                0x0000000008003040       0x14 build/esc.o
                0x0000000008003040                ESC_address
 .text.ESC_SYNCactivation
                0x0000000008003054       0x1c build/esc.o
                0x0000000008003054                ESC_SYNCactivation
 .text.ESC_checkDC
                0x0000000008003070       0x2c build/esc.o
                0x0000000008003070                ESC_checkDC
 .text.ESC_checkmbx
                0x000000000800309c       0xbc build/esc.o
                0x000000000800309c                ESC_checkmbx
 .text.ESC_startmbx
                0x0000000008003158       0x68 build/esc.o
                0x0000000008003158                ESC_startmbx
 .text.ESC_startmbxboot
                0x00000000080031c0       0x6c build/esc.o
                0x00000000080031c0                ESC_startmbxboot
 .text.ESC_stopmbx
                0x000000000800322c       0x6c build/esc.o
                0x000000000800322c                ESC_stopmbx
 .text.ESC_readmbx
                0x0000000008003298       0x74 build/esc.o
                0x0000000008003298                ESC_readmbx
 .text.ESC_writembx
                0x000000000800330c       0x5c build/esc.o
                0x000000000800330c                ESC_writembx
 .text.ESC_ackmbxread
                0x0000000008003368       0x28 build/esc.o
                0x0000000008003368                ESC_ackmbxread
 .text.ESC_claimbuffer
                0x0000000008003390       0x80 build/esc.o
                0x0000000008003390                ESC_claimbuffer
 .text.ESC_outreqbuffer
                0x0000000008003410       0x18 build/esc.o
                0x0000000008003410                ESC_outreqbuffer
 .text.MBX_error
                0x0000000008003428       0x50 build/esc.o
                0x0000000008003428                MBX_error
 .text.ESC_mbxprocess
                0x0000000008003478      0x1cc build/esc.o
                0x0000000008003478                ESC_mbxprocess
 .text.ESC_xoeprocess
                0x0000000008003644       0x50 build/esc.o
                0x0000000008003644                ESC_xoeprocess
 .text.ESC_checkSM23
                0x0000000008003694       0xf4 build/esc.o
                0x0000000008003694                ESC_checkSM23
 .text.ESC_startinput
                0x0000000008003788       0xbc build/esc.o
                0x0000000008003788                ESC_startinput
 .text.ESC_stopinput
                0x0000000008003844       0x38 build/esc.o
                0x0000000008003844                ESC_stopinput
 .text.ESC_startoutput
                0x000000000800387c       0x3c build/esc.o
                0x000000000800387c                ESC_startoutput
 .text.ESC_stopoutput
                0x00000000080038b8       0x2c build/esc.o
                0x00000000080038b8                ESC_stopoutput
 .text.ESC_ALstatusgotoerror
                0x00000000080038e4       0x7c build/esc.o
                0x00000000080038e4                ESC_ALstatusgotoerror
 .text.ESC_sm_act_event
                0x0000000008003960      0x114 build/esc.o
                0x0000000008003960                ESC_sm_act_event
 .text.ESC_state
                0x0000000008003a74      0x3a8 build/esc.o
                0x0000000008003a74                ESC_state
 .text.ESC_config
                0x0000000008003e1c       0x9c build/esc.o
                0x0000000008003e1c                ESC_config
 .text.init_coesdo
                0x0000000008003eb8       0x2e build/esc_coe.o
 .text.COE_bitsliceGet
                0x0000000008003ee6       0xa4 build/esc_coe.o
 .text.COE_bitsliceSet
                0x0000000008003f8a      0x112 build/esc_coe.o
 .text.COE_setValue
                0x000000000800409c       0x5e build/esc_coe.o
 *fill*         0x00000000080040fa        0x2 
 .text.SDO_getodlistcont
                0x00000000080040fc       0xd0 build/esc_coe.o
 .text.SDO_infoerror
                0x00000000080041cc       0x6c build/esc_coe.o
 .text.SDO_getodlist
                0x0000000008004238      0x13c build/esc_coe.o
 .text.SDO_abort
                0x0000000008004374       0x64 build/esc_coe.o
 .text.set_state_idle
                0x00000000080043d8       0x20 build/esc_coe.o
 .text.copy2mbx
                0x00000000080043f8        0xe build/esc_coe.o
 *fill*         0x0000000008004406        0x2 
 .text.SDO_uploadsegment
                0x0000000008004408      0x100 build/esc_coe.o
 .text.complete_access_subindex_loop
                0x0000000008004508      0x170 build/esc_coe.o
 .text.COE_getValue
                0x0000000008004678       0x80 build/esc_coe.o
 .text.SDO_findsubindex
                0x00000000080046f8       0x58 build/esc_coe.o
                0x00000000080046f8                SDO_findsubindex
 .text.SDO_findobject
                0x0000000008004750       0x20 build/esc_coe.o
                0x0000000008004750                SDO_findobject
 .text.complete_access_get_variables
                0x0000000008004770       0x4c build/esc_coe.o
 .text.SDO_upload_complete_access
                0x00000000080047bc      0x208 build/esc_coe.o
 .text.SDO_download_complete_access
                0x00000000080049c4      0x1d4 build/esc_coe.o
 .text.SDO_upload
                0x0000000008004b98      0x214 build/esc_coe.o
 .text.SDO_download
                0x0000000008004dac      0x21c build/esc_coe.o
 .text.SDO_downloadsegment
                0x0000000008004fc8      0x158 build/esc_coe.o
 .text.SDO_getod
                0x0000000008005120      0x12c build/esc_coe.o
 .text.SDO_geted
                0x000000000800524c       0xf0 build/esc_coe.o
 .text.sizeOfPDO
                0x000000000800533c      0x188 build/esc_coe.o
                0x000000000800533c                sizeOfPDO
 .text.ESC_coeprocess
                0x00000000080054c4      0x150 build/esc_coe.o
                0x00000000080054c4                ESC_coeprocess
 .text.COE_initDefaultValues
                0x0000000008005614       0x6c build/esc_coe.o
                0x0000000008005614                COE_initDefaultValues
 .text.COE_pdoPack
                0x0000000008005680       0x78 build/esc_coe.o
                0x0000000008005680                COE_pdoPack
 .text.COE_pdoUnpack
                0x00000000080056f8       0x70 build/esc_coe.o
                0x00000000080056f8                COE_pdoUnpack
 .text.COE_maxSub
                0x0000000008005768       0x28 build/esc_coe.o
                0x0000000008005768                COE_maxSub
 .text.EXTILine1_Config
                0x0000000008005790        0xa build/esc_irq.o
                0x0000000008005790                EXTILine1_Config
 .text.EXTILine1_Disable
                0x000000000800579a        0xa build/esc_irq.o
                0x000000000800579a                EXTILine1_Disable
 .text.EXTILine3_Config
                0x00000000080057a4        0xa build/esc_irq.o
                0x00000000080057a4                EXTILine3_Config
 .text.EXTILine3_Disable
                0x00000000080057ae        0xa build/esc_irq.o
                0x00000000080057ae                EXTILine3_Disable
 .text.rst_setup
                0x00000000080057b8       0x14 build/rst.o
                0x00000000080057b8                rst_setup
 .text.rst_high
                0x00000000080057cc       0x14 build/rst.o
                0x00000000080057cc                rst_high
 .text.spi_setup
                0x00000000080057e0        0x2 build/spi.o
                0x00000000080057e0                spi_setup
 *fill*         0x00000000080057e2        0x2 
 .text.spi_select
                0x00000000080057e4       0x14 build/spi.o
                0x00000000080057e4                spi_select
 .text.spi_unselect
                0x00000000080057f8       0x14 build/spi.o
                0x00000000080057f8                spi_unselect
 .text.spi_write
                0x000000000800580c       0x10 build/spi.o
                0x000000000800580c                spi_write
 .text.spi_bidirectionally_transfer
                0x000000000800581c       0x20 build/spi.o
                0x000000000800581c                spi_bidirectionally_transfer
 .text.Reset_Handler
                0x000000000800583c       0x50 build/startup_stm32f405xx.o
                0x000000000800583c                Reset_Handler
 .text.Default_Handler
                0x000000000800588c        0x2 build/startup_stm32f405xx.o
                0x000000000800588c                RTC_Alarm_IRQHandler
                0x000000000800588c                HASH_RNG_IRQHandler
                0x000000000800588c                EXTI2_IRQHandler
                0x000000000800588c                TIM8_CC_IRQHandler
                0x000000000800588c                TIM1_CC_IRQHandler
                0x000000000800588c                DMA2_Stream5_IRQHandler
                0x000000000800588c                DMA1_Stream5_IRQHandler
                0x000000000800588c                PVD_IRQHandler
                0x000000000800588c                SDIO_IRQHandler
                0x000000000800588c                TAMP_STAMP_IRQHandler
                0x000000000800588c                CAN2_RX1_IRQHandler
                0x000000000800588c                EXTI3_IRQHandler
                0x000000000800588c                TIM8_TRG_COM_TIM14_IRQHandler
                0x000000000800588c                TIM1_UP_TIM10_IRQHandler
                0x000000000800588c                TIM8_UP_TIM13_IRQHandler
                0x000000000800588c                I2C3_ER_IRQHandler
                0x000000000800588c                I2C2_EV_IRQHandler
                0x000000000800588c                DMA1_Stream2_IRQHandler
                0x000000000800588c                FPU_IRQHandler
                0x000000000800588c                OTG_HS_WKUP_IRQHandler
                0x000000000800588c                CAN2_SCE_IRQHandler
                0x000000000800588c                DMA2_Stream2_IRQHandler
                0x000000000800588c                SPI1_IRQHandler
                0x000000000800588c                TIM1_BRK_TIM9_IRQHandler
                0x000000000800588c                DMA2_Stream3_IRQHandler
                0x000000000800588c                USART6_IRQHandler
                0x000000000800588c                USART3_IRQHandler
                0x000000000800588c                CAN1_RX1_IRQHandler
                0x000000000800588c                UART5_IRQHandler
                0x000000000800588c                DMA2_Stream0_IRQHandler
                0x000000000800588c                TIM4_IRQHandler
                0x000000000800588c                I2C1_EV_IRQHandler
                0x000000000800588c                DMA1_Stream6_IRQHandler
                0x000000000800588c                DMA1_Stream1_IRQHandler
                0x000000000800588c                UART4_IRQHandler
                0x000000000800588c                TIM3_IRQHandler
                0x000000000800588c                RCC_IRQHandler
                0x000000000800588c                TIM8_BRK_TIM12_IRQHandler
                0x000000000800588c                Default_Handler
                0x000000000800588c                EXTI15_10_IRQHandler
                0x000000000800588c                ADC_IRQHandler
                0x000000000800588c                DMA1_Stream7_IRQHandler
                0x000000000800588c                TIM7_IRQHandler
                0x000000000800588c                CAN2_TX_IRQHandler
                0x000000000800588c                TIM5_IRQHandler
                0x000000000800588c                DMA2_Stream7_IRQHandler
                0x000000000800588c                I2C3_EV_IRQHandler
                0x000000000800588c                RTC_WKUP_IRQHandler
                0x000000000800588c                SPI2_IRQHandler
                0x000000000800588c                OTG_HS_EP1_IN_IRQHandler
                0x000000000800588c                DMA1_Stream0_IRQHandler
                0x000000000800588c                CAN1_TX_IRQHandler
                0x000000000800588c                EXTI4_IRQHandler
                0x000000000800588c                FSMC_IRQHandler
                0x000000000800588c                OTG_HS_EP1_OUT_IRQHandler
                0x000000000800588c                WWDG_IRQHandler
                0x000000000800588c                TIM2_IRQHandler
                0x000000000800588c                OTG_FS_WKUP_IRQHandler
                0x000000000800588c                TIM1_TRG_COM_TIM11_IRQHandler
                0x000000000800588c                OTG_HS_IRQHandler
                0x000000000800588c                EXTI1_IRQHandler
                0x000000000800588c                USART2_IRQHandler
                0x000000000800588c                I2C2_ER_IRQHandler
                0x000000000800588c                DMA2_Stream1_IRQHandler
                0x000000000800588c                CAN1_SCE_IRQHandler
                0x000000000800588c                FLASH_IRQHandler
                0x000000000800588c                DMA2_Stream4_IRQHandler
                0x000000000800588c                USART1_IRQHandler
                0x000000000800588c                OTG_FS_IRQHandler
                0x000000000800588c                SPI3_IRQHandler
                0x000000000800588c                DMA1_Stream4_IRQHandler
                0x000000000800588c                I2C1_ER_IRQHandler
                0x000000000800588c                DMA2_Stream6_IRQHandler
 *fill*         0x000000000800588e        0x2 
 .text.__assert_func
                0x0000000008005890       0x3c /usr/share/gcc-arm-none-eabi-10.3-2021.10/bin/../lib/gcc/arm-none-eabi/10.3.1/../../../../arm-none-eabi/lib/thumb/v7e-m+fp/hard/libc_nano.a(lib_a-assert.o)
                0x0000000008005890                __assert_func
 .text.fprintf  0x00000000080058cc       0x24 /usr/share/gcc-arm-none-eabi-10.3-2021.10/bin/../lib/gcc/arm-none-eabi/10.3.1/../../../../arm-none-eabi/lib/thumb/v7e-m+fp/hard/libc_nano.a(lib_a-fprintf.o)
                0x00000000080058cc                fprintf
                0x00000000080058cc                fiprintf
 .text.__libc_init_array
                0x00000000080058f0       0x48 /usr/share/gcc-arm-none-eabi-10.3-2021.10/bin/../lib/gcc/arm-none-eabi/10.3.1/../../../../arm-none-eabi/lib/thumb/v7e-m+fp/hard/libc_nano.a(lib_a-init.o)
                0x00000000080058f0                __libc_init_array
 .text.memcpy   0x0000000008005938       0x1c /usr/share/gcc-arm-none-eabi-10.3-2021.10/bin/../lib/gcc/arm-none-eabi/10.3.1/../../../../arm-none-eabi/lib/thumb/v7e-m+fp/hard/libc_nano.a(lib_a-memcpy-stub.o)
                0x0000000008005938                memcpy
 .text.memset   0x0000000008005954       0x10 /usr/share/gcc-arm-none-eabi-10.3-2021.10/bin/../lib/gcc/arm-none-eabi/10.3.1/../../../../arm-none-eabi/lib/thumb/v7e-m+fp/hard/libc_nano.a(lib_a-memset.o)
                0x0000000008005954                memset
 .text.__sfputc_r
                0x0000000008005964       0x2e /usr/share/gcc-arm-none-eabi-10.3-2021.10/bin/../lib/gcc/arm-none-eabi/10.3.1/../../../../arm-none-eabi/lib/thumb/v7e-m+fp/hard/libc_nano.a(lib_a-nano-vfprintf.o)
 .text.__sfputs_r
                0x0000000008005992       0x24 /usr/share/gcc-arm-none-eabi-10.3-2021.10/bin/../lib/gcc/arm-none-eabi/10.3.1/../../../../arm-none-eabi/lib/thumb/v7e-m+fp/hard/libc_nano.a(lib_a-nano-vfprintf.o)
                0x0000000008005992                __sfputs_r
 *fill*         0x00000000080059b6        0x2 
 .text._vfprintf_r
                0x00000000080059b8      0x260 /usr/share/gcc-arm-none-eabi-10.3-2021.10/bin/../lib/gcc/arm-none-eabi/10.3.1/../../../../arm-none-eabi/lib/thumb/v7e-m+fp/hard/libc_nano.a(lib_a-nano-vfprintf.o)
                0x00000000080059b8                _vfiprintf_r
                0x00000000080059b8                _vfprintf_r
 .text._printf_common
                0x0000000008005c18       0xda /usr/share/gcc-arm-none-eabi-10.3-2021.10/bin/../lib/gcc/arm-none-eabi/10.3.1/../../../../arm-none-eabi/lib/thumb/v7e-m+fp/hard/libc_nano.a(lib_a-nano-vfprintf_i.o)
                0x0000000008005c18                _printf_common
 *fill*         0x0000000008005cf2        0x2 
 .text._printf_i
                0x0000000008005cf4      0x24c /usr/share/gcc-arm-none-eabi-10.3-2021.10/bin/../lib/gcc/arm-none-eabi/10.3.1/../../../../arm-none-eabi/lib/thumb/v7e-m+fp/hard/libc_nano.a(lib_a-nano-vfprintf_i.o)
                0x0000000008005cf4                _printf_i
 .text.__swbuf_r
                0x0000000008005f40       0xa4 /usr/share/gcc-arm-none-eabi-10.3-2021.10/bin/../lib/gcc/arm-none-eabi/10.3.1/../../../../arm-none-eabi/lib/thumb/v7e-m+fp/hard/libc_nano.a(lib_a-wbuf.o)
                0x0000000008005f40                __swbuf_r
 .text.__swsetup_r
                0x0000000008005fe4       0xdc /usr/share/gcc-arm-none-eabi-10.3-2021.10/bin/../lib/gcc/arm-none-eabi/10.3.1/../../../../arm-none-eabi/lib/thumb/v7e-m+fp/hard/libc_nano.a(lib_a-wsetup.o)
                0x0000000008005fe4                __swsetup_r
 .text.abort    0x00000000080060c0        0xe /usr/share/gcc-arm-none-eabi-10.3-2021.10/bin/../lib/gcc/arm-none-eabi/10.3.1/../../../../arm-none-eabi/lib/thumb/v7e-m+fp/hard/libc_nano.a(lib_a-abort.o)
                0x00000000080060c0                abort
 *fill*         0x00000000080060ce        0x2 
 .text.__sflush_r
                0x00000000080060d0      0x10c /usr/share/gcc-arm-none-eabi-10.3-2021.10/bin/../lib/gcc/arm-none-eabi/10.3.1/../../../../arm-none-eabi/lib/thumb/v7e-m+fp/hard/libc_nano.a(lib_a-fflush.o)
                0x00000000080060d0                __sflush_r
 .text._fflush_r
                0x00000000080061dc       0x78 /usr/share/gcc-arm-none-eabi-10.3-2021.10/bin/../lib/gcc/arm-none-eabi/10.3.1/../../../../arm-none-eabi/lib/thumb/v7e-m+fp/hard/libc_nano.a(lib_a-fflush.o)
                0x00000000080061dc                _fflush_r
 .text.std      0x0000000008006254       0x48 /usr/share/gcc-arm-none-eabi-10.3-2021.10/bin/../lib/gcc/arm-none-eabi/10.3.1/../../../../arm-none-eabi/lib/thumb/v7e-m+fp/hard/libc_nano.a(lib_a-findfp.o)
 .text._cleanup_r
                0x000000000800629c        0xc /usr/share/gcc-arm-none-eabi-10.3-2021.10/bin/../lib/gcc/arm-none-eabi/10.3.1/../../../../arm-none-eabi/lib/thumb/v7e-m+fp/hard/libc_nano.a(lib_a-findfp.o)
                0x000000000800629c                _cleanup_r
 .text.__sfmoreglue
                0x00000000080062a8       0x2c /usr/share/gcc-arm-none-eabi-10.3-2021.10/bin/../lib/gcc/arm-none-eabi/10.3.1/../../../../arm-none-eabi/lib/thumb/v7e-m+fp/hard/libc_nano.a(lib_a-findfp.o)
                0x00000000080062a8                __sfmoreglue
 .text.__sfp_lock_acquire
                0x00000000080062d4        0xc /usr/share/gcc-arm-none-eabi-10.3-2021.10/bin/../lib/gcc/arm-none-eabi/10.3.1/../../../../arm-none-eabi/lib/thumb/v7e-m+fp/hard/libc_nano.a(lib_a-findfp.o)
                0x00000000080062d4                __sfp_lock_acquire
 .text.__sfp_lock_release
                0x00000000080062e0        0xc /usr/share/gcc-arm-none-eabi-10.3-2021.10/bin/../lib/gcc/arm-none-eabi/10.3.1/../../../../arm-none-eabi/lib/thumb/v7e-m+fp/hard/libc_nano.a(lib_a-findfp.o)
                0x00000000080062e0                __sfp_lock_release
 .text.__sinit_lock_acquire
                0x00000000080062ec        0xc /usr/share/gcc-arm-none-eabi-10.3-2021.10/bin/../lib/gcc/arm-none-eabi/10.3.1/../../../../arm-none-eabi/lib/thumb/v7e-m+fp/hard/libc_nano.a(lib_a-findfp.o)
                0x00000000080062ec                __sinit_lock_acquire
 .text.__sinit_lock_release
                0x00000000080062f8        0xc /usr/share/gcc-arm-none-eabi-10.3-2021.10/bin/../lib/gcc/arm-none-eabi/10.3.1/../../../../arm-none-eabi/lib/thumb/v7e-m+fp/hard/libc_nano.a(lib_a-findfp.o)
                0x00000000080062f8                __sinit_lock_release
 .text.__sinit  0x0000000008006304       0x70 /usr/share/gcc-arm-none-eabi-10.3-2021.10/bin/../lib/gcc/arm-none-eabi/10.3.1/../../../../arm-none-eabi/lib/thumb/v7e-m+fp/hard/libc_nano.a(lib_a-findfp.o)
                0x0000000008006304                __sinit
 .text.__sfp    0x0000000008006374       0x8c /usr/share/gcc-arm-none-eabi-10.3-2021.10/bin/../lib/gcc/arm-none-eabi/10.3.1/../../../../arm-none-eabi/lib/thumb/v7e-m+fp/hard/libc_nano.a(lib_a-findfp.o)
                0x0000000008006374                __sfp
 .text._fwalk_reent
                0x0000000008006400       0x3e /usr/share/gcc-arm-none-eabi-10.3-2021.10/bin/../lib/gcc/arm-none-eabi/10.3.1/../../../../arm-none-eabi/lib/thumb/v7e-m+fp/hard/libc_nano.a(lib_a-fwalk.o)
                0x0000000008006400                _fwalk_reent
 .text.__retarget_lock_init_recursive
                0x000000000800643e        0x2 /usr/share/gcc-arm-none-eabi-10.3-2021.10/bin/../lib/gcc/arm-none-eabi/10.3.1/../../../../arm-none-eabi/lib/thumb/v7e-m+fp/hard/libc_nano.a(lib_a-lock.o)
                0x000000000800643e                __retarget_lock_init_recursive
 .text.__retarget_lock_acquire_recursive
                0x0000000008006440        0x2 /usr/share/gcc-arm-none-eabi-10.3-2021.10/bin/../lib/gcc/arm-none-eabi/10.3.1/../../../../arm-none-eabi/lib/thumb/v7e-m+fp/hard/libc_nano.a(lib_a-lock.o)
                0x0000000008006440                __retarget_lock_acquire_recursive
 .text.__retarget_lock_release_recursive
                0x0000000008006442        0x2 /usr/share/gcc-arm-none-eabi-10.3-2021.10/bin/../lib/gcc/arm-none-eabi/10.3.1/../../../../arm-none-eabi/lib/thumb/v7e-m+fp/hard/libc_nano.a(lib_a-lock.o)
                0x0000000008006442                __retarget_lock_release_recursive
 .text.__swhatbuf_r
                0x0000000008006444       0x4a /usr/share/gcc-arm-none-eabi-10.3-2021.10/bin/../lib/gcc/arm-none-eabi/10.3.1/../../../../arm-none-eabi/lib/thumb/v7e-m+fp/hard/libc_nano.a(lib_a-makebuf.o)
                0x0000000008006444                __swhatbuf_r
 *fill*         0x000000000800648e        0x2 
 .text.__smakebuf_r
                0x0000000008006490       0x80 /usr/share/gcc-arm-none-eabi-10.3-2021.10/bin/../lib/gcc/arm-none-eabi/10.3.1/../../../../arm-none-eabi/lib/thumb/v7e-m+fp/hard/libc_nano.a(lib_a-makebuf.o)
                0x0000000008006490                __smakebuf_r
 .text._free_r  0x0000000008006510       0x98 /usr/share/gcc-arm-none-eabi-10.3-2021.10/bin/../lib/gcc/arm-none-eabi/10.3.1/../../../../arm-none-eabi/lib/thumb/v7e-m+fp/hard/libc_nano.a(lib_a-nano-freer.o)
                0x0000000008006510                _free_r
 .text.sbrk_aligned
                0x00000000080065a8       0x40 /usr/share/gcc-arm-none-eabi-10.3-2021.10/bin/../lib/gcc/arm-none-eabi/10.3.1/../../../../arm-none-eabi/lib/thumb/v7e-m+fp/hard/libc_nano.a(lib_a-nano-mallocr.o)
 .text._malloc_r
                0x00000000080065e8       0xe8 /usr/share/gcc-arm-none-eabi-10.3-2021.10/bin/../lib/gcc/arm-none-eabi/10.3.1/../../../../arm-none-eabi/lib/thumb/v7e-m+fp/hard/libc_nano.a(lib_a-nano-mallocr.o)
                0x00000000080065e8                _malloc_r
 .text._sbrk_r  0x00000000080066d0       0x20 /usr/share/gcc-arm-none-eabi-10.3-2021.10/bin/../lib/gcc/arm-none-eabi/10.3.1/../../../../arm-none-eabi/lib/thumb/v7e-m+fp/hard/libc_nano.a(lib_a-sbrkr.o)
                0x00000000080066d0                _sbrk_r
 .text._raise_r
                0x00000000080066f0       0x50 /usr/share/gcc-arm-none-eabi-10.3-2021.10/bin/../lib/gcc/arm-none-eabi/10.3.1/../../../../arm-none-eabi/lib/thumb/v7e-m+fp/hard/libc_nano.a(lib_a-signal.o)
                0x00000000080066f0                _raise_r
 .text.raise    0x0000000008006740       0x10 /usr/share/gcc-arm-none-eabi-10.3-2021.10/bin/../lib/gcc/arm-none-eabi/10.3.1/../../../../arm-none-eabi/lib/thumb/v7e-m+fp/hard/libc_nano.a(lib_a-signal.o)
                0x0000000008006740                raise
 .text._kill_r  0x0000000008006750       0x24 /usr/share/gcc-arm-none-eabi-10.3-2021.10/bin/../lib/gcc/arm-none-eabi/10.3.1/../../../../arm-none-eabi/lib/thumb/v7e-m+fp/hard/libc_nano.a(lib_a-signalr.o)
                0x0000000008006750                _kill_r
 .text._getpid_r
                0x0000000008006774        0x4 /usr/share/gcc-arm-none-eabi-10.3-2021.10/bin/../lib/gcc/arm-none-eabi/10.3.1/../../../../arm-none-eabi/lib/thumb/v7e-m+fp/hard/libc_nano.a(lib_a-signalr.o)
                0x0000000008006774                _getpid_r
 .text.__sread  0x0000000008006778       0x22 /usr/share/gcc-arm-none-eabi-10.3-2021.10/bin/../lib/gcc/arm-none-eabi/10.3.1/../../../../arm-none-eabi/lib/thumb/v7e-m+fp/hard/libc_nano.a(lib_a-stdio.o)
                0x0000000008006778                __sread
 .text.__swrite
                0x000000000800679a       0x38 /usr/share/gcc-arm-none-eabi-10.3-2021.10/bin/../lib/gcc/arm-none-eabi/10.3.1/../../../../arm-none-eabi/lib/thumb/v7e-m+fp/hard/libc_nano.a(lib_a-stdio.o)
                0x000000000800679a                __swrite
 .text.__sseek  0x00000000080067d2       0x24 /usr/share/gcc-arm-none-eabi-10.3-2021.10/bin/../lib/gcc/arm-none-eabi/10.3.1/../../../../arm-none-eabi/lib/thumb/v7e-m+fp/hard/libc_nano.a(lib_a-stdio.o)
                0x00000000080067d2                __sseek
 .text.__sclose
                0x00000000080067f6        0x8 /usr/share/gcc-arm-none-eabi-10.3-2021.10/bin/../lib/gcc/arm-none-eabi/10.3.1/../../../../arm-none-eabi/lib/thumb/v7e-m+fp/hard/libc_nano.a(lib_a-stdio.o)
                0x00000000080067f6                __sclose
 *fill*         0x00000000080067fe        0x2 
 .text._write_r
                0x0000000008006800       0x24 /usr/share/gcc-arm-none-eabi-10.3-2021.10/bin/../lib/gcc/arm-none-eabi/10.3.1/../../../../arm-none-eabi/lib/thumb/v7e-m+fp/hard/libc_nano.a(lib_a-writer.o)
                0x0000000008006800                _write_r
 .text._close_r
                0x0000000008006824       0x20 /usr/share/gcc-arm-none-eabi-10.3-2021.10/bin/../lib/gcc/arm-none-eabi/10.3.1/../../../../arm-none-eabi/lib/thumb/v7e-m+fp/hard/libc_nano.a(lib_a-closer.o)
                0x0000000008006824                _close_r
 .text._fstat_r
                0x0000000008006844       0x24 /usr/share/gcc-arm-none-eabi-10.3-2021.10/bin/../lib/gcc/arm-none-eabi/10.3.1/../../../../arm-none-eabi/lib/thumb/v7e-m+fp/hard/libc_nano.a(lib_a-fstatr.o)
                0x0000000008006844                _fstat_r
 .text._isatty_r
                0x0000000008006868       0x20 /usr/share/gcc-arm-none-eabi-10.3-2021.10/bin/../lib/gcc/arm-none-eabi/10.3.1/../../../../arm-none-eabi/lib/thumb/v7e-m+fp/hard/libc_nano.a(lib_a-isattyr.o)
                0x0000000008006868                _isatty_r
 .text._lseek_r
                0x0000000008006888       0x24 /usr/share/gcc-arm-none-eabi-10.3-2021.10/bin/../lib/gcc/arm-none-eabi/10.3.1/../../../../arm-none-eabi/lib/thumb/v7e-m+fp/hard/libc_nano.a(lib_a-lseekr.o)
                0x0000000008006888                _lseek_r
 .text.__malloc_lock
                0x00000000080068ac        0xc /usr/share/gcc-arm-none-eabi-10.3-2021.10/bin/../lib/gcc/arm-none-eabi/10.3.1/../../../../arm-none-eabi/lib/thumb/v7e-m+fp/hard/libc_nano.a(lib_a-mlock.o)
                0x00000000080068ac                __malloc_lock
 .text.__malloc_unlock
                0x00000000080068b8        0xc /usr/share/gcc-arm-none-eabi-10.3-2021.10/bin/../lib/gcc/arm-none-eabi/10.3.1/../../../../arm-none-eabi/lib/thumb/v7e-m+fp/hard/libc_nano.a(lib_a-mlock.o)
                0x00000000080068b8                __malloc_unlock
 .text._read_r  0x00000000080068c4       0x24 /usr/share/gcc-arm-none-eabi-10.3-2021.10/bin/../lib/gcc/arm-none-eabi/10.3.1/../../../../arm-none-eabi/lib/thumb/v7e-m+fp/hard/libc_nano.a(lib_a-readr.o)
                0x00000000080068c4                _read_r
 .text._close   0x00000000080068e8       0x10 /usr/share/gcc-arm-none-eabi-10.3-2021.10/bin/../lib/gcc/arm-none-eabi/10.3.1/../../../../arm-none-eabi/lib/thumb/v7e-m+fp/hard/libnosys.a(close.o)
                0x00000000080068e8                _close
 .text._fstat   0x00000000080068f8       0x10 /usr/share/gcc-arm-none-eabi-10.3-2021.10/bin/../lib/gcc/arm-none-eabi/10.3.1/../../../../arm-none-eabi/lib/thumb/v7e-m+fp/hard/libnosys.a(fstat.o)
                0x00000000080068f8                _fstat
 .text._getpid  0x0000000008006908       0x10 /usr/share/gcc-arm-none-eabi-10.3-2021.10/bin/../lib/gcc/arm-none-eabi/10.3.1/../../../../arm-none-eabi/lib/thumb/v7e-m+fp/hard/libnosys.a(getpid.o)
                0x0000000008006908                _getpid
 .text._isatty  0x0000000008006918       0x10 /usr/share/gcc-arm-none-eabi-10.3-2021.10/bin/../lib/gcc/arm-none-eabi/10.3.1/../../../../arm-none-eabi/lib/thumb/v7e-m+fp/hard/libnosys.a(isatty.o)
                0x0000000008006918                _isatty
 .text._kill    0x0000000008006928       0x10 /usr/share/gcc-arm-none-eabi-10.3-2021.10/bin/../lib/gcc/arm-none-eabi/10.3.1/../../../../arm-none-eabi/lib/thumb/v7e-m+fp/hard/libnosys.a(kill.o)
                0x0000000008006928                _kill
 .text._lseek   0x0000000008006938       0x10 /usr/share/gcc-arm-none-eabi-10.3-2021.10/bin/../lib/gcc/arm-none-eabi/10.3.1/../../../../arm-none-eabi/lib/thumb/v7e-m+fp/hard/libnosys.a(lseek.o)
                0x0000000008006938                _lseek
 .text._read    0x0000000008006948       0x10 /usr/share/gcc-arm-none-eabi-10.3-2021.10/bin/../lib/gcc/arm-none-eabi/10.3.1/../../../../arm-none-eabi/lib/thumb/v7e-m+fp/hard/libnosys.a(read.o)
                0x0000000008006948                _read
 .text._sbrk    0x0000000008006958       0x1c /usr/share/gcc-arm-none-eabi-10.3-2021.10/bin/../lib/gcc/arm-none-eabi/10.3.1/../../../../arm-none-eabi/lib/thumb/v7e-m+fp/hard/libnosys.a(sbrk.o)
                0x0000000008006958                _sbrk
 .text._write   0x0000000008006974       0x10 /usr/share/gcc-arm-none-eabi-10.3-2021.10/bin/../lib/gcc/arm-none-eabi/10.3.1/../../../../arm-none-eabi/lib/thumb/v7e-m+fp/hard/libnosys.a(write.o)
                0x0000000008006974                _write
 .text._exit    0x0000000008006984        0x4 /usr/share/gcc-arm-none-eabi-10.3-2021.10/bin/../lib/gcc/arm-none-eabi/10.3.1/../../../../arm-none-eabi/lib/thumb/v7e-m+fp/hard/libnosys.a(_exit.o)
                0x0000000008006984                _exit
 *(.glue_7)
 .glue_7        0x0000000008006988        0x0 linker stubs
 *(.glue_7t)
 .glue_7t       0x0000000008006988        0x0 linker stubs
 *(.eh_frame)
 .eh_frame      0x0000000008006988        0x0 /usr/share/gcc-arm-none-eabi-10.3-2021.10/bin/../lib/gcc/arm-none-eabi/10.3.1/thumb/v7e-m+fp/hard/crtbegin.o
 *(.init)
 .init          0x0000000008006988        0x4 /usr/share/gcc-arm-none-eabi-10.3-2021.10/bin/../lib/gcc/arm-none-eabi/10.3.1/thumb/v7e-m+fp/hard/crti.o
                0x0000000008006988                _init
 .init          0x000000000800698c        0x8 /usr/share/gcc-arm-none-eabi-10.3-2021.10/bin/../lib/gcc/arm-none-eabi/10.3.1/thumb/v7e-m+fp/hard/crtn.o
 *(.fini)
 .fini          0x0000000008006994        0x4 /usr/share/gcc-arm-none-eabi-10.3-2021.10/bin/../lib/gcc/arm-none-eabi/10.3.1/thumb/v7e-m+fp/hard/crti.o
                0x0000000008006994                _fini
 .fini          0x0000000008006998        0x8 /usr/share/gcc-arm-none-eabi-10.3-2021.10/bin/../lib/gcc/arm-none-eabi/10.3.1/thumb/v7e-m+fp/hard/crtn.o
                0x00000000080069a0                . = ALIGN (0x4)
                0x00000000080069a0                _etext = .

.vfp11_veneer   0x00000000080069a0        0x0
 .vfp11_veneer  0x00000000080069a0        0x0 linker stubs

.v4_bx          0x00000000080069a0        0x0
 .v4_bx         0x00000000080069a0        0x0 linker stubs

.iplt           0x00000000080069a0        0x0
 .iplt          0x00000000080069a0        0x0 /usr/share/gcc-arm-none-eabi-10.3-2021.10/bin/../lib/gcc/arm-none-eabi/10.3.1/thumb/v7e-m+fp/hard/crtbegin.o

.rodata         0x00000000080069a0      0x9ec
                0x00000000080069a0                . = ALIGN (0x4)
 *(.rodata)
 *(.rodata*)
 .rodata.str1.4
                0x00000000080069a0        0x8 build/ecatapp.o
 .rodata.AHBPrescTable
                0x00000000080069a8       0x10 build/system_stm32f4xx.o
                0x00000000080069a8                AHBPrescTable
 .rodata.APBPrescTable
                0x00000000080069b8        0x8 build/system_stm32f4xx.o
                0x00000000080069b8                APBPrescTable
 .rodata.flagBitshiftOffset.0
                0x00000000080069c0        0x8 build/stm32f4xx_hal_dma.o
 .rodata.str1.4
                0x00000000080069c8       0x38 build/objectlist.o
 .rodata.SDO1000
                0x0000000008006a00       0x14 build/objectlist.o
                0x0000000008006a00                SDO1000
 .rodata.SDO1001
                0x0000000008006a14       0x14 build/objectlist.o
                0x0000000008006a14                SDO1001
 .rodata.SDO1008
                0x0000000008006a28       0x14 build/objectlist.o
                0x0000000008006a28                SDO1008
 .rodata.SDO1009
                0x0000000008006a3c       0x14 build/objectlist.o
                0x0000000008006a3c                SDO1009
 .rodata.SDO100A
                0x0000000008006a50       0x14 build/objectlist.o
                0x0000000008006a50                SDO100A
 .rodata.SDO1018
                0x0000000008006a64       0x64 build/objectlist.o
                0x0000000008006a64                SDO1018
 .rodata.SDO10F1
                0x0000000008006ac8       0x3c build/objectlist.o
                0x0000000008006ac8                SDO10F1
 .rodata.SDO1600
                0x0000000008006b04       0x28 build/objectlist.o
                0x0000000008006b04                SDO1600
 .rodata.SDO1A00
                0x0000000008006b2c       0x28 build/objectlist.o
                0x0000000008006b2c                SDO1A00
 .rodata.SDO1C00
                0x0000000008006b54       0x64 build/objectlist.o
                0x0000000008006b54                SDO1C00
 .rodata.SDO1C12
                0x0000000008006bb8       0x28 build/objectlist.o
                0x0000000008006bb8                SDO1C12
 .rodata.SDO1C13
                0x0000000008006be0       0x28 build/objectlist.o
                0x0000000008006be0                SDO1C13
 .rodata.SDO1C32
                0x0000000008006c08       0x78 build/objectlist.o
                0x0000000008006c08                SDO1C32
 .rodata.SDO1C33
                0x0000000008006c80       0x78 build/objectlist.o
                0x0000000008006c80                SDO1C33
 .rodata.SDO6000
                0x0000000008006cf8       0x14 build/objectlist.o
                0x0000000008006cf8                SDO6000
 .rodata.SDO6060
                0x0000000008006d0c       0x14 build/objectlist.o
                0x0000000008006d0c                SDO6060
 .rodata.SDO6061
                0x0000000008006d20       0x14 build/objectlist.o
                0x0000000008006d20                SDO6061
 .rodata.SDO6502
                0x0000000008006d34       0x14 build/objectlist.o
                0x0000000008006d34                SDO6502
 .rodata.SDO7000
                0x0000000008006d48       0x14 build/objectlist.o
                0x0000000008006d48                SDO7000
 .rodata.SDOobjects
                0x0000000008006d5c      0x140 build/objectlist.o
                0x0000000008006d5c                SDOobjects
 .rodata.acName1000
                0x0000000008006e9c        0xc build/objectlist.o
 .rodata.acName1001
                0x0000000008006ea8        0xf build/objectlist.o
 *fill*         0x0000000008006eb7        0x1 
 .rodata.acName1008
                0x0000000008006eb8        0xc build/objectlist.o
 .rodata.acName1009
                0x0000000008006ec4       0x11 build/objectlist.o
 *fill*         0x0000000008006ed5        0x3 
 .rodata.acName100A
                0x0000000008006ed8       0x11 build/objectlist.o
 *fill*         0x0000000008006ee9        0x3 
 .rodata.acName1018
                0x0000000008006eec       0x10 build/objectlist.o
 .rodata.acName1018_00
                0x0000000008006efc        0xd build/objectlist.o
 *fill*         0x0000000008006f09        0x3 
 .rodata.acName1018_01
                0x0000000008006f0c        0xa build/objectlist.o
 *fill*         0x0000000008006f16        0x2 
 .rodata.acName1018_02
                0x0000000008006f18        0xd build/objectlist.o
 *fill*         0x0000000008006f25        0x3 
 .rodata.acName1018_03
                0x0000000008006f28       0x10 build/objectlist.o
 .rodata.acName1018_04
                0x0000000008006f38        0xe build/objectlist.o
 *fill*         0x0000000008006f46        0x2 
 .rodata.acName10F1
                0x0000000008006f48        0xf build/objectlist.o
 *fill*         0x0000000008006f57        0x1 
 .rodata.acName10F1_00
                0x0000000008006f58        0xd build/objectlist.o
 *fill*         0x0000000008006f65        0x3 
 .rodata.acName10F1_01
                0x0000000008006f68       0x15 build/objectlist.o
 *fill*         0x0000000008006f7d        0x3 
 .rodata.acName10F1_02
                0x0000000008006f80       0x16 build/objectlist.o
 *fill*         0x0000000008006f96        0x2 
 .rodata.acName1600
                0x0000000008006f98        0x5 build/objectlist.o
 *fill*         0x0000000008006f9d        0x3 
 .rodata.acName1600_00
                0x0000000008006fa0        0xd build/objectlist.o
 *fill*         0x0000000008006fad        0x3 
 .rodata.acName1600_01
                0x0000000008006fb0        0x5 build/objectlist.o
 *fill*         0x0000000008006fb5        0x3 
 .rodata.acName1A00
                0x0000000008006fb8        0x5 build/objectlist.o
 *fill*         0x0000000008006fbd        0x3 
 .rodata.acName1A00_00
                0x0000000008006fc0        0xd build/objectlist.o
 *fill*         0x0000000008006fcd        0x3 
 .rodata.acName1A00_01
                0x0000000008006fd0        0x5 build/objectlist.o
 *fill*         0x0000000008006fd5        0x3 
 .rodata.acName1C00
                0x0000000008006fd8       0x20 build/objectlist.o
 .rodata.acName1C00_00
                0x0000000008006ff8        0xd build/objectlist.o
 *fill*         0x0000000008007005        0x3 
 .rodata.acName1C00_01
                0x0000000008007008       0x18 build/objectlist.o
 .rodata.acName1C00_02
                0x0000000008007020       0x18 build/objectlist.o
 .rodata.acName1C00_03
                0x0000000008007038       0x18 build/objectlist.o
 .rodata.acName1C00_04
                0x0000000008007050       0x18 build/objectlist.o
 .rodata.acName1C12
                0x0000000008007068       0x1e build/objectlist.o
 *fill*         0x0000000008007086        0x2 
 .rodata.acName1C12_00
                0x0000000008007088        0xd build/objectlist.o
 *fill*         0x0000000008007095        0x3 
 .rodata.acName1C12_01
                0x0000000008007098        0xc build/objectlist.o
 .rodata.acName1C13
                0x00000000080070a4       0x1e build/objectlist.o
 *fill*         0x00000000080070c2        0x2 
 .rodata.acName1C13_00
                0x00000000080070c4        0xd build/objectlist.o
 *fill*         0x00000000080070d1        0x3 
 .rodata.acName1C13_01
                0x00000000080070d4        0xc build/objectlist.o
 .rodata.acName1C32
                0x00000000080070e0       0x1a build/objectlist.o
 *fill*         0x00000000080070fa        0x2 
 .rodata.acName1C32_00
                0x00000000080070fc        0xd build/objectlist.o
 *fill*         0x0000000008007109        0x3 
 .rodata.acName1C32_01
                0x000000000800710c        0xa build/objectlist.o
 *fill*         0x0000000008007116        0x2 
 .rodata.acName1C32_02
                0x0000000008007118        0xa build/objectlist.o
 *fill*         0x0000000008007122        0x2 
 .rodata.acName1C32_03
                0x0000000008007124        0xa build/objectlist.o
 *fill*         0x000000000800712e        0x2 
 .rodata.acName1C32_04
                0x0000000008007130       0x15 build/objectlist.o
 *fill*         0x0000000008007145        0x3 
 .rodata.acName1C32_05
                0x0000000008007148       0x13 build/objectlist.o
 *fill*         0x000000000800715b        0x1 
 .rodata.acName1C33
                0x000000000800715c       0x1a build/objectlist.o
 *fill*         0x0000000008007176        0x2 
 .rodata.acName1C33_00
                0x0000000008007178        0xd build/objectlist.o
 *fill*         0x0000000008007185        0x3 
 .rodata.acName1C33_01
                0x0000000008007188        0xa build/objectlist.o
 *fill*         0x0000000008007192        0x2 
 .rodata.acName1C33_02
                0x0000000008007194        0xa build/objectlist.o
 *fill*         0x000000000800719e        0x2 
 .rodata.acName1C33_03
                0x00000000080071a0        0xa build/objectlist.o
 *fill*         0x00000000080071aa        0x2 
 .rodata.acName1C33_04
                0x00000000080071ac       0x15 build/objectlist.o
 *fill*         0x00000000080071c1        0x3 
 .rodata.acName1C33_05
                0x00000000080071c4       0x13 build/objectlist.o
 *fill*         0x00000000080071d7        0x1 
 .rodata.acName6000
                0x00000000080071d8        0x5 build/objectlist.o
 *fill*         0x00000000080071dd        0x3 
 .rodata.acName6060
                0x00000000080071e0       0x13 build/objectlist.o
 *fill*         0x00000000080071f3        0x1 
 .rodata.acName6061
                0x00000000080071f4       0x1a build/objectlist.o
 *fill*         0x000000000800720e        0x2 
 .rodata.acName6502
                0x0000000008007210       0x16 build/objectlist.o
 *fill*         0x0000000008007226        0x2 
 .rodata.acName7000
                0x0000000008007228        0x5 build/objectlist.o
 *fill*         0x000000000800722d        0x3 
 .rodata.mb0.3  0x0000000008007230        0x8 build/esc.o
 .rodata.mb1.2  0x0000000008007238        0x8 build/esc.o
 .rodata.mbboot0.1
                0x0000000008007240        0x8 build/esc.o
 .rodata.mbboot1.0
                0x0000000008007248        0x8 build/esc.o
 .rodata.COE_getValue.str1.4
                0x0000000008007250       0x1b build/esc_coe.o
 *fill*         0x000000000800726b        0x1 
 .rodata.COE_pdoPack.str1.4
                0x000000000800726c       0x20 build/esc_coe.o
 .rodata.__func__.0
                0x000000000800728c        0xe build/esc_coe.o
 *fill*         0x000000000800729a        0x2 
 .rodata.__func__.1
                0x000000000800729c        0xd build/esc_coe.o
 *fill*         0x00000000080072a9        0x3 
 .rodata.__func__.2
                0x00000000080072ac        0xc build/esc_coe.o
 .rodata.__assert_func.str1.1
                0x00000000080072b8       0x3c /usr/share/gcc-arm-none-eabi-10.3-2021.10/bin/../lib/gcc/arm-none-eabi/10.3.1/../../../../arm-none-eabi/lib/thumb/v7e-m+fp/hard/libc_nano.a(lib_a-assert.o)
                                         0x3d (size before relaxing)
 .rodata._global_impure_ptr
                0x00000000080072f4        0x4 /usr/share/gcc-arm-none-eabi-10.3-2021.10/bin/../lib/gcc/arm-none-eabi/10.3.1/../../../../arm-none-eabi/lib/thumb/v7e-m+fp/hard/libc_nano.a(lib_a-impure.o)
                0x00000000080072f4                _global_impure_ptr
 .rodata._vfprintf_r.str1.1
                0x00000000080072f8       0x11 /usr/share/gcc-arm-none-eabi-10.3-2021.10/bin/../lib/gcc/arm-none-eabi/10.3.1/../../../../arm-none-eabi/lib/thumb/v7e-m+fp/hard/libc_nano.a(lib_a-nano-vfprintf.o)
 .rodata._printf_i.str1.1
                0x0000000008007309       0x22 /usr/share/gcc-arm-none-eabi-10.3-2021.10/bin/../lib/gcc/arm-none-eabi/10.3.1/../../../../arm-none-eabi/lib/thumb/v7e-m+fp/hard/libc_nano.a(lib_a-nano-vfprintf_i.o)
 *fill*         0x000000000800732b        0x1 
 .rodata.__sf_fake_stderr
                0x000000000800732c       0x20 /usr/share/gcc-arm-none-eabi-10.3-2021.10/bin/../lib/gcc/arm-none-eabi/10.3.1/../../../../arm-none-eabi/lib/thumb/v7e-m+fp/hard/libc_nano.a(lib_a-findfp.o)
                0x000000000800732c                __sf_fake_stderr
 .rodata.__sf_fake_stdin
                0x000000000800734c       0x20 /usr/share/gcc-arm-none-eabi-10.3-2021.10/bin/../lib/gcc/arm-none-eabi/10.3.1/../../../../arm-none-eabi/lib/thumb/v7e-m+fp/hard/libc_nano.a(lib_a-findfp.o)
                0x000000000800734c                __sf_fake_stdin
 .rodata.__sf_fake_stdout
                0x000000000800736c       0x20 /usr/share/gcc-arm-none-eabi-10.3-2021.10/bin/../lib/gcc/arm-none-eabi/10.3.1/../../../../arm-none-eabi/lib/thumb/v7e-m+fp/hard/libc_nano.a(lib_a-findfp.o)
                0x000000000800736c                __sf_fake_stdout
                0x000000000800738c                . = ALIGN (0x4)

.ARM.extab
 *(.ARM.extab* .gnu.linkonce.armextab.*)

.ARM            0x000000000800738c        0x8
                0x000000000800738c                __exidx_start = .
 *(.ARM.exidx*)
 .ARM.exidx     0x000000000800738c        0x8 /usr/share/gcc-arm-none-eabi-10.3-2021.10/bin/../lib/gcc/arm-none-eabi/10.3.1/thumb/v7e-m+fp/hard/libgcc.a(_udivmoddi4.o)
                0x0000000008007394                __exidx_end = .

.rel.dyn        0x0000000008007394        0x0
 .rel.iplt      0x0000000008007394        0x0 /usr/share/gcc-arm-none-eabi-10.3-2021.10/bin/../lib/gcc/arm-none-eabi/10.3.1/thumb/v7e-m+fp/hard/crtbegin.o

.preinit_array  0x0000000008007394        0x0
                0x0000000008007394                PROVIDE (__preinit_array_start = .)
 *(.preinit_array*)
                0x0000000008007394                PROVIDE (__preinit_array_end = .)

.init_array     0x0000000008007394        0x4
                0x0000000008007394                PROVIDE (__init_array_start = .)
 *(SORT_BY_NAME(.init_array.*))
 *(.init_array*)
 .init_array    0x0000000008007394        0x4 /usr/share/gcc-arm-none-eabi-10.3-2021.10/bin/../lib/gcc/arm-none-eabi/10.3.1/thumb/v7e-m+fp/hard/crtbegin.o
                0x0000000008007398                PROVIDE (__init_array_end = .)

.fini_array     0x0000000008007398        0x4
                [!provide]                        PROVIDE (__fini_array_start = .)
 *(SORT_BY_NAME(.fini_array.*))
 *(.fini_array*)
 .fini_array    0x0000000008007398        0x4 /usr/share/gcc-arm-none-eabi-10.3-2021.10/bin/../lib/gcc/arm-none-eabi/10.3.1/thumb/v7e-m+fp/hard/crtbegin.o
                [!provide]                        PROVIDE (__fini_array_end = .)
                0x000000000800739c                _sidata = LOADADDR (.data)

.data           0x0000000020000000       0xd4 load address 0x000000000800739c
                0x0000000020000000                . = ALIGN (0x4)
                0x0000000020000000                _sdata = .
 *(.data)
 *(.data*)
 .data.config   0x0000000020000000       0x50 build/ecatapp.o
 .data.pdo_coe_rxbuf
                0x0000000020000050        0x4 build/pdo_override.o
                0x0000000020000050                pdo_coe_rxbuf
 .data.pdo_coe_txbuf
                0x0000000020000054        0x4 build/pdo_override.o
                0x0000000020000054                pdo_coe_txbuf
 .data.pdo_spi_rxbuf
                0x0000000020000058        0x4 build/pdo_override.o
                0x0000000020000058                pdo_spi_rxbuf
 .data.pdo_spi_txbuf
                0x000000002000005c        0x4 build/pdo_override.o
                0x000000002000005c                pdo_spi_txbuf
 .data.SystemCoreClock
                0x0000000020000060        0x4 build/system_stm32f4xx.o
                0x0000000020000060                SystemCoreClock
 .data.uwTickFreq
                0x0000000020000064        0x1 build/stm32f4xx_hal.o
                0x0000000020000064                uwTickFreq
 *fill*         0x0000000020000065        0x3 
 .data.uwTickPrio
                0x0000000020000068        0x4 build/stm32f4xx_hal.o
                0x0000000020000068                uwTickPrio
 .data.et1100   0x000000002000006c        0x4 build/esc_hw.o
 .data._impure_ptr
                0x0000000020000070        0x4 /usr/share/gcc-arm-none-eabi-10.3-2021.10/bin/../lib/gcc/arm-none-eabi/10.3.1/../../../../arm-none-eabi/lib/thumb/v7e-m+fp/hard/libc_nano.a(lib_a-impure.o)
                0x0000000020000070                _impure_ptr
 .data.impure_data
                0x0000000020000074       0x60 /usr/share/gcc-arm-none-eabi-10.3-2021.10/bin/../lib/gcc/arm-none-eabi/10.3.1/../../../../arm-none-eabi/lib/thumb/v7e-m+fp/hard/libc_nano.a(lib_a-impure.o)
                0x00000000200000d4                . = ALIGN (0x4)
                0x00000000200000d4                _edata = .
                0x0000000008007470                _siccmram = LOADADDR (.ccmram)

.igot.plt       0x00000000200000d4        0x0 load address 0x0000000008007470
 .igot.plt      0x00000000200000d4        0x0 /usr/share/gcc-arm-none-eabi-10.3-2021.10/bin/../lib/gcc/arm-none-eabi/10.3.1/thumb/v7e-m+fp/hard/crtbegin.o

.ccmram         0x0000000010000000        0x0 load address 0x0000000008007470
                0x0000000010000000                . = ALIGN (0x4)
                0x0000000010000000                _sccmram = .
 *(.ccmram)
 *(.ccmram*)
                0x0000000010000000                . = ALIGN (0x4)
                0x0000000010000000                _eccmram = .
                0x0000000010000000                . = ALIGN (0x4)

.bss            0x00000000200000d8     0x13e0
                0x00000000200000d8                _sbss = .
                0x00000000200000d8                __bss_start__ = _sbss
 *(.bss)
 .bss           0x00000000200000d8       0x1c /usr/share/gcc-arm-none-eabi-10.3-2021.10/bin/../lib/gcc/arm-none-eabi/10.3.1/thumb/v7e-m+fp/hard/crtbegin.o
 *(.bss*)
 .bss.Obj       0x00000000200000f4       0x40 build/ecatapp.o
                0x00000000200000f4                Obj
 .bss.pdi_irq_flag
                0x0000000020000134        0x1 build/ecatapp.o
 .bss.sync0_irq_flag
                0x0000000020000135        0x1 build/ecatapp.o
 *fill*         0x0000000020000136        0x2 
 .bss.hcan1     0x0000000020000138       0x28 build/main.o
                0x0000000020000138                hcan1
 .bss.hcan2     0x0000000020000160       0x28 build/main.o
                0x0000000020000160                hcan2
 .bss.hdma_spi2_rx
                0x0000000020000188       0x60 build/main.o
                0x0000000020000188                hdma_spi2_rx
 .bss.hdma_spi2_tx
                0x00000000200001e8       0x60 build/main.o
                0x00000000200001e8                hdma_spi2_tx
 .bss.hspi2     0x0000000020000248       0x58 build/main.o
                0x0000000020000248                hspi2
 .bss.pdi_dma_transmission
                0x00000000200002a0        0x1 build/pdo_override.o
                0x00000000200002a0                pdi_dma_transmission
 *fill*         0x00000000200002a1        0x7 
 .bss.pdo_rxbuf
                0x00000000200002a8        0x9 build/pdo_override.o
                0x00000000200002a8                pdo_rxbuf
 *fill*         0x00000000200002b1        0x7 
 .bss.pdo_txbuf
                0x00000000200002b8        0xa build/pdo_override.o
                0x00000000200002b8                pdo_txbuf
 *fill*         0x00000000200002c2        0x2 
 .bss.HAL_RCC_CAN1_CLK_ENABLED
                0x00000000200002c4        0x4 build/stm32f4xx_hal_msp.o
 .bss.htim6     0x00000000200002c8       0x48 build/stm32f4xx_hal_timebase_tim.o
                0x00000000200002c8                htim6
 .bss.pdi_irq_flag
                0x0000000020000310        0x1 build/stm32f4xx_it.o
 .bss.sync0_irq_flag
                0x0000000020000311        0x1 build/stm32f4xx_it.o
 *fill*         0x0000000020000312        0x2 
 .bss.uwTick    0x0000000020000314        0x4 build/stm32f4xx_hal.o
                0x0000000020000314                uwTick
 .bss.read_termination
                0x0000000020000318       0x80 build/esc_hw.o
 .bss.ESCvar    0x0000000020000398      0x6ec build/ecat_slv.o
                0x0000000020000398                ESCvar
 .bss.MBX       0x0000000020000a84      0x600 build/ecat_slv.o
                0x0000000020000a84                MBX
 .bss.MBXcontrol
                0x0000000020001084        0x3 build/ecat_slv.o
                0x0000000020001084                MBXcontrol
 *fill*         0x0000000020001087        0x1 
 .bss.SMmap2    0x0000000020001088        0xc build/ecat_slv.o
                0x0000000020001088                SMmap2
 .bss.SMmap3    0x0000000020001094        0xc build/ecat_slv.o
                0x0000000020001094                SMmap3
 .bss.rxpdo     0x00000000200010a0      0x200 build/ecat_slv.o
 .bss.txpdo     0x00000000200012a0      0x200 build/ecat_slv.o
 .bss.watchdog  0x00000000200014a0        0x4 build/ecat_slv.o
 .bss.__lock___malloc_recursive_mutex
                0x00000000200014a4        0x1 /usr/share/gcc-arm-none-eabi-10.3-2021.10/bin/../lib/gcc/arm-none-eabi/10.3.1/../../../../arm-none-eabi/lib/thumb/v7e-m+fp/hard/libc_nano.a(lib_a-lock.o)
                0x00000000200014a4                __lock___malloc_recursive_mutex
 .bss.__lock___sfp_recursive_mutex
                0x00000000200014a5        0x1 /usr/share/gcc-arm-none-eabi-10.3-2021.10/bin/../lib/gcc/arm-none-eabi/10.3.1/../../../../arm-none-eabi/lib/thumb/v7e-m+fp/hard/libc_nano.a(lib_a-lock.o)
                0x00000000200014a5                __lock___sfp_recursive_mutex
 .bss.__lock___sinit_recursive_mutex
                0x00000000200014a6        0x1 /usr/share/gcc-arm-none-eabi-10.3-2021.10/bin/../lib/gcc/arm-none-eabi/10.3.1/../../../../arm-none-eabi/lib/thumb/v7e-m+fp/hard/libc_nano.a(lib_a-lock.o)
                0x00000000200014a6                __lock___sinit_recursive_mutex
 *fill*         0x00000000200014a7        0x1 
 .bss.__malloc_free_list
                0x00000000200014a8        0x4 /usr/share/gcc-arm-none-eabi-10.3-2021.10/bin/../lib/gcc/arm-none-eabi/10.3.1/../../../../arm-none-eabi/lib/thumb/v7e-m+fp/hard/libc_nano.a(lib_a-nano-mallocr.o)
                0x00000000200014a8                __malloc_free_list
 .bss.__malloc_sbrk_start
                0x00000000200014ac        0x4 /usr/share/gcc-arm-none-eabi-10.3-2021.10/bin/../lib/gcc/arm-none-eabi/10.3.1/../../../../arm-none-eabi/lib/thumb/v7e-m+fp/hard/libc_nano.a(lib_a-nano-mallocr.o)
                0x00000000200014ac                __malloc_sbrk_start
 .bss.errno     0x00000000200014b0        0x4 /usr/share/gcc-arm-none-eabi-10.3-2021.10/bin/../lib/gcc/arm-none-eabi/10.3.1/../../../../arm-none-eabi/lib/thumb/v7e-m+fp/hard/libc_nano.a(lib_a-reent.o)
                0x00000000200014b0                errno
 .bss.heap_end.0
                0x00000000200014b4        0x4 /usr/share/gcc-arm-none-eabi-10.3-2021.10/bin/../lib/gcc/arm-none-eabi/10.3.1/../../../../arm-none-eabi/lib/thumb/v7e-m+fp/hard/libnosys.a(sbrk.o)
 *(COMMON)
                0x00000000200014b8                . = ALIGN (0x4)
                0x00000000200014b8                _ebss = .
                0x00000000200014b8                __bss_end__ = _ebss

._user_heap_stack
                0x00000000200014b8      0x600
                0x00000000200014b8                . = ALIGN (0x8)
                0x00000000200014b8                PROVIDE (end = .)
                [!provide]                        PROVIDE (_end = .)
                0x00000000200016b8                . = (. + _Min_Heap_Size)
 *fill*         0x00000000200014b8      0x200 
                0x0000000020001ab8                . = (. + _Min_Stack_Size)
 *fill*         0x00000000200016b8      0x400 
                0x0000000020001ab8                . = ALIGN (0x8)

/DISCARD/
 libc.a(*)
 libm.a(*)
 libgcc.a(*)

.ARM.attributes
                0x0000000000000000       0x30
 *(.ARM.attributes)
 .ARM.attributes
                0x0000000000000000       0x1e /usr/share/gcc-arm-none-eabi-10.3-2021.10/bin/../lib/gcc/arm-none-eabi/10.3.1/thumb/v7e-m+fp/hard/crti.o
 .ARM.attributes
                0x000000000000001e       0x34 /usr/share/gcc-arm-none-eabi-10.3-2021.10/bin/../lib/gcc/arm-none-eabi/10.3.1/thumb/v7e-m+fp/hard/crtbegin.o
 .ARM.attributes
                0x0000000000000052       0x34 build/ecatapp.o
 .ARM.attributes
                0x0000000000000086       0x34 build/main.o
 .ARM.attributes
                0x00000000000000ba       0x34 build/pdo_override.o
 .ARM.attributes
                0x00000000000000ee       0x34 build/stm32f4xx_hal_msp.o
 .ARM.attributes
                0x0000000000000122       0x34 build/stm32f4xx_hal_timebase_tim.o
 .ARM.attributes
                0x0000000000000156       0x34 build/stm32f4xx_it.o
 .ARM.attributes
                0x000000000000018a       0x34 build/system_stm32f4xx.o
 .ARM.attributes
                0x00000000000001be       0x34 build/stm32f4xx_hal.o
 .ARM.attributes
                0x00000000000001f2       0x34 build/stm32f4xx_hal_can.o
 .ARM.attributes
                0x0000000000000226       0x34 build/stm32f4xx_hal_cortex.o
 .ARM.attributes
                0x000000000000025a       0x34 build/stm32f4xx_hal_dma.o
 .ARM.attributes
                0x000000000000028e       0x34 build/stm32f4xx_hal_gpio.o
 .ARM.attributes
                0x00000000000002c2       0x34 build/stm32f4xx_hal_rcc.o
 .ARM.attributes
                0x00000000000002f6       0x34 build/stm32f4xx_hal_spi.o
 .ARM.attributes
                0x000000000000032a       0x34 build/stm32f4xx_hal_tim.o
 .ARM.attributes
                0x000000000000035e       0x34 build/stm32f4xx_hal_tim_ex.o
 .ARM.attributes
                0x0000000000000392       0x34 build/objectlist.o
 .ARM.attributes
                0x00000000000003c6       0x34 build/esc_hw.o
 .ARM.attributes
                0x00000000000003fa       0x34 build/ecat_slv.o
 .ARM.attributes
                0x000000000000042e       0x34 build/esc.o
 .ARM.attributes
                0x0000000000000462       0x34 build/esc_coe.o
 .ARM.attributes
                0x0000000000000496       0x34 build/esc_irq.o
 .ARM.attributes
                0x00000000000004ca       0x34 build/rst.o
 .ARM.attributes
                0x00000000000004fe       0x34 build/spi.o
 .ARM.attributes
                0x0000000000000532       0x21 build/startup_stm32f405xx.o
 .ARM.attributes
                0x0000000000000553       0x34 /usr/share/gcc-arm-none-eabi-10.3-2021.10/bin/../lib/gcc/arm-none-eabi/10.3.1/../../../../arm-none-eabi/lib/thumb/v7e-m+fp/hard/libc_nano.a(lib_a-assert.o)
 .ARM.attributes
                0x0000000000000587       0x34 /usr/share/gcc-arm-none-eabi-10.3-2021.10/bin/../lib/gcc/arm-none-eabi/10.3.1/../../../../arm-none-eabi/lib/thumb/v7e-m+fp/hard/libc_nano.a(lib_a-fprintf.o)
 .ARM.attributes
                0x00000000000005bb       0x34 /usr/share/gcc-arm-none-eabi-10.3-2021.10/bin/../lib/gcc/arm-none-eabi/10.3.1/../../../../arm-none-eabi/lib/thumb/v7e-m+fp/hard/libc_nano.a(lib_a-impure.o)
 .ARM.attributes
                0x00000000000005ef       0x34 /usr/share/gcc-arm-none-eabi-10.3-2021.10/bin/../lib/gcc/arm-none-eabi/10.3.1/../../../../arm-none-eabi/lib/thumb/v7e-m+fp/hard/libc_nano.a(lib_a-init.o)
 .ARM.attributes
                0x0000000000000623       0x34 /usr/share/gcc-arm-none-eabi-10.3-2021.10/bin/../lib/gcc/arm-none-eabi/10.3.1/../../../../arm-none-eabi/lib/thumb/v7e-m+fp/hard/libc_nano.a(lib_a-memcpy-stub.o)
 .ARM.attributes
                0x0000000000000657       0x34 /usr/share/gcc-arm-none-eabi-10.3-2021.10/bin/../lib/gcc/arm-none-eabi/10.3.1/../../../../arm-none-eabi/lib/thumb/v7e-m+fp/hard/libc_nano.a(lib_a-memset.o)
 .ARM.attributes
                0x000000000000068b       0x34 /usr/share/gcc-arm-none-eabi-10.3-2021.10/bin/../lib/gcc/arm-none-eabi/10.3.1/../../../../arm-none-eabi/lib/thumb/v7e-m+fp/hard/libc_nano.a(lib_a-nano-vfprintf.o)
 .ARM.attributes
                0x00000000000006bf       0x34 /usr/share/gcc-arm-none-eabi-10.3-2021.10/bin/../lib/gcc/arm-none-eabi/10.3.1/../../../../arm-none-eabi/lib/thumb/v7e-m+fp/hard/libc_nano.a(lib_a-nano-vfprintf_i.o)
 .ARM.attributes
                0x00000000000006f3       0x34 /usr/share/gcc-arm-none-eabi-10.3-2021.10/bin/../lib/gcc/arm-none-eabi/10.3.1/../../../../arm-none-eabi/lib/thumb/v7e-m+fp/hard/libc_nano.a(lib_a-wbuf.o)
 .ARM.attributes
                0x0000000000000727       0x34 /usr/share/gcc-arm-none-eabi-10.3-2021.10/bin/../lib/gcc/arm-none-eabi/10.3.1/../../../../arm-none-eabi/lib/thumb/v7e-m+fp/hard/libc_nano.a(lib_a-wsetup.o)
 .ARM.attributes
                0x000000000000075b       0x34 /usr/share/gcc-arm-none-eabi-10.3-2021.10/bin/../lib/gcc/arm-none-eabi/10.3.1/../../../../arm-none-eabi/lib/thumb/v7e-m+fp/hard/libc_nano.a(lib_a-abort.o)
 .ARM.attributes
                0x000000000000078f       0x34 /usr/share/gcc-arm-none-eabi-10.3-2021.10/bin/../lib/gcc/arm-none-eabi/10.3.1/../../../../arm-none-eabi/lib/thumb/v7e-m+fp/hard/libc_nano.a(lib_a-fflush.o)
 .ARM.attributes
                0x00000000000007c3       0x34 /usr/share/gcc-arm-none-eabi-10.3-2021.10/bin/../lib/gcc/arm-none-eabi/10.3.1/../../../../arm-none-eabi/lib/thumb/v7e-m+fp/hard/libc_nano.a(lib_a-findfp.o)
 .ARM.attributes
                0x00000000000007f7       0x34 /usr/share/gcc-arm-none-eabi-10.3-2021.10/bin/../lib/gcc/arm-none-eabi/10.3.1/../../../../arm-none-eabi/lib/thumb/v7e-m+fp/hard/libc_nano.a(lib_a-fwalk.o)
 .ARM.attributes
                0x000000000000082b       0x34 /usr/share/gcc-arm-none-eabi-10.3-2021.10/bin/../lib/gcc/arm-none-eabi/10.3.1/../../../../arm-none-eabi/lib/thumb/v7e-m+fp/hard/libc_nano.a(lib_a-lock.o)
 .ARM.attributes
                0x000000000000085f       0x34 /usr/share/gcc-arm-none-eabi-10.3-2021.10/bin/../lib/gcc/arm-none-eabi/10.3.1/../../../../arm-none-eabi/lib/thumb/v7e-m+fp/hard/libc_nano.a(lib_a-makebuf.o)
 .ARM.attributes
                0x0000000000000893       0x1c /usr/share/gcc-arm-none-eabi-10.3-2021.10/bin/../lib/gcc/arm-none-eabi/10.3.1/../../../../arm-none-eabi/lib/thumb/v7e-m+fp/hard/libc_nano.a(lib_a-memchr.o)
 .ARM.attributes
                0x00000000000008af       0x34 /usr/share/gcc-arm-none-eabi-10.3-2021.10/bin/../lib/gcc/arm-none-eabi/10.3.1/../../../../arm-none-eabi/lib/thumb/v7e-m+fp/hard/libc_nano.a(lib_a-nano-freer.o)
 .ARM.attributes
                0x00000000000008e3       0x34 /usr/share/gcc-arm-none-eabi-10.3-2021.10/bin/../lib/gcc/arm-none-eabi/10.3.1/../../../../arm-none-eabi/lib/thumb/v7e-m+fp/hard/libc_nano.a(lib_a-nano-mallocr.o)
 .ARM.attributes
                0x0000000000000917       0x34 /usr/share/gcc-arm-none-eabi-10.3-2021.10/bin/../lib/gcc/arm-none-eabi/10.3.1/../../../../arm-none-eabi/lib/thumb/v7e-m+fp/hard/libc_nano.a(lib_a-sbrkr.o)
 .ARM.attributes
                0x000000000000094b       0x34 /usr/share/gcc-arm-none-eabi-10.3-2021.10/bin/../lib/gcc/arm-none-eabi/10.3.1/../../../../arm-none-eabi/lib/thumb/v7e-m+fp/hard/libc_nano.a(lib_a-signal.o)
 .ARM.attributes
                0x000000000000097f       0x34 /usr/share/gcc-arm-none-eabi-10.3-2021.10/bin/../lib/gcc/arm-none-eabi/10.3.1/../../../../arm-none-eabi/lib/thumb/v7e-m+fp/hard/libc_nano.a(lib_a-signalr.o)
 .ARM.attributes
                0x00000000000009b3       0x34 /usr/share/gcc-arm-none-eabi-10.3-2021.10/bin/../lib/gcc/arm-none-eabi/10.3.1/../../../../arm-none-eabi/lib/thumb/v7e-m+fp/hard/libc_nano.a(lib_a-stdio.o)
 .ARM.attributes
                0x00000000000009e7       0x34 /usr/share/gcc-arm-none-eabi-10.3-2021.10/bin/../lib/gcc/arm-none-eabi/10.3.1/../../../../arm-none-eabi/lib/thumb/v7e-m+fp/hard/libc_nano.a(lib_a-writer.o)
 .ARM.attributes
                0x0000000000000a1b       0x34 /usr/share/gcc-arm-none-eabi-10.3-2021.10/bin/../lib/gcc/arm-none-eabi/10.3.1/../../../../arm-none-eabi/lib/thumb/v7e-m+fp/hard/libc_nano.a(lib_a-closer.o)
 .ARM.attributes
                0x0000000000000a4f       0x34 /usr/share/gcc-arm-none-eabi-10.3-2021.10/bin/../lib/gcc/arm-none-eabi/10.3.1/../../../../arm-none-eabi/lib/thumb/v7e-m+fp/hard/libc_nano.a(lib_a-fstatr.o)
 .ARM.attributes
                0x0000000000000a83       0x34 /usr/share/gcc-arm-none-eabi-10.3-2021.10/bin/../lib/gcc/arm-none-eabi/10.3.1/../../../../arm-none-eabi/lib/thumb/v7e-m+fp/hard/libc_nano.a(lib_a-isattyr.o)
 .ARM.attributes
                0x0000000000000ab7       0x34 /usr/share/gcc-arm-none-eabi-10.3-2021.10/bin/../lib/gcc/arm-none-eabi/10.3.1/../../../../arm-none-eabi/lib/thumb/v7e-m+fp/hard/libc_nano.a(lib_a-lseekr.o)
 .ARM.attributes
                0x0000000000000aeb       0x34 /usr/share/gcc-arm-none-eabi-10.3-2021.10/bin/../lib/gcc/arm-none-eabi/10.3.1/../../../../arm-none-eabi/lib/thumb/v7e-m+fp/hard/libc_nano.a(lib_a-mlock.o)
 .ARM.attributes
                0x0000000000000b1f       0x34 /usr/share/gcc-arm-none-eabi-10.3-2021.10/bin/../lib/gcc/arm-none-eabi/10.3.1/../../../../arm-none-eabi/lib/thumb/v7e-m+fp/hard/libc_nano.a(lib_a-readr.o)
 .ARM.attributes
                0x0000000000000b53       0x34 /usr/share/gcc-arm-none-eabi-10.3-2021.10/bin/../lib/gcc/arm-none-eabi/10.3.1/../../../../arm-none-eabi/lib/thumb/v7e-m+fp/hard/libc_nano.a(lib_a-reent.o)
 .ARM.attributes
                0x0000000000000b87       0x34 /usr/share/gcc-arm-none-eabi-10.3-2021.10/bin/../lib/gcc/arm-none-eabi/10.3.1/../../../../arm-none-eabi/lib/thumb/v7e-m+fp/hard/libnosys.a(close.o)
 .ARM.attributes
                0x0000000000000bbb       0x34 /usr/share/gcc-arm-none-eabi-10.3-2021.10/bin/../lib/gcc/arm-none-eabi/10.3.1/../../../../arm-none-eabi/lib/thumb/v7e-m+fp/hard/libnosys.a(fstat.o)
 .ARM.attributes
                0x0000000000000bef       0x34 /usr/share/gcc-arm-none-eabi-10.3-2021.10/bin/../lib/gcc/arm-none-eabi/10.3.1/../../../../arm-none-eabi/lib/thumb/v7e-m+fp/hard/libnosys.a(getpid.o)
 .ARM.attributes
                0x0000000000000c23       0x34 /usr/share/gcc-arm-none-eabi-10.3-2021.10/bin/../lib/gcc/arm-none-eabi/10.3.1/../../../../arm-none-eabi/lib/thumb/v7e-m+fp/hard/libnosys.a(isatty.o)
 .ARM.attributes
                0x0000000000000c57       0x34 /usr/share/gcc-arm-none-eabi-10.3-2021.10/bin/../lib/gcc/arm-none-eabi/10.3.1/../../../../arm-none-eabi/lib/thumb/v7e-m+fp/hard/libnosys.a(kill.o)
 .ARM.attributes
                0x0000000000000c8b       0x34 /usr/share/gcc-arm-none-eabi-10.3-2021.10/bin/../lib/gcc/arm-none-eabi/10.3.1/../../../../arm-none-eabi/lib/thumb/v7e-m+fp/hard/libnosys.a(lseek.o)
 .ARM.attributes
                0x0000000000000cbf       0x34 /usr/share/gcc-arm-none-eabi-10.3-2021.10/bin/../lib/gcc/arm-none-eabi/10.3.1/../../../../arm-none-eabi/lib/thumb/v7e-m+fp/hard/libnosys.a(read.o)
 .ARM.attributes
                0x0000000000000cf3       0x34 /usr/share/gcc-arm-none-eabi-10.3-2021.10/bin/../lib/gcc/arm-none-eabi/10.3.1/../../../../arm-none-eabi/lib/thumb/v7e-m+fp/hard/libnosys.a(sbrk.o)
 .ARM.attributes
                0x0000000000000d27       0x34 /usr/share/gcc-arm-none-eabi-10.3-2021.10/bin/../lib/gcc/arm-none-eabi/10.3.1/../../../../arm-none-eabi/lib/thumb/v7e-m+fp/hard/libnosys.a(write.o)
 .ARM.attributes
                0x0000000000000d5b       0x34 /usr/share/gcc-arm-none-eabi-10.3-2021.10/bin/../lib/gcc/arm-none-eabi/10.3.1/../../../../arm-none-eabi/lib/thumb/v7e-m+fp/hard/libnosys.a(_exit.o)
 .ARM.attributes
                0x0000000000000d8f       0x1e /usr/share/gcc-arm-none-eabi-10.3-2021.10/bin/../lib/gcc/arm-none-eabi/10.3.1/thumb/v7e-m+fp/hard/libgcc.a(_aeabi_uldivmod.o)
 .ARM.attributes
                0x0000000000000dad       0x34 /usr/share/gcc-arm-none-eabi-10.3-2021.10/bin/../lib/gcc/arm-none-eabi/10.3.1/thumb/v7e-m+fp/hard/libgcc.a(_udivmoddi4.o)
 .ARM.attributes
                0x0000000000000de1       0x1e /usr/share/gcc-arm-none-eabi-10.3-2021.10/bin/../lib/gcc/arm-none-eabi/10.3.1/thumb/v7e-m+fp/hard/libgcc.a(_dvmd_tls.o)
 .ARM.attributes
                0x0000000000000dff       0x1e /usr/share/gcc-arm-none-eabi-10.3-2021.10/bin/../lib/gcc/arm-none-eabi/10.3.1/thumb/v7e-m+fp/hard/crtn.o
OUTPUT(build/stm32F4_ax58100.elf elf32-littlearm)
LOAD linker stubs
LOAD /usr/share/gcc-arm-none-eabi-10.3-2021.10/bin/../lib/gcc/arm-none-eabi/10.3.1/../../../../arm-none-eabi/lib/thumb/v7e-m+fp/hard/libc.a
LOAD /usr/share/gcc-arm-none-eabi-10.3-2021.10/bin/../lib/gcc/arm-none-eabi/10.3.1/../../../../arm-none-eabi/lib/thumb/v7e-m+fp/hard/libm.a
LOAD /usr/share/gcc-arm-none-eabi-10.3-2021.10/bin/../lib/gcc/arm-none-eabi/10.3.1/thumb/v7e-m+fp/hard/libgcc.a

.debug_info     0x0000000000000000    0x1b175
 .debug_info    0x0000000000000000      0xc13 build/ecatapp.o
 .debug_info    0x0000000000000c13     0x18dd build/main.o
 .debug_info    0x00000000000024f0     0x112a build/pdo_override.o
 .debug_info    0x000000000000361a     0x1305 build/stm32f4xx_hal_msp.o
 .debug_info    0x000000000000491f      0xc8c build/stm32f4xx_hal_timebase_tim.o
 .debug_info    0x00000000000055ab      0xc8f build/stm32f4xx_it.o
 .debug_info    0x000000000000623a      0x538 build/system_stm32f4xx.o
 .debug_info    0x0000000000006772      0x9de build/stm32f4xx_hal.o
 .debug_info    0x0000000000007150     0x1266 build/stm32f4xx_hal_can.o
 .debug_info    0x00000000000083b6     0x1086 build/stm32f4xx_hal_cortex.o
 .debug_info    0x000000000000943c      0xb3f build/stm32f4xx_hal_dma.o
 .debug_info    0x0000000000009f7b      0x7b0 build/stm32f4xx_hal_gpio.o
 .debug_info    0x000000000000a72b      0xb03 build/stm32f4xx_hal_rcc.o
 .debug_info    0x000000000000b22e     0x2156 build/stm32f4xx_hal_spi.o
 .debug_info    0x000000000000d384     0x3d5b build/stm32f4xx_hal_tim.o
 .debug_info    0x00000000000110df     0x1ade build/stm32f4xx_hal_tim_ex.o
 .debug_info    0x0000000000012bbd      0xa07 build/objectlist.o
 .debug_info    0x00000000000135c4      0xe33 build/esc_hw.o
 .debug_info    0x00000000000143f7     0x119b build/ecat_slv.o