Archive member included to satisfy reference by file (symbol)

/usr/share/gcc-arm-none-eabi-10.3-2021.10/bin/../lib/gcc/arm-none-eabi/10.3.1/../../../../arm-none-eabi/lib/thumb/v7e-m+fp/hard/libc_nano.a(lib_a-assert.o)
                              build/esc_coe.o (__assert_func)
/usr/share/gcc-arm-none-eabi-10.3-2021.10/bin/../lib/gcc/arm-none-eabi/10.3.1/../../../../arm-none-eabi/lib/thumb/v7e-m+fp/hard/libc_nano.a(lib_a-exit.o)
                              /usr/share/gcc-arm-none-eabi-10.3-2021.10/bin/../lib/gcc/arm-none-eabi/10.3.1/../../../../arm-none-eabi/lib/thumb/v7e-m+fp/hard/crt0.o (exit)
/usr/share/gcc-arm-none-eabi-10.3-2021.10/bin/../lib/gcc/arm-none-eabi/10.3.1/../../../../arm-none-eabi/lib/thumb/v7e-m+fp/hard/libc_nano.a(lib_a-fprintf.o)
                              /usr/share/gcc-arm-none-eabi-10.3-2021.10/bin/../lib/gcc/arm-none-eabi/10.3.1/../../../../arm-none-eabi/lib/thumb/v7e-m+fp/hard/libc_nano.a(lib_a-assert.o) (fiprintf)
/usr/share/gcc-arm-none-eabi-10.3-2021.10/bin/../lib/gcc/arm-none-eabi/10.3.1/../../../../arm-none-eabi/lib/thumb/v7e-m+fp/hard/libc_nano.a(lib_a-impure.o)
                              /usr/share/gcc-arm-none-eabi-10.3-2021.10/bin/../lib/gcc/arm-none-eabi/10.3.1/../../../../arm-none-eabi/lib/thumb/v7e-m+fp/hard/libc_nano.a(lib_a-exit.o) (_global_impure_ptr)
/usr/share/gcc-arm-none-eabi-10.3-2021.10/bin/../lib/gcc/arm-none-eabi/10.3.1/../../../../arm-none-eabi/lib/thumb/v7e-m+fp/hard/libc_nano.a(lib_a-init.o)
                              /usr/share/gcc-arm-none-eabi-10.3-2021.10/bin/../lib/gcc/arm-none-eabi/10.3.1/../../../../arm-none-eabi/lib/thumb/v7e-m+fp/hard/crt0.o (__libc_init_array)
/usr/share/gcc-arm-none-eabi-10.3-2021.10/bin/../lib/gcc/arm-none-eabi/10.3.1/../../../../arm-none-eabi/lib/thumb/v7e-m+fp/hard/libc_nano.a(lib_a-memcpy-stub.o)
                              build/esc_coe.o (memcpy)
/usr/share/gcc-arm-none-eabi-10.3-2021.10/bin/../lib/gcc/arm-none-eabi/10.3.1/../../../../arm-none-eabi/lib/thumb/v7e-m+fp/hard/libc_nano.a(lib_a-memset.o)
                              /usr/share/gcc-arm-none-eabi-10.3-2021.10/bin/../lib/gcc/arm-none-eabi/10.3.1/../../../../arm-none-eabi/lib/thumb/v7e-m+fp/hard/crt0.o (memset)
/usr/share/gcc-arm-none-eabi-10.3-2021.10/bin/../lib/gcc/arm-none-eabi/10.3.1/../../../../arm-none-eabi/lib/thumb/v7e-m+fp/hard/libc_nano.a(lib_a-nano-vfprintf.o)
                              /usr/share/gcc-arm-none-eabi-10.3-2021.10/bin/../lib/gcc/arm-none-eabi/10.3.1/../../../../arm-none-eabi/lib/thumb/v7e-m+fp/hard/libc_nano.a(lib_a-fprintf.o) (_vfprintf_r)
/usr/share/gcc-arm-none-eabi-10.3-2021.10/bin/../lib/gcc/arm-none-eabi/10.3.1/../../../../arm-none-eabi/lib/thumb/v7e-m+fp/hard/libc_nano.a(lib_a-nano-vfprintf_i.o)
                              /usr/share/gcc-arm-none-eabi-10.3-2021.10/bin/../lib/gcc/arm-none-eabi/10.3.1/../../../../arm-none-eabi/lib/thumb/v7e-m+fp/hard/libc_nano.a(lib_a-nano-vfprintf.o) (_printf_i)
/usr/share/gcc-arm-none-eabi-10.3-2021.10/bin/../lib/gcc/arm-none-eabi/10.3.1/../../../../arm-none-eabi/lib/thumb/v7e-m+fp/hard/libc_nano.a(lib_a-strncmp.o)
                              build/esc_foe.o (strncmp)
/usr/share/gcc-arm-none-eabi-10.3-2021.10/bin/../lib/gcc/arm-none-eabi/10.3.1/../../../../arm-none-eabi/lib/thumb/v7e-m+fp/hard/libc_nano.a(lib_a-wbuf.o)
                              /usr/share/gcc-arm-none-eabi-10.3-2021.10/bin/../lib/gcc/arm-none-eabi/10.3.1/../../../../arm-none-eabi/lib/thumb/v7e-m+fp/hard/libc_nano.a(lib_a-nano-vfprintf.o) (__swbuf_r)
/usr/share/gcc-arm-none-eabi-10.3-2021.10/bin/../lib/gcc/arm-none-eabi/10.3.1/../../../../arm-none-eabi/lib/thumb/v7e-m+fp/hard/libc_nano.a(lib_a-wsetup.o)
                              /usr/share/gcc-arm-none-eabi-10.3-2021.10/bin/../lib/gcc/arm-none-eabi/10.3.1/../../../../arm-none-eabi/lib/thumb/v7e-m+fp/hard/libc_nano.a(lib_a-nano-vfprintf.o) (__swsetup_r)
/usr/share/gcc-arm-none-eabi-10.3-2021.10/bin/../lib/gcc/arm-none-eabi/10.3.1/../../../../arm-none-eabi/lib/thumb/v7e-m+fp/hard/libc_nano.a(lib_a-abort.o)
                              /usr/share/gcc-arm-none-eabi-10.3-2021.10/bin/../lib/gcc/arm-none-eabi/10.3.1/../../../../arm-none-eabi/lib/thumb/v7e-m+fp/hard/libc_nano.a(lib_a-assert.o) (abort)
/usr/share/gcc-arm-none-eabi-10.3-2021.10/bin/../lib/gcc/arm-none-eabi/10.3.1/../../../../arm-none-eabi/lib/thumb/v7e-m+fp/hard/libc_nano.a(lib_a-fflush.o)
                              /usr/share/gcc-arm-none-eabi-10.3-2021.10/bin/../lib/gcc/arm-none-eabi/10.3.1/../../../../arm-none-eabi/lib/thumb/v7e-m+fp/hard/libc_nano.a(lib_a-wbuf.o) (_fflush_r)
/usr/share/gcc-arm-none-eabi-10.3-2021.10/bin/../lib/gcc/arm-none-eabi/10.3.1/../../../../arm-none-eabi/lib/thumb/v7e-m+fp/hard/libc_nano.a(lib_a-findfp.o)
                              /usr/share/gcc-arm-none-eabi-10.3-2021.10/bin/../lib/gcc/arm-none-eabi/10.3.1/../../../../arm-none-eabi/lib/thumb/v7e-m+fp/hard/libc_nano.a(lib_a-nano-vfprintf.o) (__sinit)
[...]
Memory Configuration

Name             Origin             Length             Attributes
RAM              0x0000000020000000 0x0000000000020000 xrw
CCMRAM           0x0000000010000000 0x0000000000010000 xrw
FLASH            0x0000000008000000 0x0000000000100000 xr
*default*        0x0000000000000000 0xffffffffffffffff

Linker script and memory map

LOAD /usr/share/gcc-arm-none-eabi-10.3-2021.10/bin/../lib/gcc/arm-none-eabi/10.3.1/thumb/v7e-m+fp/hard/crti.o
LOAD /usr/share/gcc-arm-none-eabi-10.3-2021.10/bin/../lib/gcc/arm-none-eabi/10.3.1/thumb/v7e-m+fp/hard/crtbegin.o
LOAD /usr/share/gcc-arm-none-eabi-10.3-2021.10/bin/../lib/gcc/arm-none-eabi/10.3.1/../../../../arm-none-eabi/lib/thumb/v7e-m+fp/hard/crt0.o
LOAD build/ecatapp.o
LOAD build/main.o
LOAD build/pdo_override.o
LOAD build/stm32f4xx_hal_msp.o
LOAD build/stm32f4xx_hal_timebase_tim.o
LOAD build/stm32f4xx_it.o
LOAD build/system_stm32f4xx.o
LOAD build/stm32f4xx_hal.o
LOAD build/stm32f4xx_hal_can.o
LOAD build/stm32f4xx_hal_cortex.o
LOAD build/stm32f4xx_hal_dma.o
LOAD build/stm32f4xx_hal_dma_ex.o
LOAD build/stm32f4xx_hal_exti.o
LOAD build/stm32f4xx_hal_flash.o
LOAD build/stm32f4xx_hal_flash_ex.o
LOAD build/stm32f4xx_hal_flash_ramfunc.o
LOAD build/stm32f4xx_hal_gpio.o
LOAD build/stm32f4xx_hal_pwr.o
LOAD build/stm32f4xx_hal_pwr_ex.o
LOAD build/stm32f4xx_hal_rcc.o
LOAD build/stm32f4xx_hal_rcc_ex.o
LOAD build/stm32f4xx_hal_spi.o
LOAD build/stm32f4xx_hal_tim.o
LOAD build/stm32f4xx_hal_tim_ex.o
LOAD build/objectlist.o
LOAD build/esc_hw.o
LOAD build/ecat_slv.o
LOAD build/esc.o
LOAD build/esc_coe.o
LOAD build/esc_eep.o
LOAD build/esc_eoe.o
LOAD build/esc_foe.o
LOAD build/esc_irq.o
LOAD build/rst.o
LOAD build/spi.o
LOAD build/startup_stm32f405xx.o
LOAD /usr/share/gcc-arm-none-eabi-10.3-2021.10/bin/../lib/gcc/arm-none-eabi/10.3.1/../../../../arm-none-eabi/lib/thumb/v7e-m+fp/hard/libc_nano.a
LOAD /usr/share/gcc-arm-none-eabi-10.3-2021.10/bin/../lib/gcc/arm-none-eabi/10.3.1/../../../../arm-none-eabi/lib/thumb/v7e-m+fp/hard/libm.a
LOAD /usr/share/gcc-arm-none-eabi-10.3-2021.10/bin/../lib/gcc/arm-none-eabi/10.3.1/../../../../arm-none-eabi/lib/thumb/v7e-m+fp/hard/libnosys.a
START GROUP
LOAD /usr/share/gcc-arm-none-eabi-10.3-2021.10/bin/../lib/gcc/arm-none-eabi/10.3.1/thumb/v7e-m+fp/hard/libgcc.a
LOAD /usr/share/gcc-arm-none-eabi-10.3-2021.10/bin/../lib/gcc/arm-none-eabi/10.3.1/../../../../arm-none-eabi/lib/thumb/v7e-m+fp/hard/libc_nano.a
END GROUP
START GROUP
LOAD /usr/share/gcc-arm-none-eabi-10.3-2021.10/bin/../lib/gcc/arm-none-eabi/10.3.1/thumb/v7e-m+fp/hard/libgcc.a
LOAD /usr/share/gcc-arm-none-eabi-10.3-2021.10/bin/../lib/gcc/arm-none-eabi/10.3.1/../../../../arm-none-eabi/lib/thumb/v7e-m+fp/hard/libc_nano.a
END GROUP
LOAD /usr/share/gcc-arm-none-eabi-10.3-2021.10/bin/../lib/gcc/arm-none-eabi/10.3.1/thumb/v7e-m+fp/hard/crtend.o
LOAD /usr/share/gcc-arm-none-eabi-10.3-2021.10/bin/../lib/gcc/arm-none-eabi/10.3.1/thumb/v7e-m+fp/hard/crtn.o
                0x0000000020020000                _estack = (ORIGIN (RAM) + LENGTH (RAM))
                0x0000000000000200                _Min_Heap_Size = 0x200
                0x0000000000000400                _Min_Stack_Size = 0x400

.isr_vector     0x0000000008000000      0x188
                0x0000000008000000                . = ALIGN (0x4)
 *(.isr_vector)
 .isr_vector    0x0000000008000000      0x188 build/startup_stm32f405xx.o
                0x0000000008000000                g_pfnVectors
                0x0000000008000188                . = ALIGN (0x4)

.text           0x0000000008000190     0x6c50
                0x0000000008000190                . = ALIGN (0x4)
 *(.text)
 .text          0x0000000008000190       0x40 /usr/share/gcc-arm-none-eabi-10.3-2021.10/bin/../lib/gcc/arm-none-eabi/10.3.1/thumb/v7e-m+fp/hard/crtbegin.o
 .text          0x00000000080001d0       0xa0 /usr/share/gcc-arm-none-eabi-10.3-2021.10/bin/../lib/gcc/arm-none-eabi/10.3.1/../../../../arm-none-eabi/lib/thumb/v7e-m+fp/hard/libc_nano.a(lib_a-memchr.o)
                0x00000000080001d0                memchr
 .text          0x0000000008000270       0x30 /usr/share/gcc-arm-none-eabi-10.3-2021.10/bin/../lib/gcc/arm-none-eabi/10.3.1/thumb/v7e-m+fp/hard/libgcc.a(_aeabi_uldivmod.o)
                0x0000000008000270                __aeabi_uldivmod
 .text          0x00000000080002a0      0x2d0 /usr/share/gcc-arm-none-eabi-10.3-2021.10/bin/../lib/gcc/arm-none-eabi/10.3.1/thumb/v7e-m+fp/hard/libgcc.a(_udivmoddi4.o)
                0x00000000080002a0                __udivmoddi4
 .text          0x0000000008000570        0x4 /usr/share/gcc-arm-none-eabi-10.3-2021.10/bin/../lib/gcc/arm-none-eabi/10.3.1/thumb/v7e-m+fp/hard/libgcc.a(_dvmd_tls.o)
                0x0000000008000570                __aeabi_ldiv0
                0x0000000008000570                __aeabi_idiv0
 *(.text*)
 .text.ecatapp  0x0000000008000574        0x2 build/ecatapp.o
                0x0000000008000574                ecatapp
 *fill*         0x0000000008000576        0x2 
 .text.check_dc_handler
                0x0000000008000578       0x40 build/ecatapp.o
                0x0000000008000578                check_dc_handler
 .text.ecatapp_init
                0x00000000080005b8       0x14 build/ecatapp.o
                0x00000000080005b8                ecatapp_init
 .text.cb_get_inputs
                0x00000000080005cc       0x1c build/ecatapp.o
                0x00000000080005cc                cb_get_inputs
 .text.cb_set_outputs
                0x00000000080005e8        0x2 build/ecatapp.o
                0x00000000080005e8                cb_set_outputs
 *fill*         0x00000000080005ea        0x2 
 .text.ecatapp_loop
                0x00000000080005ec       0x74 build/ecatapp.o
                0x00000000080005ec                ecatapp_loop
 .text.MX_GPIO_Init
                0x0000000008000660      0x100 build/main.o
 .text.MX_DMA_Init
                0x0000000008000760       0x34 build/main.o
 .text.HAL_TIM_PeriodElapsedCallback
                0x0000000008000794       0x18 build/main.o
                0x0000000008000794                HAL_TIM_PeriodElapsedCallback
 .text.Error_Handler
                0x00000000080007ac        0x4 build/main.o
                0x00000000080007ac                Error_Handler
 .text.MX_CAN2_Init
                0x00000000080007b0       0x40 build/main.o
 .text.MX_CAN1_Init
                0x00000000080007f0       0x3c build/main.o
 .text.MX_SPI2_Init
                0x000000000800082c       0x48 build/main.o
 .text.SystemClock_Config
                0x0000000008000874       0xa4 build/main.o
                0x0000000008000874                SystemClock_Config
 .text.main     0x0000000008000918       0x54 build/main.o
                0x0000000008000918                main
 .text.spi_dma_prepare_transmission
                0x000000000800096c       0x22 build/pdo_override.o
                0x000000000800096c                spi_dma_prepare_transmission
 *fill*         0x000000000800098e        0x2 
 .text.spi_dma_start
                0x0000000008000990       0x30 build/pdo_override.o
                0x0000000008000990                spi_dma_start
 .text.spi_dma_stop
                0x00000000080009c0        0xa build/pdo_override.o
                0x00000000080009c0                spi_dma_stop
 *fill*         0x00000000080009ca        0x2 
 .text.spi_dma_rxpdo_start
                0x00000000080009cc       0x28 build/pdo_override.o
                0x00000000080009cc                spi_dma_rxpdo_start
 .text.spi_dma_txpdo_start
                0x00000000080009f4       0x1c build/pdo_override.o
                0x00000000080009f4                spi_dma_txpdo_start
 .text.init_override
                0x0000000008000a10        0x8 build/pdo_override.o
                0x0000000008000a10                init_override
 .text.on_rxpdo_transfer_finished
                0x0000000008000a18       0x34 build/pdo_override.o
                0x0000000008000a18                on_rxpdo_transfer_finished
 .text.rxpdo_override
                0x0000000008000a4c       0x1c build/pdo_override.o
                0x0000000008000a4c                rxpdo_override
 .text.on_txpdo_transfer_finished
                0x0000000008000a68       0x1c build/pdo_override.o
                0x0000000008000a68                on_txpdo_transfer_finished
 .text.txpdo_override
                0x0000000008000a84       0x38 build/pdo_override.o
                0x0000000008000a84                txpdo_override
 .text.HAL_MspInit
                0x0000000008000abc       0x38 build/stm32f4xx_hal_msp.o
                0x0000000008000abc                HAL_MspInit
 .text.HAL_CAN_MspInit
                0x0000000008000af4      0x114 build/stm32f4xx_hal_msp.o
                0x0000000008000af4                HAL_CAN_MspInit
 .text.HAL_SPI_MspInit
                0x0000000008000c08      0x124 build/stm32f4xx_hal_msp.o
                0x0000000008000c08                HAL_SPI_MspInit
 .text.HAL_InitTick
                0x0000000008000d2c       0xa4 build/stm32f4xx_hal_timebase_tim.o
                0x0000000008000d2c                HAL_InitTick
 .text.NMI_Handler
                0x0000000008000dd0        0x2 build/stm32f4xx_it.o
                0x0000000008000dd0                NMI_Handler
 .text.HardFault_Handler
                0x0000000008000dd2        0x2 build/stm32f4xx_it.o
                0x0000000008000dd2                HardFault_Handler
 .text.MemManage_Handler
                0x0000000008000dd4        0x2 build/stm32f4xx_it.o
                0x0000000008000dd4                MemManage_Handler
 .text.BusFault_Handler
                0x0000000008000dd6        0x2 build/stm32f4xx_it.o
                0x0000000008000dd6                BusFault_Handler
 .text.UsageFault_Handler
                0x0000000008000dd8        0x2 build/stm32f4xx_it.o
                0x0000000008000dd8                UsageFault_Handler
 .text.SVC_Handler
                0x0000000008000dda        0x2 build/stm32f4xx_it.o
                0x0000000008000dda                SVC_Handler
 .text.DebugMon_Handler
                0x0000000008000ddc        0x2 build/stm32f4xx_it.o
                0x0000000008000ddc                DebugMon_Handler
 .text.PendSV_Handler
                0x0000000008000dde        0x2 build/stm32f4xx_it.o
                0x0000000008000dde                PendSV_Handler
 .text.SysTick_Handler
                0x0000000008000de0        0x2 build/stm32f4xx_it.o
                0x0000000008000de0                SysTick_Handler
 *fill*         0x0000000008000de2        0x2 
 .text.EXTI0_IRQHandler
                0x0000000008000de4       0x14 build/stm32f4xx_it.o
                0x0000000008000de4                EXTI0_IRQHandler
 .text.DMA1_Stream3_IRQHandler
                0x0000000008000df8       0x18 build/stm32f4xx_it.o
                0x0000000008000df8                DMA1_Stream3_IRQHandler
 .text.EXTI9_5_IRQHandler
                0x0000000008000e10       0x18 build/stm32f4xx_it.o
                0x0000000008000e10                EXTI9_5_IRQHandler
 .text.TIM6_DAC_IRQHandler
                0x0000000008000e28       0x10 build/stm32f4xx_it.o
                0x0000000008000e28                TIM6_DAC_IRQHandler
 .text.CAN2_RX0_IRQHandler
                0x0000000008000e38       0x10 build/stm32f4xx_it.o
                0x0000000008000e38                CAN2_RX0_IRQHandler
 .text.SystemInit
                0x0000000008000e48       0x14 build/system_stm32f4xx.o
                0x0000000008000e48                SystemInit
 .text.HAL_Init
                0x0000000008000e5c       0x34 build/stm32f4xx_hal.o
                0x0000000008000e5c                HAL_Init
 .text.HAL_IncTick
                0x0000000008000e90       0x18 build/stm32f4xx_hal.o
                0x0000000008000e90                HAL_IncTick
 .text.HAL_GetTick
                0x0000000008000ea8        0xc build/stm32f4xx_hal.o
                0x0000000008000ea8                HAL_GetTick
 .text.HAL_CAN_Init
                0x0000000008000eb4      0x14c build/stm32f4xx_hal_can.o
                0x0000000008000eb4                HAL_CAN_Init
 .text.HAL_CAN_TxMailbox0CompleteCallback
                0x0000000008001000        0x2 build/stm32f4xx_hal_can.o
                0x0000000008001000                HAL_CAN_TxMailbox0CompleteCallback
 .text.HAL_CAN_TxMailbox1CompleteCallback
                0x0000000008001002        0x2 build/stm32f4xx_hal_can.o
                0x0000000008001002                HAL_CAN_TxMailbox1CompleteCallback
 .text.HAL_CAN_TxMailbox2CompleteCallback
                0x0000000008001004        0x2 build/stm32f4xx_hal_can.o
                0x0000000008001004                HAL_CAN_TxMailbox2CompleteCallback
 .text.HAL_CAN_TxMailbox0AbortCallback
                0x0000000008001006        0x2 build/stm32f4xx_hal_can.o
                0x0000000008001006                HAL_CAN_TxMailbox0AbortCallback
 .text.HAL_CAN_TxMailbox1AbortCallback
                0x0000000008001008        0x2 build/stm32f4xx_hal_can.o
                0x0000000008001008                HAL_CAN_TxMailbox1AbortCallback
 .text.HAL_CAN_TxMailbox2AbortCallback
                0x000000000800100a        0x2 build/stm32f4xx_hal_can.o
                0x000000000800100a                HAL_CAN_TxMailbox2AbortCallback
 .text.HAL_CAN_RxFifo0MsgPendingCallback
                0x000000000800100c        0x2 build/stm32f4xx_hal_can.o
                0x000000000800100c                HAL_CAN_RxFifo0MsgPendingCallback
 .text.HAL_CAN_RxFifo0FullCallback
                0x000000000800100e        0x2 build/stm32f4xx_hal_can.o
                0x000000000800100e                HAL_CAN_RxFifo0FullCallback
 .text.HAL_CAN_RxFifo1MsgPendingCallback
                0x0000000008001010        0x2 build/stm32f4xx_hal_can.o
                0x0000000008001010                HAL_CAN_RxFifo1MsgPendingCallback
 .text.HAL_CAN_RxFifo1FullCallback
                0x0000000008001012        0x2 build/stm32f4xx_hal_can.o
                0x0000000008001012                HAL_CAN_RxFifo1FullCallback
 .text.HAL_CAN_SleepCallback
                0x0000000008001014        0x2 build/stm32f4xx_hal_can.o
                0x0000000008001014                HAL_CAN_SleepCallback
 .text.HAL_CAN_WakeUpFromRxMsgCallback
                0x0000000008001016        0x2 build/stm32f4xx_hal_can.o
                0x0000000008001016                HAL_CAN_WakeUpFromRxMsgCallback
 .text.HAL_CAN_ErrorCallback
                0x0000000008001018        0x2 build/stm32f4xx_hal_can.o
                0x0000000008001018                HAL_CAN_ErrorCallback
 .text.HAL_CAN_IRQHandler
                0x000000000800101a      0x24a build/stm32f4xx_hal_can.o
                0x000000000800101a                HAL_CAN_IRQHandler
 .text.HAL_NVIC_SetPriorityGrouping
                0x0000000008001264       0x24 build/stm32f4xx_hal_cortex.o
                0x0000000008001264                HAL_NVIC_SetPriorityGrouping
 .text.HAL_NVIC_SetPriority
                0x0000000008001288       0x70 build/stm32f4xx_hal_cortex.o
                0x0000000008001288                HAL_NVIC_SetPriority
 .text.HAL_NVIC_EnableIRQ
                0x00000000080012f8       0x1c build/stm32f4xx_hal_cortex.o
                0x00000000080012f8                HAL_NVIC_EnableIRQ
 .text.HAL_NVIC_DisableIRQ
                0x0000000008001314       0x24 build/stm32f4xx_hal_cortex.o
                0x0000000008001314                HAL_NVIC_DisableIRQ
 .text.DMA_SetConfig
                0x0000000008001338       0x2c build/stm32f4xx_hal_dma.o
 .text.DMA_CalcBaseAndBitshift
                0x0000000008001364       0x44 build/stm32f4xx_hal_dma.o
 .text.DMA_CheckFifoParam
                0x00000000080013a8       0x8e build/stm32f4xx_hal_dma.o
 *fill*         0x0000000008001436        0x2 
 .text.HAL_DMA_Init
                0x0000000008001438       0xcc build/stm32f4xx_hal_dma.o
                0x0000000008001438                HAL_DMA_Init
 .text.HAL_DMA_Start_IT
                0x0000000008001504       0x6a build/stm32f4xx_hal_dma.o
                0x0000000008001504                HAL_DMA_Start_IT
 *fill*         0x000000000800156e        0x2 
 .text.HAL_DMA_IRQHandler
                0x0000000008001570      0x1dc build/stm32f4xx_hal_dma.o
                0x0000000008001570                HAL_DMA_IRQHandler
 .text.HAL_GPIO_Init
                0x000000000800174c      0x1e4 build/stm32f4xx_hal_gpio.o
                0x000000000800174c                HAL_GPIO_Init
 .text.HAL_GPIO_WritePin
                0x0000000008001930        0xc build/stm32f4xx_hal_gpio.o
                0x0000000008001930                HAL_GPIO_WritePin
 .text.HAL_GPIO_EXTI_Callback
                0x000000000800193c        0x2 build/stm32f4xx_hal_gpio.o
                0x000000000800193c                HAL_GPIO_EXTI_Callback
 *fill*         0x000000000800193e        0x2 
 .text.HAL_GPIO_EXTI_IRQHandler
                0x0000000008001940       0x1c build/stm32f4xx_hal_gpio.o
                0x0000000008001940                HAL_GPIO_EXTI_IRQHandler
 .text.HAL_RCC_OscConfig
                0x000000000800195c      0x3f8 build/stm32f4xx_hal_rcc.o
                0x000000000800195c                HAL_RCC_OscConfig
 .text.HAL_RCC_GetSysClockFreq
                0x0000000008001d54       0xd4 build/stm32f4xx_hal_rcc.o
                0x0000000008001d54                HAL_RCC_GetSysClockFreq
 .text.HAL_RCC_ClockConfig
                0x0000000008001e28      0x160 build/stm32f4xx_hal_rcc.o
                0x0000000008001e28                HAL_RCC_ClockConfig
 .text.HAL_RCC_GetHCLKFreq
                0x0000000008001f88        0xc build/stm32f4xx_hal_rcc.o
                0x0000000008001f88                HAL_RCC_GetHCLKFreq
 .text.HAL_RCC_GetPCLK1Freq
                0x0000000008001f94       0x20 build/stm32f4xx_hal_rcc.o
                0x0000000008001f94                HAL_RCC_GetPCLK1Freq
 .text.HAL_RCC_GetClockConfig
                0x0000000008001fb4       0x3c build/stm32f4xx_hal_rcc.o
                0x0000000008001fb4                HAL_RCC_GetClockConfig
 .text.SPI_WaitFlagStateUntilTimeout
                0x0000000008001ff0       0xd4 build/stm32f4xx_hal_spi.o
 .text.SPI_EndRxTxTransaction
                0x00000000080020c4       0x68 build/stm32f4xx_hal_spi.o
 .text.SPI_EndRxTransaction
                0x000000000800212c       0x8c build/stm32f4xx_hal_spi.o
 .text.HAL_SPI_Init
                0x00000000080021b8       0xca build/stm32f4xx_hal_spi.o
                0x00000000080021b8                HAL_SPI_Init
 .text.HAL_SPI_Transmit
                0x0000000008002282      0x1ea build/stm32f4xx_hal_spi.o
                0x0000000008002282                HAL_SPI_Transmit
 .text.HAL_SPI_TransmitReceive
                0x000000000800246c      0x2e8 build/stm32f4xx_hal_spi.o
                0x000000000800246c                HAL_SPI_TransmitReceive
 .text.HAL_SPI_TransmitReceive_DMA
                0x0000000008002754      0x178 build/stm32f4xx_hal_spi.o
                0x0000000008002754                HAL_SPI_TransmitReceive_DMA
 .text.HAL_SPI_RxCpltCallback
                0x00000000080028cc        0x2 build/stm32f4xx_hal_spi.o
                0x00000000080028cc                HAL_SPI_RxCpltCallback
 .text.HAL_SPI_TxRxCpltCallback
                0x00000000080028ce        0x2 build/stm32f4xx_hal_spi.o
                0x00000000080028ce                HAL_SPI_TxRxCpltCallback
 .text.HAL_SPI_RxHalfCpltCallback
                0x00000000080028d0        0x2 build/stm32f4xx_hal_spi.o
                0x00000000080028d0                HAL_SPI_RxHalfCpltCallback
 .text.SPI_DMAHalfReceiveCplt
                0x00000000080028d2        0xa build/stm32f4xx_hal_spi.o
 .text.HAL_SPI_TxRxHalfCpltCallback
                0x00000000080028dc        0x2 build/stm32f4xx_hal_spi.o
                0x00000000080028dc                HAL_SPI_TxRxHalfCpltCallback
 .text.SPI_DMAHalfTransmitReceiveCplt
                0x00000000080028de        0xa build/stm32f4xx_hal_spi.o
 .text.HAL_SPI_ErrorCallback
                0x00000000080028e8        0x2 build/stm32f4xx_hal_spi.o
                0x00000000080028e8                HAL_SPI_ErrorCallback
 .text.SPI_DMAError
                0x00000000080028ea       0x22 build/stm32f4xx_hal_spi.o
 .text.SPI_DMAReceiveCplt
                0x000000000800290c       0xba build/stm32f4xx_hal_spi.o
 .text.SPI_DMATransmitReceiveCplt
                0x00000000080029c6       0xa8 build/stm32f4xx_hal_spi.o
 .text.HAL_TIM_Base_MspInit
                0x0000000008002a6e        0x2 build/stm32f4xx_hal_tim.o
                0x0000000008002a6e                HAL_TIM_Base_MspInit
 .text.HAL_TIM_Base_Start_IT
                0x0000000008002a70       0x88 build/stm32f4xx_hal_tim.o
                0x0000000008002a70                HAL_TIM_Base_Start_IT
 .text.HAL_TIM_OC_DelayElapsedCallback
                0x0000000008002af8        0x2 build/stm32f4xx_hal_tim.o
                0x0000000008002af8                HAL_TIM_OC_DelayElapsedCallback
 .text.HAL_TIM_IC_CaptureCallback
                0x0000000008002afa        0x2 build/stm32f4xx_hal_tim.o
                0x0000000008002afa                HAL_TIM_IC_CaptureCallback
 .text.HAL_TIM_PWM_PulseFinishedCallback
                0x0000000008002afc        0x2 build/stm32f4xx_hal_tim.o
                0x0000000008002afc                HAL_TIM_PWM_PulseFinishedCallback
 .text.HAL_TIM_TriggerCallback
                0x0000000008002afe        0x2 build/stm32f4xx_hal_tim.o
                0x0000000008002afe                HAL_TIM_TriggerCallback
 .text.HAL_TIM_IRQHandler
                0x0000000008002b00      0x17a build/stm32f4xx_hal_tim.o
                0x0000000008002b00                HAL_TIM_IRQHandler
 *fill*         0x0000000008002c7a        0x2 
 .text.TIM_Base_SetConfig
                0x0000000008002c7c       0xc8 build/stm32f4xx_hal_tim.o
                0x0000000008002c7c                TIM_Base_SetConfig
 .text.HAL_TIM_Base_Init
                0x0000000008002d44       0x58 build/stm32f4xx_hal_tim.o
                0x0000000008002d44                HAL_TIM_Base_Init
 .text.HAL_TIMEx_CommutCallback
                0x0000000008002d9c        0x2 build/stm32f4xx_hal_tim_ex.o
                0x0000000008002d9c                HAL_TIMEx_CommutCallback
 .text.HAL_TIMEx_BreakCallback
                0x0000000008002d9e        0x2 build/stm32f4xx_hal_tim_ex.o
                0x0000000008002d9e                HAL_TIMEx_BreakCallback
 .text.esc_address
                0x0000000008002da0       0x3c build/esc_hw.o
 .text.ESC_read
                0x0000000008002ddc       0x48 build/esc_hw.o
                0x0000000008002ddc                ESC_read
 .text.ESC_write
                0x0000000008002e24       0x34 build/esc_hw.o
                0x0000000008002e24                ESC_write
 .text.ESC_init
                0x0000000008002e58       0x28 build/esc_hw.o
                0x0000000008002e58                ESC_init
 .text.ESC_interrupt_enable
                0x0000000008002e80       0x24 build/esc_hw.o
                0x0000000008002e80                ESC_interrupt_enable
 .text.ESC_interrupt_disable
                0x0000000008002ea4       0x26 build/esc_hw.o
                0x0000000008002ea4                ESC_interrupt_disable
 *fill*         0x0000000008002eca        0x2 
 .text.ESC_enable_DC
                0x0000000008002ecc       0xd4 build/esc_hw.o
                0x0000000008002ecc                ESC_enable_DC
 .text.ESC_download_pre_objecthandler
                0x0000000008002fa0       0x7c build/ecat_slv.o
                0x0000000008002fa0                ESC_download_pre_objecthandler
 .text.ESC_download_post_objecthandler
                0x000000000800301c       0x14 build/ecat_slv.o
                0x000000000800301c                ESC_download_post_objecthandler
 .text.ESC_upload_pre_objecthandler
                0x0000000008003030       0x20 build/ecat_slv.o
                0x0000000008003030                ESC_upload_pre_objecthandler
 .text.ESC_upload_post_objecthandler
                0x0000000008003050       0x14 build/ecat_slv.o
                0x0000000008003050                ESC_upload_post_objecthandler
 .text.APP_safeoutput
                0x0000000008003064       0x10 build/ecat_slv.o
                0x0000000008003064                APP_safeoutput
 .text.TXPDO_update
                0x0000000008003074       0x38 build/ecat_slv.o
                0x0000000008003074                TXPDO_update
 .text.RXPDO_update
                0x00000000080030ac       0x38 build/ecat_slv.o
                0x00000000080030ac                RXPDO_update
 .text.APP_setwatchdog
                0x00000000080030e4       0x14 build/ecat_slv.o
                0x00000000080030e4                APP_setwatchdog
 .text.DIG_process
                0x00000000080030f8      0x130 build/ecat_slv.o
                0x00000000080030f8                DIG_process
 .text.ecat_slv_poll
                0x0000000008003228       0x40 build/ecat_slv.o
                0x0000000008003228                ecat_slv_poll
 .text.ecat_slv_init
                0x0000000008003268       0x58 build/ecat_slv.o
                0x0000000008003268                ecat_slv_init
 .text.ESC_check_id_request
                0x00000000080032c0       0x4e build/esc.o
 *fill*         0x000000000800330e        0x2 
 .text.ESC_ALerror
                0x0000000008003310       0x28 build/esc.o
                0x0000000008003310                ESC_ALerror
 .text.ESC_load_device_id
                0x0000000008003338       0x40 build/esc.o
 .text.ESC_ALstatus
                0x0000000008003378       0x28 build/esc.o
                0x0000000008003378                ESC_ALstatus
 .text.ESC_ALeventmaskwrite
                0x00000000080033a0       0x1a build/esc.o
                0x00000000080033a0                ESC_ALeventmaskwrite
 .text.ESC_ALeventmaskread
                0x00000000080033ba       0x1a build/esc.o
                0x00000000080033ba                ESC_ALeventmaskread
 .text.ESC_SMack
                0x00000000080033d4       0x1a build/esc.o
                0x00000000080033d4                ESC_SMack
 *fill*         0x00000000080033ee        0x2 
 .text.ESC_SMstatus
                0x00000000080033f0       0x20 build/esc.o
                0x00000000080033f0                ESC_SMstatus
 .text.ESC_SMwritepdi
                0x0000000008003410       0x20 build/esc.o
                0x0000000008003410                ESC_SMwritepdi
 .text.ESC_SMenable
                0x0000000008003430       0x20 build/esc.o
                0x0000000008003430                ESC_SMenable
 .text.ESC_SMdisable
                0x0000000008003450       0x20 build/esc.o
                0x0000000008003450                ESC_SMdisable
 .text.ESC_address
                0x0000000008003470       0x14 build/esc.o
                0x0000000008003470                ESC_address
 .text.ESC_SYNCactivation
                0x0000000008003484       0x1c build/esc.o
                0x0000000008003484                ESC_SYNCactivation
 .text.ESC_checkDC
                0x00000000080034a0       0x2c build/esc.o
                0x00000000080034a0                ESC_checkDC
 .text.ESC_checkmbx
                0x00000000080034cc       0xbc build/esc.o
                0x00000000080034cc                ESC_checkmbx
 .text.ESC_startmbx
                0x0000000008003588       0x68 build/esc.o
                0x0000000008003588                ESC_startmbx
 .text.ESC_startmbxboot
                0x00000000080035f0       0x6c build/esc.o
                0x00000000080035f0                ESC_startmbxboot
 .text.ESC_stopmbx
                0x000000000800365c       0x6c build/esc.o
                0x000000000800365c                ESC_stopmbx
 .text.ESC_readmbx
                0x00000000080036c8       0x74 build/esc.o
                0x00000000080036c8                ESC_readmbx
 .text.ESC_writembx
                0x000000000800373c       0x5c build/esc.o
                0x000000000800373c                ESC_writembx
 .text.ESC_ackmbxread
                0x0000000008003798       0x28 build/esc.o
                0x0000000008003798                ESC_ackmbxread
 .text.ESC_claimbuffer
                0x00000000080037c0       0x80 build/esc.o
                0x00000000080037c0                ESC_claimbuffer
 .text.ESC_outreqbuffer
                0x0000000008003840       0x18 build/esc.o
                0x0000000008003840                ESC_outreqbuffer
 .text.MBX_error
                0x0000000008003858       0x50 build/esc.o
                0x0000000008003858                MBX_error
 .text.ESC_mbxprocess
                0x00000000080038a8      0x1cc build/esc.o
                0x00000000080038a8                ESC_mbxprocess
 .text.ESC_xoeprocess
                0x0000000008003a74       0x50 build/esc.o
                0x0000000008003a74                ESC_xoeprocess
 .text.ESC_checkSM23
                0x0000000008003ac4       0xf4 build/esc.o
                0x0000000008003ac4                ESC_checkSM23
 .text.ESC_startinput
                0x0000000008003bb8       0xbc build/esc.o
                0x0000000008003bb8                ESC_startinput
 .text.ESC_stopinput
                0x0000000008003c74       0x38 build/esc.o
                0x0000000008003c74                ESC_stopinput
 .text.ESC_startoutput
                0x0000000008003cac       0x3c build/esc.o
                0x0000000008003cac                ESC_startoutput
 .text.ESC_stopoutput
                0x0000000008003ce8       0x2c build/esc.o
                0x0000000008003ce8                ESC_stopoutput
 .text.ESC_ALstatusgotoerror
                0x0000000008003d14       0x7c build/esc.o
                0x0000000008003d14                ESC_ALstatusgotoerror
 .text.ESC_sm_act_event
                0x0000000008003d90      0x114 build/esc.o
                0x0000000008003d90                ESC_sm_act_event
 .text.ESC_state
                0x0000000008003ea4      0x3b4 build/esc.o
                0x0000000008003ea4                ESC_state
 .text.ESC_config
                0x0000000008004258       0x9c build/esc.o
                0x0000000008004258                ESC_config
 .text.init_coesdo
                0x00000000080042f4       0x2e build/esc_coe.o
 .text.COE_bitsliceGet
                0x0000000008004322       0xa4 build/esc_coe.o
 .text.COE_bitsliceSet
                0x00000000080043c6      0x112 build/esc_coe.o
 .text.COE_setValue
                0x00000000080044d8       0x5e build/esc_coe.o
 *fill*         0x0000000008004536        0x2 
 .text.SDO_getodlistcont
                0x0000000008004538       0xd0 build/esc_coe.o
 .text.SDO_infoerror
                0x0000000008004608       0x6c build/esc_coe.o
 .text.SDO_getodlist
                0x0000000008004674      0x13c build/esc_coe.o
 .text.SDO_abort
                0x00000000080047b0       0x64 build/esc_coe.o
 .text.set_state_idle
                0x0000000008004814       0x20 build/esc_coe.o
 .text.copy2mbx
                0x0000000008004834        0xe build/esc_coe.o
 *fill*         0x0000000008004842        0x2 
 .text.SDO_uploadsegment
                0x0000000008004844      0x100 build/esc_coe.o
 .text.complete_access_subindex_loop
                0x0000000008004944      0x170 build/esc_coe.o
 .text.COE_getValue
                0x0000000008004ab4       0x80 build/esc_coe.o
 .text.SDO_findsubindex
                0x0000000008004b34       0x58 build/esc_coe.o
                0x0000000008004b34                SDO_findsubindex
 .text.SDO_findobject
                0x0000000008004b8c       0x20 build/esc_coe.o
                0x0000000008004b8c                SDO_findobject
 .text.complete_access_get_variables
                0x0000000008004bac       0x4c build/esc_coe.o
 .text.SDO_upload_complete_access
                0x0000000008004bf8      0x208 build/esc_coe.o
 .text.SDO_download_complete_access
                0x0000000008004e00      0x1d4 build/esc_coe.o
 .text.SDO_upload
                0x0000000008004fd4      0x214 build/esc_coe.o
 .text.SDO_download
                0x00000000080051e8      0x21c build/esc_coe.o
 .text.SDO_downloadsegment
                0x0000000008005404      0x158 build/esc_coe.o
 .text.SDO_getod
                0x000000000800555c      0x12c build/esc_coe.o
 .text.SDO_geted
                0x0000000008005688       0xf0 build/esc_coe.o
 .text.sizeOfPDO
                0x0000000008005778      0x188 build/esc_coe.o
                0x0000000008005778                sizeOfPDO
 .text.ESC_coeprocess
                0x0000000008005900      0x150 build/esc_coe.o
                0x0000000008005900                ESC_coeprocess
 .text.COE_initDefaultValues
                0x0000000008005a50       0x6c build/esc_coe.o
                0x0000000008005a50                COE_initDefaultValues
 .text.COE_pdoPack
                0x0000000008005abc       0x78 build/esc_coe.o
                0x0000000008005abc                COE_pdoPack
 .text.COE_pdoUnpack
                0x0000000008005b34       0x70 build/esc_coe.o
                0x0000000008005b34                COE_pdoUnpack
 .text.COE_maxSub
                0x0000000008005ba4       0x28 build/esc_coe.o
                0x0000000008005ba4                COE_maxSub
 .text.EXTILine1_Config
                0x0000000008005bcc        0xa build/esc_irq.o
                0x0000000008005bcc                EXTILine1_Config
 .text.EXTILine1_Disable
                0x0000000008005bd6        0xa build/esc_irq.o
                0x0000000008005bd6                EXTILine1_Disable
 .text.EXTILine3_Config
                0x0000000008005be0        0xa build/esc_irq.o
                0x0000000008005be0                EXTILine3_Config
 .text.EXTILine3_Disable
                0x0000000008005bea        0xa build/esc_irq.o
                0x0000000008005bea                EXTILine3_Disable
 .text.rst_setup
                0x0000000008005bf4       0x14 build/rst.o
                0x0000000008005bf4                rst_setup
 .text.rst_high
                0x0000000008005c08       0x14 build/rst.o
                0x0000000008005c08                rst_high
 .text.spi_setup
                0x0000000008005c1c        0x2 build/spi.o
                0x0000000008005c1c                spi_setup
 *fill*         0x0000000008005c1e        0x2 
 .text.spi_select
                0x0000000008005c20       0x14 build/spi.o
                0x0000000008005c20                spi_select
 .text.spi_unselect
                0x0000000008005c34       0x14 build/spi.o
                0x0000000008005c34                spi_unselect
 .text.spi_write
                0x0000000008005c48       0x14 build/spi.o
                0x0000000008005c48                spi_write
 .text.spi_bidirectionally_transfer
                0x0000000008005c5c       0x20 build/spi.o
                0x0000000008005c5c                spi_bidirectionally_transfer
 .text.Reset_Handler
                0x0000000008005c7c       0x50 build/startup_stm32f405xx.o
                0x0000000008005c7c                Reset_Handler
 .text.Default_Handler
                0x0000000008005ccc        0x2 build/startup_stm32f405xx.o
                0x0000000008005ccc                RTC_Alarm_IRQHandler
                0x0000000008005ccc                HASH_RNG_IRQHandler
                0x0000000008005ccc                EXTI2_IRQHandler
                0x0000000008005ccc                TIM8_CC_IRQHandler
                0x0000000008005ccc                TIM1_CC_IRQHandler
                0x0000000008005ccc                DMA2_Stream5_IRQHandler
                0x0000000008005ccc                DMA1_Stream5_IRQHandler
                0x0000000008005ccc                PVD_IRQHandler
                0x0000000008005ccc                SDIO_IRQHandler
                0x0000000008005ccc                TAMP_STAMP_IRQHandler
                0x0000000008005ccc                CAN2_RX1_IRQHandler
                0x0000000008005ccc                EXTI3_IRQHandler
                0x0000000008005ccc                TIM8_TRG_COM_TIM14_IRQHandler
                0x0000000008005ccc                TIM1_UP_TIM10_IRQHandler
                0x0000000008005ccc                TIM8_UP_TIM13_IRQHandler
                0x0000000008005ccc                I2C3_ER_IRQHandler
                0x0000000008005ccc                I2C2_EV_IRQHandler
                0x0000000008005ccc                DMA1_Stream2_IRQHandler
                0x0000000008005ccc                CAN1_RX0_IRQHandler
                0x0000000008005ccc                FPU_IRQHandler
                0x0000000008005ccc                OTG_HS_WKUP_IRQHandler
                0x0000000008005ccc                CAN2_SCE_IRQHandler
                0x0000000008005ccc                DMA2_Stream2_IRQHandler
                0x0000000008005ccc                SPI1_IRQHandler
                0x0000000008005ccc                TIM1_BRK_TIM9_IRQHandler
                0x0000000008005ccc                DMA2_Stream3_IRQHandler
                0x0000000008005ccc                USART6_IRQHandler
                0x0000000008005ccc                USART3_IRQHandler
                0x0000000008005ccc                CAN1_RX1_IRQHandler
                0x0000000008005ccc                UART5_IRQHandler
                0x0000000008005ccc                DMA2_Stream0_IRQHandler
                0x0000000008005ccc                TIM4_IRQHandler
                0x0000000008005ccc                I2C1_EV_IRQHandler
                0x0000000008005ccc                DMA1_Stream6_IRQHandler
                0x0000000008005ccc                DMA1_Stream1_IRQHandler
                0x0000000008005ccc                UART4_IRQHandler
                0x0000000008005ccc                TIM3_IRQHandler
                0x0000000008005ccc                RCC_IRQHandler
                0x0000000008005ccc                TIM8_BRK_TIM12_IRQHandler
                0x0000000008005ccc                Default_Handler
                0x0000000008005ccc                EXTI15_10_IRQHandler
                0x0000000008005ccc                ADC_IRQHandler
                0x0000000008005ccc                DMA1_Stream7_IRQHandler
                0x0000000008005ccc                TIM7_IRQHandler
                0x0000000008005ccc                CAN2_TX_IRQHandler
                0x0000000008005ccc                TIM5_IRQHandler
                0x0000000008005ccc                DMA2_Stream7_IRQHandler
                0x0000000008005ccc                I2C3_EV_IRQHandler
                0x0000000008005ccc                RTC_WKUP_IRQHandler
                0x0000000008005ccc                SPI2_IRQHandler
                0x0000000008005ccc                OTG_HS_EP1_IN_IRQHandler
                0x0000000008005ccc                DMA1_Stream0_IRQHandler
                0x0000000008005ccc                CAN1_TX_IRQHandler
                0x0000000008005ccc                EXTI4_IRQHandler
                0x0000000008005ccc                FSMC_IRQHandler
                0x0000000008005ccc                OTG_HS_EP1_OUT_IRQHandler
                0x0000000008005ccc                WWDG_IRQHandler
                0x0000000008005ccc                TIM2_IRQHandler
                0x0000000008005ccc                OTG_FS_WKUP_IRQHandler
                0x0000000008005ccc                TIM1_TRG_COM_TIM11_IRQHandler
                0x0000000008005ccc                OTG_HS_IRQHandler
                0x0000000008005ccc                EXTI1_IRQHandler
                0x0000000008005ccc                USART2_IRQHandler
                0x0000000008005ccc                I2C2_ER_IRQHandler
                0x0000000008005ccc                DMA2_Stream1_IRQHandler
                0x0000000008005ccc                CAN1_SCE_IRQHandler
                0x0000000008005ccc                FLASH_IRQHandler
                0x0000000008005ccc                DMA2_Stream4_IRQHandler
                0x0000000008005ccc                USART1_IRQHandler
                0x0000000008005ccc                OTG_FS_IRQHandler
                0x0000000008005ccc                SPI3_IRQHandler
                0x0000000008005ccc                DMA1_Stream4_IRQHandler
                0x0000000008005ccc                I2C1_ER_IRQHandler
                0x0000000008005ccc                DMA2_Stream6_IRQHandler
 *fill*         0x0000000008005cce        0x2 
 .text.__assert_func
                0x0000000008005cd0       0x3c /usr/share/gcc-arm-none-eabi-10.3-2021.10/bin/../lib/gcc/arm-none-eabi/10.3.1/../../../../arm-none-eabi/lib/thumb/v7e-m+fp/hard/libc_nano.a(lib_a-assert.o)
                0x0000000008005cd0                __assert_func
 .text.fprintf  0x0000000008005d0c       0x24 /usr/share/gcc-arm-none-eabi-10.3-2021.10/bin/../lib/gcc/arm-none-eabi/10.3.1/../../../../arm-none-eabi/lib/thumb/v7e-m+fp/hard/libc_nano.a(lib_a-fprintf.o)
                0x0000000008005d0c                fprintf
                0x0000000008005d0c                fiprintf
 .text.__libc_init_array
                0x0000000008005d30       0x48 /usr/share/gcc-arm-none-eabi-10.3-2021.10/bin/../lib/gcc/arm-none-eabi/10.3.1/../../../../arm-none-eabi/lib/thumb/v7e-m+fp/hard/libc_nano.a(lib_a-init.o)
                0x0000000008005d30                __libc_init_array
 .text.memcpy   0x0000000008005d78       0x1c /usr/share/gcc-arm-none-eabi-10.3-2021.10/bin/../lib/gcc/arm-none-eabi/10.3.1/../../../../arm-none-eabi/lib/thumb/v7e-m+fp/hard/libc_nano.a(lib_a-memcpy-stub.o)
                0x0000000008005d78                memcpy
 .text.memset   0x0000000008005d94       0x10 /usr/share/gcc-arm-none-eabi-10.3-2021.10/bin/../lib/gcc/arm-none-eabi/10.3.1/../../../../arm-none-eabi/lib/thumb/v7e-m+fp/hard/libc_nano.a(lib_a-memset.o)
                0x0000000008005d94                memset
 .text.__sfputc_r
                0x0000000008005da4       0x2e /usr/share/gcc-arm-none-eabi-10.3-2021.10/bin/../lib/gcc/arm-none-eabi/10.3.1/../../../../arm-none-eabi/lib/thumb/v7e-m+fp/hard/libc_nano.a(lib_a-nano-vfprintf.o)
 .text.__sfputs_r
                0x0000000008005dd2       0x24 /usr/share/gcc-arm-none-eabi-10.3-2021.10/bin/../lib/gcc/arm-none-eabi/10.3.1/../../../../arm-none-eabi/lib/thumb/v7e-m+fp/hard/libc_nano.a(lib_a-nano-vfprintf.o)
                0x0000000008005dd2                __sfputs_r
 *fill*         0x0000000008005df6        0x2 
 .text._vfprintf_r
                0x0000000008005df8      0x260 /usr/share/gcc-arm-none-eabi-10.3-2021.10/bin/../lib/gcc/arm-none-eabi/10.3.1/../../../../arm-none-eabi/lib/thumb/v7e-m+fp/hard/libc_nano.a(lib_a-nano-vfprintf.o)
                0x0000000008005df8                _vfiprintf_r
                0x0000000008005df8                _vfprintf_r
 .text._printf_common
                0x0000000008006058       0xda /usr/share/gcc-arm-none-eabi-10.3-2021.10/bin/../lib/gcc/arm-none-eabi/10.3.1/../../../../arm-none-eabi/lib/thumb/v7e-m+fp/hard/libc_nano.a(lib_a-nano-vfprintf_i.o)
                0x0000000008006058                _printf_common
 *fill*         0x0000000008006132        0x2 
 .text._printf_i
                0x0000000008006134      0x24c /usr/share/gcc-arm-none-eabi-10.3-2021.10/bin/../lib/gcc/arm-none-eabi/10.3.1/../../../../arm-none-eabi/lib/thumb/v7e-m+fp/hard/libc_nano.a(lib_a-nano-vfprintf_i.o)
                0x0000000008006134                _printf_i
 .text.__swbuf_r
                0x0000000008006380       0xa4 /usr/share/gcc-arm-none-eabi-10.3-2021.10/bin/../lib/gcc/arm-none-eabi/10.3.1/../../../../arm-none-eabi/lib/thumb/v7e-m+fp/hard/libc_nano.a(lib_a-wbuf.o)
                0x0000000008006380                __swbuf_r
 .text.__swsetup_r
                0x0000000008006424       0xdc /usr/share/gcc-arm-none-eabi-10.3-2021.10/bin/../lib/gcc/arm-none-eabi/10.3.1/../../../../arm-none-eabi/lib/thumb/v7e-m+fp/hard/libc_nano.a(lib_a-wsetup.o)
                0x0000000008006424                __swsetup_r
 .text.abort    0x0000000008006500        0xe /usr/share/gcc-arm-none-eabi-10.3-2021.10/bin/../lib/gcc/arm-none-eabi/10.3.1/../../../../arm-none-eabi/lib/thumb/v7e-m+fp/hard/libc_nano.a(lib_a-abort.o)
                0x0000000008006500                abort
 *fill*         0x000000000800650e        0x2 
 .text.__sflush_r
                0x0000000008006510      0x10c /usr/share/gcc-arm-none-eabi-10.3-2021.10/bin/../lib/gcc/arm-none-eabi/10.3.1/../../../../arm-none-eabi/lib/thumb/v7e-m+fp/hard/libc_nano.a(lib_a-fflush.o)
                0x0000000008006510                __sflush_r
 .text._fflush_r
                0x000000000800661c       0x78 /usr/share/gcc-arm-none-eabi-10.3-2021.10/bin/../lib/gcc/arm-none-eabi/10.3.1/../../../../arm-none-eabi/lib/thumb/v7e-m+fp/hard/libc_nano.a(lib_a-fflush.o)
                0x000000000800661c                _fflush_r
 .text.std      0x0000000008006694       0x48 /usr/share/gcc-arm-none-eabi-10.3-2021.10/bin/../lib/gcc/arm-none-eabi/10.3.1/../../../../arm-none-eabi/lib/thumb/v7e-m+fp/hard/libc_nano.a(lib_a-findfp.o)
 .text._cleanup_r
                0x00000000080066dc        0xc /usr/share/gcc-arm-none-eabi-10.3-2021.10/bin/../lib/gcc/arm-none-eabi/10.3.1/../../../../arm-none-eabi/lib/thumb/v7e-m+fp/hard/libc_nano.a(lib_a-findfp.o)
                0x00000000080066dc                _cleanup_r
 .text.__sfmoreglue
                0x00000000080066e8       0x2c /usr/share/gcc-arm-none-eabi-10.3-2021.10/bin/../lib/gcc/arm-none-eabi/10.3.1/../../../../arm-none-eabi/lib/thumb/v7e-m+fp/hard/libc_nano.a(lib_a-findfp.o)
                0x00000000080066e8                __sfmoreglue
 .text.__sfp_lock_acquire
                0x0000000008006714        0xc /usr/share/gcc-arm-none-eabi-10.3-2021.10/bin/../lib/gcc/arm-none-eabi/10.3.1/../../../../arm-none-eabi/lib/thumb/v7e-m+fp/hard/libc_nano.a(lib_a-findfp.o)
                0x0000000008006714                __sfp_lock_acquire
 .text.__sfp_lock_release
                0x0000000008006720        0xc /usr/share/gcc-arm-none-eabi-10.3-2021.10/bin/../lib/gcc/arm-none-eabi/10.3.1/../../../../arm-none-eabi/lib/thumb/v7e-m+fp/hard/libc_nano.a(lib_a-findfp.o)
                0x0000000008006720                __sfp_lock_release
 .text.__sinit_lock_acquire
                0x000000000800672c        0xc /usr/share/gcc-arm-none-eabi-10.3-2021.10/bin/../lib/gcc/arm-none-eabi/10.3.1/../../../../arm-none-eabi/lib/thumb/v7e-m+fp/hard/libc_nano.a(lib_a-findfp.o)
                0x000000000800672c                __sinit_lock_acquire
 .text.__sinit_lock_release
                0x0000000008006738        0xc /usr/share/gcc-arm-none-eabi-10.3-2021.10/bin/../lib/gcc/arm-none-eabi/10.3.1/../../../../arm-none-eabi/lib/thumb/v7e-m+fp/hard/libc_nano.a(lib_a-findfp.o)
                0x0000000008006738                __sinit_lock_release
 .text.__sinit  0x0000000008006744       0x70 /usr/share/gcc-arm-none-eabi-10.3-2021.10/bin/../lib/gcc/arm-none-eabi/10.3.1/../../../../arm-none-eabi/lib/thumb/v7e-m+fp/hard/libc_nano.a(lib_a-findfp.o)
                0x0000000008006744                __sinit
 .text.__sfp    0x00000000080067b4       0x8c /usr/share/gcc-arm-none-eabi-10.3-2021.10/bin/../lib/gcc/arm-none-eabi/10.3.1/../../../../arm-none-eabi/lib/thumb/v7e-m+fp/hard/libc_nano.a(lib_a-findfp.o)
                0x00000000080067b4                __sfp
 .text._fwalk_reent
                0x0000000008006840       0x3e /usr/share/gcc-arm-none-eabi-10.3-2021.10/bin/../lib/gcc/arm-none-eabi/10.3.1/../../../../arm-none-eabi/lib/thumb/v7e-m+fp/hard/libc_nano.a(lib_a-fwalk.o)
                0x0000000008006840                _fwalk_reent
 .text.__retarget_lock_init_recursive
                0x000000000800687e        0x2 /usr/share/gcc-arm-none-eabi-10.3-2021.10/bin/../lib/gcc/arm-none-eabi/10.3.1/../../../../arm-none-eabi/lib/thumb/v7e-m+fp/hard/libc_nano.a(lib_a-lock.o)
                0x000000000800687e                __retarget_lock_init_recursive
 .text.__retarget_lock_acquire_recursive
                0x0000000008006880        0x2 /usr/share/gcc-arm-none-eabi-10.3-2021.10/bin/../lib/gcc/arm-none-eabi/10.3.1/../../../../arm-none-eabi/lib/thumb/v7e-m+fp/hard/libc_nano.a(lib_a-lock.o)
                0x0000000008006880                __retarget_lock_acquire_recursive
 .text.__retarget_lock_release_recursive
                0x0000000008006882        0x2 /usr/share/gcc-arm-none-eabi-10.3-2021.10/bin/../lib/gcc/arm-none-eabi/10.3.1/../../../../arm-none-eabi/lib/thumb/v7e-m+fp/hard/libc_nano.a(lib_a-lock.o)
                0x0000000008006882                __retarget_lock_release_recursive
 .text.__swhatbuf_r
                0x0000000008006884       0x4a /usr/share/gcc-arm-none-eabi-10.3-2021.10/bin/../lib/gcc/arm-none-eabi/10.3.1/../../../../arm-none-eabi/lib/thumb/v7e-m+fp/hard/libc_nano.a(lib_a-makebuf.o)
                0x0000000008006884                __swhatbuf_r
 *fill*         0x00000000080068ce        0x2 
 .text.__smakebuf_r
                0x00000000080068d0       0x80 /usr/share/gcc-arm-none-eabi-10.3-2021.10/bin/../lib/gcc/arm-none-eabi/10.3.1/../../../../arm-none-eabi/lib/thumb/v7e-m+fp/hard/libc_nano.a(lib_a-makebuf.o)
                0x00000000080068d0                __smakebuf_r
 .text._free_r  0x0000000008006950       0x98 /usr/share/gcc-arm-none-eabi-10.3-2021.10/bin/../lib/gcc/arm-none-eabi/10.3.1/../../../../arm-none-eabi/lib/thumb/v7e-m+fp/hard/libc_nano.a(lib_a-nano-freer.o)
                0x0000000008006950                _free_r
 .text.sbrk_aligned
                0x00000000080069e8       0x40 /usr/share/gcc-arm-none-eabi-10.3-2021.10/bin/../lib/gcc/arm-none-eabi/10.3.1/../../../../arm-none-eabi/lib/thumb/v7e-m+fp/hard/libc_nano.a(lib_a-nano-mallocr.o)
 .text._malloc_r
                0x0000000008006a28       0xe8 /usr/share/gcc-arm-none-eabi-10.3-2021.10/bin/../lib/gcc/arm-none-eabi/10.3.1/../../../../arm-none-eabi/lib/thumb/v7e-m+fp/hard/libc_nano.a(lib_a-nano-mallocr.o)
                0x0000000008006a28                _malloc_r
 .text._sbrk_r  0x0000000008006b10       0x20 /usr/share/gcc-arm-none-eabi-10.3-2021.10/bin/../lib/gcc/arm-none-eabi/10.3.1/../../../../arm-none-eabi/lib/thumb/v7e-m+fp/hard/libc_nano.a(lib_a-sbrkr.o)
                0x0000000008006b10                _sbrk_r
 .text._raise_r
                0x0000000008006b30       0x50 /usr/share/gcc-arm-none-eabi-10.3-2021.10/bin/../lib/gcc/arm-none-eabi/10.3.1/../../../../arm-none-eabi/lib/thumb/v7e-m+fp/hard/libc_nano.a(lib_a-signal.o)
                0x0000000008006b30                _raise_r
 .text.raise    0x0000000008006b80       0x10 /usr/share/gcc-arm-none-eabi-10.3-2021.10/bin/../lib/gcc/arm-none-eabi/10.3.1/../../../../arm-none-eabi/lib/thumb/v7e-m+fp/hard/libc_nano.a(lib_a-signal.o)
                0x0000000008006b80                raise
 .text._kill_r  0x0000000008006b90       0x24 /usr/share/gcc-arm-none-eabi-10.3-2021.10/bin/../lib/gcc/arm-none-eabi/10.3.1/../../../../arm-none-eabi/lib/thumb/v7e-m+fp/hard/libc_nano.a(lib_a-signalr.o)
                0x0000000008006b90                _kill_r
 .text._getpid_r
                0x0000000008006bb4        0x4 /usr/share/gcc-arm-none-eabi-10.3-2021.10/bin/../lib/gcc/arm-none-eabi/10.3.1/../../../../arm-none-eabi/lib/thumb/v7e-m+fp/hard/libc_nano.a(lib_a-signalr.o)
                0x0000000008006bb4                _getpid_r
 .text.__sread  0x0000000008006bb8       0x22 /usr/share/gcc-arm-none-eabi-10.3-2021.10/bin/../lib/gcc/arm-none-eabi/10.3.1/../../../../arm-none-eabi/lib/thumb/v7e-m+fp/hard/libc_nano.a(lib_a-stdio.o)
                0x0000000008006bb8                __sread
 .text.__swrite
                0x0000000008006bda       0x38 /usr/share/gcc-arm-none-eabi-10.3-2021.10/bin/../lib/gcc/arm-none-eabi/10.3.1/../../../../arm-none-eabi/lib/thumb/v7e-m+fp/hard/libc_nano.a(lib_a-stdio.o)
                0x0000000008006bda                __swrite
 .text.__sseek  0x0000000008006c12       0x24 /usr/share/gcc-arm-none-eabi-10.3-2021.10/bin/../lib/gcc/arm-none-eabi/10.3.1/../../../../arm-none-eabi/lib/thumb/v7e-m+fp/hard/libc_nano.a(lib_a-stdio.o)
                0x0000000008006c12                __sseek
 .text.__sclose
                0x0000000008006c36        0x8 /usr/share/gcc-arm-none-eabi-10.3-2021.10/bin/../lib/gcc/arm-none-eabi/10.3.1/../../../../arm-none-eabi/lib/thumb/v7e-m+fp/hard/libc_nano.a(lib_a-stdio.o)
                0x0000000008006c36                __sclose
 *fill*         0x0000000008006c3e        0x2 
 .text._write_r
                0x0000000008006c40       0x24 /usr/share/gcc-arm-none-eabi-10.3-2021.10/bin/../lib/gcc/arm-none-eabi/10.3.1/../../../../arm-none-eabi/lib/thumb/v7e-m+fp/hard/libc_nano.a(lib_a-writer.o)
                0x0000000008006c40                _write_r
 .text._close_r
                0x0000000008006c64       0x20 /usr/share/gcc-arm-none-eabi-10.3-2021.10/bin/../lib/gcc/arm-none-eabi/10.3.1/../../../../arm-none-eabi/lib/thumb/v7e-m+fp/hard/libc_nano.a(lib_a-closer.o)
                0x0000000008006c64                _close_r
 .text._fstat_r
                0x0000000008006c84       0x24 /usr/share/gcc-arm-none-eabi-10.3-2021.10/bin/../lib/gcc/arm-none-eabi/10.3.1/../../../../arm-none-eabi/lib/thumb/v7e-m+fp/hard/libc_nano.a(lib_a-fstatr.o)
                0x0000000008006c84                _fstat_r
 .text._isatty_r
                0x0000000008006ca8       0x20 /usr/share/gcc-arm-none-eabi-10.3-2021.10/bin/../lib/gcc/arm-none-eabi/10.3.1/../../../../arm-none-eabi/lib/thumb/v7e-m+fp/hard/libc_nano.a(lib_a-isattyr.o)
                0x0000000008006ca8                _isatty_r
 .text._lseek_r
                0x0000000008006cc8       0x24 /usr/share/gcc-arm-none-eabi-10.3-2021.10/bin/../lib/gcc/arm-none-eabi/10.3.1/../../../../arm-none-eabi/lib/thumb/v7e-m+fp/hard/libc_nano.a(lib_a-lseekr.o)
                0x0000000008006cc8                _lseek_r
 .text.__malloc_lock
                0x0000000008006cec        0xc /usr/share/gcc-arm-none-eabi-10.3-2021.10/bin/../lib/gcc/arm-none-eabi/10.3.1/../../../../arm-none-eabi/lib/thumb/v7e-m+fp/hard/libc_nano.a(lib_a-mlock.o)
                0x0000000008006cec                __malloc_lock
 .text.__malloc_unlock
                0x0000000008006cf8        0xc /usr/share/gcc-arm-none-eabi-10.3-2021.10/bin/../lib/gcc/arm-none-eabi/10.3.1/../../../../arm-none-eabi/lib/thumb/v7e-m+fp/hard/libc_nano.a(lib_a-mlock.o)
                0x0000000008006cf8                __malloc_unlock
 .text._read_r  0x0000000008006d04       0x24 /usr/share/gcc-arm-none-eabi-10.3-2021.10/bin/../lib/gcc/arm-none-eabi/10.3.1/../../../../arm-none-eabi/lib/thumb/v7e-m+fp/hard/libc_nano.a(lib_a-readr.o)
                0x0000000008006d04                _read_r
 .text._close   0x0000000008006d28       0x10 /usr/share/gcc-arm-none-eabi-10.3-2021.10/bin/../lib/gcc/arm-none-eabi/10.3.1/../../../../arm-none-eabi/lib/thumb/v7e-m+fp/hard/libnosys.a(close.o)
                0x0000000008006d28                _close
 .text._fstat   0x0000000008006d38       0x10 /usr/share/gcc-arm-none-eabi-10.3-2021.10/bin/../lib/gcc/arm-none-eabi/10.3.1/../../../../arm-none-eabi/lib/thumb/v7e-m+fp/hard/libnosys.a(fstat.o)
                0x0000000008006d38                _fstat
 .text._getpid  0x0000000008006d48       0x10 /usr/share/gcc-arm-none-eabi-10.3-2021.10/bin/../lib/gcc/arm-none-eabi/10.3.1/../../../../arm-none-eabi/lib/thumb/v7e-m+fp/hard/libnosys.a(getpid.o)
                0x0000000008006d48                _getpid
 .text._isatty  0x0000000008006d58       0x10 /usr/share/gcc-arm-none-eabi-10.3-2021.10/bin/../lib/gcc/arm-none-eabi/10.3.1/../../../../arm-none-eabi/lib/thumb/v7e-m+fp/hard/libnosys.a(isatty.o)
                0x0000000008006d58                _isatty
 .text._kill    0x0000000008006d68       0x10 /usr/share/gcc-arm-none-eabi-10.3-2021.10/bin/../lib/gcc/arm-none-eabi/10.3.1/../../../../arm-none-eabi/lib/thumb/v7e-m+fp/hard/libnosys.a(kill.o)
                0x0000000008006d68                _kill
 .text._lseek   0x0000000008006d78       0x10 /usr/share/gcc-arm-none-eabi-10.3-2021.10/bin/../lib/gcc/arm-none-eabi/10.3.1/../../../../arm-none-eabi/lib/thumb/v7e-m+fp/hard/libnosys.a(lseek.o)
                0x0000000008006d78                _lseek
 .text._read    0x0000000008006d88       0x10 /usr/share/gcc-arm-none-eabi-10.3-2021.10/bin/../lib/gcc/arm-none-eabi/10.3.1/../../../../arm-none-eabi/lib/thumb/v7e-m+fp/hard/libnosys.a(read.o)
                0x0000000008006d88                _read
 .text._sbrk    0x0000000008006d98       0x1c /usr/share/gcc-arm-none-eabi-10.3-2021.10/bin/../lib/gcc/arm-none-eabi/10.3.1/../../../../arm-none-eabi/lib/thumb/v7e-m+fp/hard/libnosys.a(sbrk.o)
                0x0000000008006d98                _sbrk
 .text._write   0x0000000008006db4       0x10 /usr/share/gcc-arm-none-eabi-10.3-2021.10/bin/../lib/gcc/arm-none-eabi/10.3.1/../../../../arm-none-eabi/lib/thumb/v7e-m+fp/hard/libnosys.a(write.o)
                0x0000000008006db4                _write
 .text._exit    0x0000000008006dc4        0x4 /usr/share/gcc-arm-none-eabi-10.3-2021.10/bin/../lib/gcc/arm-none-eabi/10.3.1/../../../../arm-none-eabi/lib/thumb/v7e-m+fp/hard/libnosys.a(_exit.o)
                0x0000000008006dc4                _exit
 *(.glue_7)
 .glue_7        0x0000000008006dc8        0x0 linker stubs
 *(.glue_7t)
 .glue_7t       0x0000000008006dc8        0x0 linker stubs
 *(.eh_frame)
 .eh_frame      0x0000000008006dc8        0x0 /usr/share/gcc-arm-none-eabi-10.3-2021.10/bin/../lib/gcc/arm-none-eabi/10.3.1/thumb/v7e-m+fp/hard/crtbegin.o
 *(.init)
 .init          0x0000000008006dc8        0x4 /usr/share/gcc-arm-none-eabi-10.3-2021.10/bin/../lib/gcc/arm-none-eabi/10.3.1/thumb/v7e-m+fp/hard/crti.o
                0x0000000008006dc8                _init
 .init          0x0000000008006dcc        0x8 /usr/share/gcc-arm-none-eabi-10.3-2021.10/bin/../lib/gcc/arm-none-eabi/10.3.1/thumb/v7e-m+fp/hard/crtn.o
 *(.fini)
 .fini          0x0000000008006dd4        0x4 /usr/share/gcc-arm-none-eabi-10.3-2021.10/bin/../lib/gcc/arm-none-eabi/10.3.1/thumb/v7e-m+fp/hard/crti.o
                0x0000000008006dd4                _fini
 .fini          0x0000000008006dd8        0x8 /usr/share/gcc-arm-none-eabi-10.3-2021.10/bin/../lib/gcc/arm-none-eabi/10.3.1/thumb/v7e-m+fp/hard/crtn.o
                0x0000000008006de0                . = ALIGN (0x4)
                0x0000000008006de0                _etext = .

.vfp11_veneer   0x0000000008006de0        0x0
 .vfp11_veneer  0x0000000008006de0        0x0 linker stubs

.v4_bx          0x0000000008006de0        0x0
 .v4_bx         0x0000000008006de0        0x0 linker stubs

.iplt           0x0000000008006de0        0x0
 .iplt          0x0000000008006de0        0x0 /usr/share/gcc-arm-none-eabi-10.3-2021.10/bin/../lib/gcc/arm-none-eabi/10.3.1/thumb/v7e-m+fp/hard/crtbegin.o

.rodata         0x0000000008006de0      0xab4
                0x0000000008006de0                . = ALIGN (0x4)
 *(.rodata)
 *(.rodata*)
 .rodata.str1.4
                0x0000000008006de0        0x8 build/ecatapp.o
 .rodata.AHBPrescTable
                0x0000000008006de8       0x10 build/system_stm32f4xx.o
                0x0000000008006de8                AHBPrescTable
 .rodata.APBPrescTable
                0x0000000008006df8        0x8 build/system_stm32f4xx.o
                0x0000000008006df8                APBPrescTable
 .rodata.flagBitshiftOffset.0
                0x0000000008006e00        0x8 build/stm32f4xx_hal_dma.o
 .rodata.str1.4
                0x0000000008006e08       0x38 build/objectlist.o
 .rodata.SDO1000
                0x0000000008006e40       0x14 build/objectlist.o
                0x0000000008006e40                SDO1000
 .rodata.SDO1001
                0x0000000008006e54       0x14 build/objectlist.o
                0x0000000008006e54                SDO1001
 .rodata.SDO1008
                0x0000000008006e68       0x14 build/objectlist.o
                0x0000000008006e68                SDO1008
 .rodata.SDO1009
                0x0000000008006e7c       0x14 build/objectlist.o
                0x0000000008006e7c                SDO1009
 .rodata.SDO100A
                0x0000000008006e90       0x14 build/objectlist.o
                0x0000000008006e90                SDO100A
 .rodata.SDO1018
                0x0000000008006ea4       0x64 build/objectlist.o
                0x0000000008006ea4                SDO1018
 .rodata.SDO10F1
                0x0000000008006f08       0x3c build/objectlist.o
                0x0000000008006f08                SDO10F1
 .rodata.SDO1600
                0x0000000008006f44       0x3c build/objectlist.o
                0x0000000008006f44                SDO1600
 .rodata.SDO1A00
                0x0000000008006f80       0x3c build/objectlist.o
                0x0000000008006f80                SDO1A00
 .rodata.SDO1C00
                0x0000000008006fbc       0x64 build/objectlist.o
                0x0000000008006fbc                SDO1C00
 .rodata.SDO1C12
                0x0000000008007020       0x28 build/objectlist.o
                0x0000000008007020                SDO1C12
 .rodata.SDO1C13
                0x0000000008007048       0x28 build/objectlist.o
                0x0000000008007048                SDO1C13
 .rodata.SDO1C32
                0x0000000008007070       0x78 build/objectlist.o
                0x0000000008007070                SDO1C32
 .rodata.SDO1C33
                0x00000000080070e8       0x78 build/objectlist.o
                0x00000000080070e8                SDO1C33
 .rodata.SDO6002
                0x0000000008007160       0x3c build/objectlist.o
                0x0000000008007160                SDO6002
 .rodata.SDO6060
                0x000000000800719c       0x14 build/objectlist.o
                0x000000000800719c                SDO6060
 .rodata.SDO6061
                0x00000000080071b0       0x14 build/objectlist.o
                0x00000000080071b0                SDO6061
 .rodata.SDO6502
                0x00000000080071c4       0x14 build/objectlist.o
                0x00000000080071c4                SDO6502
 .rodata.SDO7002
                0x00000000080071d8       0x3c build/objectlist.o
                0x00000000080071d8                SDO7002
 .rodata.SDOobjects
                0x0000000008007214      0x140 build/objectlist.o
                0x0000000008007214                SDOobjects
 .rodata.acName1000
                0x0000000008007354        0xc build/objectlist.o
 .rodata.acName1001
                0x0000000008007360        0xf build/objectlist.o
 *fill*         0x000000000800736f        0x1 
 .rodata.acName1008
                0x0000000008007370        0xc build/objectlist.o
 .rodata.acName1009
                0x000000000800737c       0x11 build/objectlist.o
 *fill*         0x000000000800738d        0x3 
 .rodata.acName100A
                0x0000000008007390       0x11 build/objectlist.o
 *fill*         0x00000000080073a1        0x3 
 .rodata.acName1018
                0x00000000080073a4       0x10 build/objectlist.o
 .rodata.acName1018_00
                0x00000000080073b4        0xd build/objectlist.o
 *fill*         0x00000000080073c1        0x3 
 .rodata.acName1018_01
                0x00000000080073c4        0xa build/objectlist.o
 *fill*         0x00000000080073ce        0x2 
 .rodata.acName1018_02
                0x00000000080073d0        0xd build/objectlist.o
 *fill*         0x00000000080073dd        0x3 
 .rodata.acName1018_03
                0x00000000080073e0       0x10 build/objectlist.o
 .rodata.acName1018_04
                0x00000000080073f0        0xe build/objectlist.o
 *fill*         0x00000000080073fe        0x2 
 .rodata.acName10F1
                0x0000000008007400        0xf build/objectlist.o
 *fill*         0x000000000800740f        0x1 
 .rodata.acName10F1_00
                0x0000000008007410        0xd build/objectlist.o
 *fill*         0x000000000800741d        0x3 
 .rodata.acName10F1_01
                0x0000000008007420       0x15 build/objectlist.o
 *fill*         0x0000000008007435        0x3 
 .rodata.acName10F1_02
                0x0000000008007438       0x16 build/objectlist.o
 *fill*         0x000000000800744e        0x2 
 .rodata.acName1600
                0x0000000008007450        0x7 build/objectlist.o
 *fill*         0x0000000008007457        0x1 
 .rodata.acName1600_00
                0x0000000008007458        0xd build/objectlist.o
 *fill*         0x0000000008007465        0x3 
 .rodata.acName1600_01
                0x0000000008007468        0x8 build/objectlist.o
 .rodata.acName1600_02
                0x0000000008007470        0x8 build/objectlist.o
 .rodata.acName1A00
                0x0000000008007478        0x7 build/objectlist.o
 *fill*         0x000000000800747f        0x1 
 .rodata.acName1A00_00
                0x0000000008007480        0xd build/objectlist.o
 *fill*         0x000000000800748d        0x3 
 .rodata.acName1A00_01
                0x0000000008007490        0x8 build/objectlist.o
 .rodata.acName1A00_02
                0x0000000008007498        0x8 build/objectlist.o
 .rodata.acName1C00
                0x00000000080074a0       0x20 build/objectlist.o
 .rodata.acName1C00_00
                0x00000000080074c0        0xd build/objectlist.o
 *fill*         0x00000000080074cd        0x3 
 .rodata.acName1C00_01
                0x00000000080074d0       0x18 build/objectlist.o
 .rodata.acName1C00_02
                0x00000000080074e8       0x18 build/objectlist.o
 .rodata.acName1C00_03
                0x0000000008007500       0x18 build/objectlist.o
 .rodata.acName1C00_04
                0x0000000008007518       0x18 build/objectlist.o
 .rodata.acName1C12
                0x0000000008007530       0x1e build/objectlist.o
 *fill*         0x000000000800754e        0x2 
 .rodata.acName1C12_00
                0x0000000008007550        0xd build/objectlist.o
 *fill*         0x000000000800755d        0x3 
 .rodata.acName1C12_01
                0x0000000008007560        0xc build/objectlist.o
 .rodata.acName1C13
                0x000000000800756c       0x1e build/objectlist.o
 *fill*         0x000000000800758a        0x2 
 .rodata.acName1C13_00
                0x000000000800758c        0xd build/objectlist.o
 *fill*         0x0000000008007599        0x3 
 .rodata.acName1C13_01
                0x000000000800759c        0xc build/objectlist.o
 .rodata.acName1C32
                0x00000000080075a8       0x1a build/objectlist.o
 *fill*         0x00000000080075c2        0x2 
 .rodata.acName1C32_00
                0x00000000080075c4        0xd build/objectlist.o
 *fill*         0x00000000080075d1        0x3 
 .rodata.acName1C32_01
                0x00000000080075d4        0xa build/objectlist.o
 *fill*         0x00000000080075de        0x2 
 .rodata.acName1C32_02
                0x00000000080075e0        0xa build/objectlist.o
 *fill*         0x00000000080075ea        0x2 
 .rodata.acName1C32_03
                0x00000000080075ec        0xa build/objectlist.o
 *fill*         0x00000000080075f6        0x2 
 .rodata.acName1C32_04
                0x00000000080075f8       0x15 build/objectlist.o
 *fill*         0x000000000800760d        0x3 
 .rodata.acName1C32_05
                0x0000000008007610       0x13 build/objectlist.o
 *fill*         0x0000000008007623        0x1 
 .rodata.acName1C33
                0x0000000008007624       0x1a build/objectlist.o
 *fill*         0x000000000800763e        0x2 
 .rodata.acName1C33_00
                0x0000000008007640        0xd build/objectlist.o
 *fill*         0x000000000800764d        0x3 
 .rodata.acName1C33_01
                0x0000000008007650        0xa build/objectlist.o
 *fill*         0x000000000800765a        0x2 
 .rodata.acName1C33_02
                0x000000000800765c        0xa build/objectlist.o
 *fill*         0x0000000008007666        0x2 
 .rodata.acName1C33_03
                0x0000000008007668        0xa build/objectlist.o
 *fill*         0x0000000008007672        0x2 
 .rodata.acName1C33_04
                0x0000000008007674       0x15 build/objectlist.o
 *fill*         0x0000000008007689        0x3 
 .rodata.acName1C33_05
                0x000000000800768c       0x13 build/objectlist.o
 *fill*         0x000000000800769f        0x1 
 .rodata.acName6002
                0x00000000080076a0        0x7 build/objectlist.o
 *fill*         0x00000000080076a7        0x1 
 .rodata.acName6002_00
                0x00000000080076a8        0xd build/objectlist.o
 *fill*         0x00000000080076b5        0x3 
 .rodata.acName6002_01
                0x00000000080076b8        0x8 build/objectlist.o
 .rodata.acName6002_02
                0x00000000080076c0        0x8 build/objectlist.o
 .rodata.acName6060
                0x00000000080076c8       0x13 build/objectlist.o
 *fill*         0x00000000080076db        0x1 
 .rodata.acName6061
                0x00000000080076dc       0x1a build/objectlist.o
 *fill*         0x00000000080076f6        0x2 
 .rodata.acName6502
                0x00000000080076f8       0x16 build/objectlist.o
 *fill*         0x000000000800770e        0x2 
 .rodata.acName7002
                0x0000000008007710        0x7 build/objectlist.o
 *fill*         0x0000000008007717        0x1 
 .rodata.acName7002_00
                0x0000000008007718        0xd build/objectlist.o
 *fill*         0x0000000008007725        0x3 
 .rodata.acName7002_01
                0x0000000008007728        0x8 build/objectlist.o
 .rodata.acName7002_02
                0x0000000008007730        0x8 build/objectlist.o
 .rodata.mb0.3  0x0000000008007738        0x8 build/esc.o
 .rodata.mb1.2  0x0000000008007740        0x8 build/esc.o
 .rodata.mbboot0.1
                0x0000000008007748        0x8 build/esc.o
 .rodata.mbboot1.0
                0x0000000008007750        0x8 build/esc.o
 .rodata.COE_getValue.str1.4
                0x0000000008007758       0x1b build/esc_coe.o
 *fill*         0x0000000008007773        0x1 
 .rodata.COE_pdoPack.str1.4
                0x0000000008007774       0x20 build/esc_coe.o
 .rodata.__func__.0
                0x0000000008007794        0xe build/esc_coe.o
 *fill*         0x00000000080077a2        0x2 
 .rodata.__func__.1
                0x00000000080077a4        0xd build/esc_coe.o
 *fill*         0x00000000080077b1        0x3 
 .rodata.__func__.2
                0x00000000080077b4        0xc build/esc_coe.o
 .rodata.__assert_func.str1.1
                0x00000000080077c0       0x3c /usr/share/gcc-arm-none-eabi-10.3-2021.10/bin/../lib/gcc/arm-none-eabi/10.3.1/../../../../arm-none-eabi/lib/thumb/v7e-m+fp/hard/libc_nano.a(lib_a-assert.o)
                                         0x3d (size before relaxing)
 .rodata._global_impure_ptr
                0x00000000080077fc        0x4 /usr/share/gcc-arm-none-eabi-10.3-2021.10/bin/../lib/gcc/arm-none-eabi/10.3.1/../../../../arm-none-eabi/lib/thumb/v7e-m+fp/hard/libc_nano.a(lib_a-impure.o)
                0x00000000080077fc                _global_impure_ptr
 .rodata._vfprintf_r.str1.1
                0x0000000008007800       0x11 /usr/share/gcc-arm-none-eabi-10.3-2021.10/bin/../lib/gcc/arm-none-eabi/10.3.1/../../../../arm-none-eabi/lib/thumb/v7e-m+fp/hard/libc_nano.a(lib_a-nano-vfprintf.o)
 .rodata._printf_i.str1.1
                0x0000000008007811       0x22 /usr/share/gcc-arm-none-eabi-10.3-2021.10/bin/../lib/gcc/arm-none-eabi/10.3.1/../../../../arm-none-eabi/lib/thumb/v7e-m+fp/hard/libc_nano.a(lib_a-nano-vfprintf_i.o)
 *fill*         0x0000000008007833        0x1 
 .rodata.__sf_fake_stderr
                0x0000000008007834       0x20 /usr/share/gcc-arm-none-eabi-10.3-2021.10/bin/../lib/gcc/arm-none-eabi/10.3.1/../../../../arm-none-eabi/lib/thumb/v7e-m+fp/hard/libc_nano.a(lib_a-findfp.o)
                0x0000000008007834                __sf_fake_stderr
 .rodata.__sf_fake_stdin
                0x0000000008007854       0x20 /usr/share/gcc-arm-none-eabi-10.3-2021.10/bin/../lib/gcc/arm-none-eabi/10.3.1/../../../../arm-none-eabi/lib/thumb/v7e-m+fp/hard/libc_nano.a(lib_a-findfp.o)
                0x0000000008007854                __sf_fake_stdin
 .rodata.__sf_fake_stdout
                0x0000000008007874       0x20 /usr/share/gcc-arm-none-eabi-10.3-2021.10/bin/../lib/gcc/arm-none-eabi/10.3.1/../../../../arm-none-eabi/lib/thumb/v7e-m+fp/hard/libc_nano.a(lib_a-findfp.o)
                0x0000000008007874                __sf_fake_stdout
                0x0000000008007894                . = ALIGN (0x4)

.ARM.extab
 *(.ARM.extab* .gnu.linkonce.armextab.*)

.ARM            0x0000000008007894        0x8
                0x0000000008007894                __exidx_start = .
 *(.ARM.exidx*)
 .ARM.exidx     0x0000000008007894        0x8 /usr/share/gcc-arm-none-eabi-10.3-2021.10/bin/../lib/gcc/arm-none-eabi/10.3.1/thumb/v7e-m+fp/hard/libgcc.a(_udivmoddi4.o)
                0x000000000800789c                __exidx_end = .

.rel.dyn        0x000000000800789c        0x0
 .rel.iplt      0x000000000800789c        0x0 /usr/share/gcc-arm-none-eabi-10.3-2021.10/bin/../lib/gcc/arm-none-eabi/10.3.1/thumb/v7e-m+fp/hard/crtbegin.o

.preinit_array  0x000000000800789c        0x0
                0x000000000800789c                PROVIDE (__preinit_array_start = .)
 *(.preinit_array*)
                0x000000000800789c                PROVIDE (__preinit_array_end = .)

.init_array     0x000000000800789c        0x4
                0x000000000800789c                PROVIDE (__init_array_start = .)
 *(SORT_BY_NAME(.init_array.*))
 *(.init_array*)
 .init_array    0x000000000800789c        0x4 /usr/share/gcc-arm-none-eabi-10.3-2021.10/bin/../lib/gcc/arm-none-eabi/10.3.1/thumb/v7e-m+fp/hard/crtbegin.o
                0x00000000080078a0                PROVIDE (__init_array_end = .)

.fini_array     0x00000000080078a0        0x4
                [!provide]                        PROVIDE (__fini_array_start = .)
 *(SORT_BY_NAME(.fini_array.*))
 *(.fini_array*)
 .fini_array    0x00000000080078a0        0x4 /usr/share/gcc-arm-none-eabi-10.3-2021.10/bin/../lib/gcc/arm-none-eabi/10.3.1/thumb/v7e-m+fp/hard/crtbegin.o
                [!provide]                        PROVIDE (__fini_array_end = .)
                0x00000000080078a4                _sidata = LOADADDR (.data)

.data           0x0000000020000000       0xd4 load address 0x00000000080078a4
                0x0000000020000000                . = ALIGN (0x4)
                0x0000000020000000                _sdata = .
 *(.data)
 *(.data*)
 .data.config   0x0000000020000000       0x50 build/ecatapp.o
 .data.pdo_coe_rxbuf
                0x0000000020000050        0x4 build/pdo_override.o
                0x0000000020000050                pdo_coe_rxbuf
 .data.pdo_coe_txbuf
                0x0000000020000054        0x4 build/pdo_override.o
                0x0000000020000054                pdo_coe_txbuf
 .data.pdo_spi_rxbuf
                0x0000000020000058        0x4 build/pdo_override.o
                0x0000000020000058                pdo_spi_rxbuf
 .data.pdo_spi_txbuf
                0x000000002000005c        0x4 build/pdo_override.o
                0x000000002000005c                pdo_spi_txbuf
 .data.SystemCoreClock
                0x0000000020000060        0x4 build/system_stm32f4xx.o
                0x0000000020000060                SystemCoreClock
 .data.uwTickFreq
                0x0000000020000064        0x1 build/stm32f4xx_hal.o
                0x0000000020000064                uwTickFreq
 *fill*         0x0000000020000065        0x3 
 .data.uwTickPrio
                0x0000000020000068        0x4 build/stm32f4xx_hal.o
                0x0000000020000068                uwTickPrio
 .data.et1100   0x000000002000006c        0x4 build/esc_hw.o
 .data._impure_ptr
                0x0000000020000070        0x4 /usr/share/gcc-arm-none-eabi-10.3-2021.10/bin/../lib/gcc/arm-none-eabi/10.3.1/../../../../arm-none-eabi/lib/thumb/v7e-m+fp/hard/libc_nano.a(lib_a-impure.o)
                0x0000000020000070                _impure_ptr
 .data.impure_data
                0x0000000020000074       0x60 /usr/share/gcc-arm-none-eabi-10.3-2021.10/bin/../lib/gcc/arm-none-eabi/10.3.1/../../../../arm-none-eabi/lib/thumb/v7e-m+fp/hard/libc_nano.a(lib_a-impure.o)
                0x00000000200000d4                . = ALIGN (0x4)
                0x00000000200000d4                _edata = .
                0x0000000008007978                _siccmram = LOADADDR (.ccmram)

.igot.plt       0x00000000200000d4        0x0 load address 0x0000000008007978
 .igot.plt      0x00000000200000d4        0x0 /usr/share/gcc-arm-none-eabi-10.3-2021.10/bin/../lib/gcc/arm-none-eabi/10.3.1/thumb/v7e-m+fp/hard/crtbegin.o

.ccmram         0x0000000010000000        0x0 load address 0x0000000008007978
                0x0000000010000000                . = ALIGN (0x4)
                0x0000000010000000                _sccmram = .
 *(.ccmram)
 *(.ccmram*)
                0x0000000010000000                . = ALIGN (0x4)
                0x0000000010000000                _eccmram = .
                0x0000000010000000                . = ALIGN (0x4)

.bss            0x00000000200000d8     0x1400
                0x00000000200000d8                _sbss = .
                0x00000000200000d8                __bss_start__ = _sbss
 *(.bss)
 .bss           0x00000000200000d8       0x1c /usr/share/gcc-arm-none-eabi-10.3-2021.10/bin/../lib/gcc/arm-none-eabi/10.3.1/thumb/v7e-m+fp/hard/crtbegin.o
 *(.bss*)
 .bss.Obj       0x00000000200000f4       0x44 build/ecatapp.o
                0x00000000200000f4                Obj
 .bss.pdi_irq_flag
                0x0000000020000138        0x1 build/ecatapp.o
                0x0000000020000138                pdi_irq_flag
 .bss.sync0_irq_flag
                0x0000000020000139        0x1 build/ecatapp.o
                0x0000000020000139                sync0_irq_flag
 *fill*         0x000000002000013a        0x2 
 .bss.hcan1     0x000000002000013c       0x28 build/main.o
                0x000000002000013c                hcan1
 .bss.hcan2     0x0000000020000164       0x28 build/main.o
                0x0000000020000164                hcan2
 .bss.hdma_spi2_rx
                0x000000002000018c       0x60 build/main.o
                0x000000002000018c                hdma_spi2_rx
 .bss.hdma_spi2_tx
                0x00000000200001ec       0x60 build/main.o
                0x00000000200001ec                hdma_spi2_tx
 .bss.hspi2     0x000000002000024c       0x58 build/main.o
                0x000000002000024c                hspi2
 .bss.led_1     0x00000000200002a4        0x1 build/main.o
                0x00000000200002a4                led_1
 .bss.led_2     0x00000000200002a5        0x1 build/main.o
                0x00000000200002a5                led_2
 *fill*         0x00000000200002a6        0x2 
 .bss.led_flag  0x00000000200002a8        0x4 build/main.o
                0x00000000200002a8                led_flag
 .bss.pdi_dma_transmission
                0x00000000200002ac        0x1 build/pdo_override.o
                0x00000000200002ac                pdi_dma_transmission
 *fill*         0x00000000200002ad        0x3 
 .bss.pdo_rxbuf
                0x00000000200002b0        0xa build/pdo_override.o
                0x00000000200002b0                pdo_rxbuf
 *fill*         0x00000000200002ba        0x6 
 .bss.pdo_txbuf
                0x00000000200002c0        0xb build/pdo_override.o
                0x00000000200002c0                pdo_txbuf
 *fill*         0x00000000200002cb        0x1 
 .bss.HAL_RCC_CAN1_CLK_ENABLED
                0x00000000200002cc        0x4 build/stm32f4xx_hal_msp.o
 .bss.htim6     0x00000000200002d0       0x48 build/stm32f4xx_hal_timebase_tim.o
                0x00000000200002d0                htim6
 .bss.uwTick    0x0000000020000318        0x4 build/stm32f4xx_hal.o
                0x0000000020000318                uwTick
 .bss.read_termination
                0x000000002000031c       0x80 build/esc_hw.o
 .bss.ESCvar    0x000000002000039c      0x6ec build/ecat_slv.o
                0x000000002000039c                ESCvar
 .bss.MBX       0x0000000020000a88      0x600 build/ecat_slv.o
                0x0000000020000a88                MBX
 .bss.MBXcontrol
                0x0000000020001088        0x3 build/ecat_slv.o
                0x0000000020001088                MBXcontrol
 *fill*         0x000000002000108b        0x1 
 .bss.SMmap2    0x000000002000108c       0x18 build/ecat_slv.o
                0x000000002000108c                SMmap2
 .bss.SMmap3    0x00000000200010a4       0x18 build/ecat_slv.o
                0x00000000200010a4                SMmap3
 *fill*         0x00000000200010bc        0x4 
 .bss.rxpdo     0x00000000200010c0      0x200 build/ecat_slv.o
 .bss.txpdo     0x00000000200012c0      0x200 build/ecat_slv.o
 .bss.watchdog  0x00000000200014c0        0x4 build/ecat_slv.o
 .bss.as_all    0x00000000200014c4        0x1 build/esc.o
                0x00000000200014c4                as_all
 .bss.__lock___malloc_recursive_mutex
                0x00000000200014c5        0x1 /usr/share/gcc-arm-none-eabi-10.3-2021.10/bin/../lib/gcc/arm-none-eabi/10.3.1/../../../../arm-none-eabi/lib/thumb/v7e-m+fp/hard/libc_nano.a(lib_a-lock.o)
                0x00000000200014c5                __lock___malloc_recursive_mutex
 .bss.__lock___sfp_recursive_mutex
                0x00000000200014c6        0x1 /usr/share/gcc-arm-none-eabi-10.3-2021.10/bin/../lib/gcc/arm-none-eabi/10.3.1/../../../../arm-none-eabi/lib/thumb/v7e-m+fp/hard/libc_nano.a(lib_a-lock.o)
                0x00000000200014c6                __lock___sfp_recursive_mutex
 .bss.__lock___sinit_recursive_mutex
                0x00000000200014c7        0x1 /usr/share/gcc-arm-none-eabi-10.3-2021.10/bin/../lib/gcc/arm-none-eabi/10.3.1/../../../../arm-none-eabi/lib/thumb/v7e-m+fp/hard/libc_nano.a(lib_a-lock.o)
                0x00000000200014c7                __lock___sinit_recursive_mutex
 .bss.__malloc_free_list
                0x00000000200014c8        0x4 /usr/share/gcc-arm-none-eabi-10.3-2021.10/bin/../lib/gcc/arm-none-eabi/10.3.1/../../../../arm-none-eabi/lib/thumb/v7e-m+fp/hard/libc_nano.a(lib_a-nano-mallocr.o)
                0x00000000200014c8                __malloc_free_list
 .bss.__malloc_sbrk_start
                0x00000000200014cc        0x4 /usr/share/gcc-arm-none-eabi-10.3-2021.10/bin/../lib/gcc/arm-none-eabi/10.3.1/../../../../arm-none-eabi/lib/thumb/v7e-m+fp/hard/libc_nano.a(lib_a-nano-mallocr.o)
                0x00000000200014cc                __malloc_sbrk_start
 .bss.errno     0x00000000200014d0        0x4 /usr/share/gcc-arm-none-eabi-10.3-2021.10/bin/../lib/gcc/arm-none-eabi/10.3.1/../../../../arm-none-eabi/lib/thumb/v7e-m+fp/hard/libc_nano.a(lib_a-reent.o)
                0x00000000200014d0                errno
 .bss.heap_end.0
                0x00000000200014d4        0x4 /usr/share/gcc-arm-none-eabi-10.3-2021.10/bin/../lib/gcc/arm-none-eabi/10.3.1/../../../../arm-none-eabi/lib/thumb/v7e-m+fp/hard/libnosys.a(sbrk.o)
 *(COMMON)
                0x00000000200014d8                . = ALIGN (0x4)
                0x00000000200014d8                _ebss = .
                0x00000000200014d8                __bss_end__ = _ebss

._user_heap_stack
                0x00000000200014d8      0x600
                0x00000000200014d8                . = ALIGN (0x8)
                0x00000000200014d8                PROVIDE (end = .)
                [!provide]                        PROVIDE (_end = .)
                0x00000000200016d8                . = (. + _Min_Heap_Size)
 *fill*         0x00000000200014d8      0x200 
                0x0000000020001ad8                . = (. + _Min_Stack_Size)
 *fill*         0x00000000200016d8      0x400 
                0x0000000020001ad8                . = ALIGN (0x8)

/DISCARD/
 libc.a(*)
 libm.a(*)
 libgcc.a(*)

.ARM.attributes
                0x0000000000000000       0x30
 *(.ARM.attributes)
 .ARM.attributes
                0x0000000000000000       0x1e /usr/share/gcc-arm-none-eabi-10.3-2021.10/bin/../lib/gcc/arm-none-eabi/10.3.1/thumb/v7e-m+fp/hard/crti.o
 .ARM.attributes
                0x000000000000001e       0x34 /usr/share/gcc-arm-none-eabi-10.3-2021.10/bin/../lib/gcc/arm-none-eabi/10.3.1/thumb/v7e-m+fp/hard/crtbegin.o
 .ARM.attributes
                0x0000000000000052       0x34 build/ecatapp.o
 .ARM.attributes
                0x0000000000000086       0x34 build/main.o
 .ARM.attributes
                0x00000000000000ba       0x34 build/pdo_override.o
 .ARM.attributes
                0x00000000000000ee       0x34 build/stm32f4xx_hal_msp.o
 .ARM.attributes
                0x0000000000000122       0x34 build/stm32f4xx_hal_timebase_tim.o
 .ARM.attributes
                0x0000000000000156       0x34 build/stm32f4xx_it.o
 .ARM.attributes
                0x000000000000018a       0x34 build/system_stm32f4xx.o
 .ARM.attributes
                0x00000000000001be       0x34 build/stm32f4xx_hal.o
 .ARM.attributes
                0x00000000000001f2       0x34 build/stm32f4xx_hal_can.o
 .ARM.attributes
                0x0000000000000226       0x34 build/stm32f4xx_hal_cortex.o
 .ARM.attributes
                0x000000000000025a       0x34 build/stm32f4xx_hal_dma.o
 .ARM.attributes
                0x000000000000028e       0x34 build/stm32f4xx_hal_gpio.o
 .ARM.attributes
                0x00000000000002c2       0x34 build/stm32f4xx_hal_rcc.o
 .ARM.attributes
                0x00000000000002f6       0x34 build/stm32f4xx_hal_spi.o
 .ARM.attributes
                0x000000000000032a       0x34 build/stm32f4xx_hal_tim.o
 .ARM.attributes
                0x000000000000035e       0x34 build/stm32f4xx_hal_tim_ex.o
 .ARM.attributes
                0x0000000000000392       0x34 build/objectlist.o
 .ARM.attributes
                0x00000000000003c6       0x34 build/esc_hw.o
 .ARM.attributes
                0x00000000000003fa       0x34 build/ecat_slv.o
 .ARM.attributes
                0x000000000000042e       0x34 build/esc.o
 .ARM.attributes
                0x0000000000000462       0x34 build/esc_coe.o
 .ARM.attributes
                0x0000000000000496       0x34 build/esc_irq.o
 .ARM.attributes
                0x00000000000004ca       0x34 build/rst.o
 .ARM.attributes
                0x00000000000004fe       0x34 build/spi.o
 .ARM.attributes
                0x0000000000000532       0x21 build/startup_stm32f405xx.o
 .ARM.attributes
                0x0000000000000553       0x34 /usr/share/gcc-arm-none-eabi-10.3-2021.10/bin/../lib/gcc/arm-none-eabi/10.3.1/../../../../arm-none-eabi/lib/thumb/v7e-m+fp/hard/libc_nano.a(lib_a-assert.o)
 .ARM.attributes
                0x0000000000000587       0x34 /usr/share/gcc-arm-none-eabi-10.3-2021.10/bin/../lib/gcc/arm-none-eabi/10.3.1/../../../../arm-none-eabi/lib/thumb/v7e-m+fp/hard/libc_nano.a(lib_a-fprintf.o)
 .ARM.attributes
                0x00000000000005bb       0x34 /usr/share/gcc-arm-none-eabi-10.3-2021.10/bin/../lib/gcc/arm-none-eabi/10.3.1/../../../../arm-none-eabi/lib/thumb/v7e-m+fp/hard/libc_nano.a(lib_a-impure.o)
 .ARM.attributes
                0x00000000000005ef       0x34 /usr/share/gcc-arm-none-eabi-10.3-2021.10/bin/../lib/gcc/arm-none-eabi/10.3.1/../../../../arm-none-eabi/lib/thumb/v7e-m+fp/hard/libc_nano.a(lib_a-init.o)
 .ARM.attributes
                0x0000000000000623       0x34 /usr/share/gcc-arm-none-eabi-10.3-2021.10/bin/../lib/gcc/arm-none-eabi/10.3.1/../../../../arm-none-eabi/lib/thumb/v7e-m+fp/hard/libc_nano.a(lib_a-memcpy-stub.o)
 .ARM.attributes
                0x0000000000000657       0x34 /usr/share/gcc-arm-none-eabi-10.3-2021.10/bin/../lib/gcc/arm-none-eabi/10.3.1/../../../../arm-none-eabi/lib/thumb/v7e-m+fp/hard/libc_nano.a(lib_a-memset.o)
 .ARM.attributes
                0x000000000000068b       0x34 /usr/share/gcc-arm-none-eabi-10.3-2021.10/bin/../lib/gcc/arm-none-eabi/10.3.1/../../../../arm-none-eabi/lib/thumb/v7e-m+fp/hard/libc_nano.a(lib_a-nano-vfprintf.o)
 .ARM.attributes
                0x00000000000006bf       0x34 /usr/share/gcc-arm-none-eabi-10.3-2021.10/bin/../lib/gcc/arm-none-eabi/10.3.1/../../../../arm-none-eabi/lib/thumb/v7e-m+fp/hard/libc_nano.a(lib_a-nano-vfprintf_i.o)
 .ARM.attributes
                0x00000000000006f3       0x34 /usr/share/gcc-arm-none-eabi-10.3-2021.10/bin/../lib/gcc/arm-none-eabi/10.3.1/../../../../arm-none-eabi/lib/thumb/v7e-m+fp/hard/libc_nano.a(lib_a-wbuf.o)
 .ARM.attributes
                0x0000000000000727       0x34 /usr/share/gcc-arm-none-eabi-10.3-2021.10/bin/../lib/gcc/arm-none-eabi/10.3.1/../../../../arm-none-eabi/lib/thumb/v7e-m+fp/hard/libc_nano.a(lib_a-wsetup.o)
 .ARM.attributes
                0x000000000000075b       0x34 /usr/share/gcc-arm-none-eabi-10.3-2021.10/bin/../lib/gcc/arm-none-eabi/10.3.1/../../../../arm-none-eabi/lib/thumb/v7e-m+fp/hard/libc_nano.a(lib_a-abort.o)
 .ARM.attributes
                0x000000000000078f       0x34 /usr/share/gcc-arm-none-eabi-10.3-2021.10/bin/../lib/gcc/arm-none-eabi/10.3.1/../../../../arm-none-eabi/lib/thumb/v7e-m+fp/hard/libc_nano.a(lib_a-fflush.o)
 .ARM.attributes
                0x00000000000007c3       0x34 /usr/share/gcc-arm-none-eabi-10.3-2021.10/bin/../lib/gcc/arm-none-eabi/10.3.1/../../../../arm-none-eabi/lib/thumb/v7e-m+fp/hard/libc_nano.a(lib_a-findfp.o)
 .ARM.attributes
                0x00000000000007f7       0x34 /usr/share/gcc-arm-none-eabi-10.3-2021.10/bin/../lib/gcc/arm-none-eabi/10.3.1/../../../../arm-none-eabi/lib/thumb/v7e-m+fp/hard/libc_nano.a(lib_a-fwalk.o)
 .ARM.attributes
                0x000000000000082b       0x34 /usr/share/gcc-arm-none-eabi-10.3-2021.10/bin/../lib/gcc/arm-none-eabi/10.3.1/../../../../arm-none-eabi/lib/thumb/v7e-m+fp/hard/libc_nano.a(lib_a-lock.o)
 .ARM.attributes
                0x000000000000085f       0x34 /usr/share/gcc-arm-none-eabi-10.3-2021.10/bin/../lib/gcc/arm-none-eabi/10.3.1/../../../../arm-none-eabi/lib/thumb/v7e-m+fp/hard/libc_nano.a(lib_a-makebuf.o)
 .ARM.attributes
                0x0000000000000893       0x1c /usr/share/gcc-arm-none-eabi-10.3-2021.10/bin/../lib/gcc/arm-none-eabi/10.3.1/../../../../arm-none-eabi/lib/thumb/v7e-m+fp/hard/libc_nano.a(lib_a-memchr.o)
 .ARM.attributes
                0x00000000000008af       0x34 /usr/share/gcc-arm-none-eabi-10.3-2021.10/bin/../lib/gcc/arm-none-eabi/10.3.1/../../../../arm-none-eabi/lib/thumb/v7e-m+fp/hard/libc_nano.a(lib_a-nano-freer.o)
 .ARM.attributes
                0x00000000000008e3       0x34 /usr/share/gcc-arm-none-eabi-10.3-2021.10/bin/../lib/gcc/arm-none-eabi/10.3.1/../../../../arm-none-eabi/lib/thumb/v7e-m+fp/hard/libc_nano.a(lib_a-nano-mallocr.o)
 .ARM.attributes
                0x0000000000000917       0x34 /usr/share/gcc-arm-none-eabi-10.3-2021.10/bin/../lib/gcc/arm-none-eabi/10.3.1/../../../../arm-none-eabi/lib/thumb/v7e-m+fp/hard/libc_nano.a(lib_a-sbrkr.o)
 .ARM.attributes
                0x000000000000094b       0x34 /usr/share/gcc-arm-none-eabi-10.3-2021.10/bin/../lib/gcc/arm-none-eabi/10.3.1/../../../../arm-none-eabi/lib/thumb/v7e-m+fp/hard/libc_nano.a(lib_a-signal.o)
 .ARM.attributes
                0x000000000000097f       0x34 /usr/share/gcc-arm-none-eabi-10.3-2021.10/bin/../lib/gcc/arm-none-eabi/10.3.1/../../../../arm-none-eabi/lib/thumb/v7e-m+fp/hard/libc_nano.a(lib_a-signalr.o)
 .ARM.attributes
                0x00000000000009b3       0x34 /usr/share/gcc-arm-none-eabi-10.3-2021.10/bin/../lib/gcc/arm-none-eabi/10.3.1/../../../../arm-none-eabi/lib/thumb/v7e-m+fp/hard/libc_nano.a(lib_a-stdio.o)
 .ARM.attributes
                0x00000000000009e7       0x34 /usr/share/gcc-arm-none-eabi-10.3-2021.10/bin/../lib/gcc/arm-none-eabi/10.3.1/../../../../arm-none-eabi/lib/thumb/v7e-m+fp/hard/libc_nano.a(lib_a-writer.o)
 .ARM.attributes
                0x0000000000000a1b       0x34 /usr/share/gcc-arm-none-eabi-10.3-2021.10/bin/../lib/gcc/arm-none-eabi/10.3.1/../../../../arm-none-eabi/lib/thumb/v7e-m+fp/hard/libc_nano.a(lib_a-closer.o)
 .ARM.attributes
                0x0000000000000a4f       0x34 /usr/share/gcc-arm-none-eabi-10.3-2021.10/bin/../lib/gcc/arm-none-eabi/10.3.1/../../../../arm-none-eabi/lib/thumb/v7e-m+fp/hard/libc_nano.a(lib_a-fstatr.o)
 .ARM.attributes
                0x0000000000000a83       0x34 /usr/share/gcc-arm-none-eabi-10.3-2021.10/bin/../lib/gcc/arm-none-eabi/10.3.1/../../../../arm-none-eabi/lib/thumb/v7e-m+fp/hard/libc_nano.a(lib_a-isattyr.o)
 .ARM.attributes
                0x0000000000000ab7       0x34 /usr/share/gcc-arm-none-eabi-10.3-2021.10/bin/../lib/gcc/arm-none-eabi/10.3.1/../../../../arm-none-eabi/lib/thumb/v7e-m+fp/hard/libc_nano.a(lib_a-lseekr.o)
 .ARM.attributes
                0x0000000000000aeb       0x34 /usr/share/gcc-arm-none-eabi-10.3-2021.10/bin/../lib/gcc/arm-none-eabi/10.3.1/../../../../arm-none-eabi/lib/thumb/v7e-m+fp/hard/libc_nano.a(lib_a-mlock.o)
 .ARM.attributes
                0x0000000000000b1f       0x34 /usr/share/gcc-arm-none-eabi-10.3-2021.10/bin/../lib/gcc/arm-none-eabi/10.3.1/../../../../arm-none-eabi/lib/thumb/v7e-m+fp/hard/libc_nano.a(lib_a-readr.o)
 .ARM.attributes
                0x0000000000000b53       0x34 /usr/share/gcc-arm-none-eabi-10.3-2021.10/bin/../lib/gcc/arm-none-eabi/10.3.1/../../../../arm-none-eabi/lib/thumb/v7e-m+fp/hard/libc_nano.a(lib_a-reent.o)
 .ARM.attributes
                0x0000000000000b87       0x34 /usr/share/gcc-arm-none-eabi-10.3-2021.10/bin/../lib/gcc/arm-none-eabi/10.3.1/../../../../arm-none-eabi/lib/thumb/v7e-m+fp/hard/libnosys.a(close.o)
 .ARM.attributes
                0x0000000000000bbb       0x34 /usr/share/gcc-arm-none-eabi-10.3-2021.10/bin/../lib/gcc/arm-none-eabi/10.3.1/../../../../arm-none-eabi/lib/thumb/v7e-m+fp/hard/libnosys.a(fstat.o)
 .ARM.attributes
                0x0000000000000bef       0x34 /usr/share/gcc-arm-none-eabi-10.3-2021.10/bin/../lib/gcc/arm-none-eabi/10.3.1/../../../../arm-none-eabi/lib/thumb/v7e-m+fp/hard/libnosys.a(getpid.o)
 .ARM.attributes
                0x0000000000000c23       0x34 /usr/share/gcc-arm-none-eabi-10.3-2021.10/bin/../lib/gcc/arm-none-eabi/10.3.1/../../../../arm-none-eabi/lib/thumb/v7e-m+fp/hard/libnosys.a(isatty.o)
 .ARM.attributes
                0x0000000000000c57       0x34 /usr/share/gcc-arm-none-eabi-10.3-2021.10/bin/../lib/gcc/arm-none-eabi/10.3.1/../../../../arm-none-eabi/lib/thumb/v7e-m+fp/hard/libnosys.a(kill.o)
 .ARM.attributes
                0x0000000000000c8b       0x34 /usr/share/gcc-arm-none-eabi-10.3-2021.10/bin/../lib/gcc/arm-none-eabi/10.3.1/../../../../arm-none-eabi/lib/thumb/v7e-m+fp/hard/libnosys.a(lseek.o)
 .ARM.attributes
                0x0000000000000cbf       0x34 /usr/share/gcc-arm-none-eabi-10.3-2021.10/bin/../lib/gcc/arm-none-eabi/10.3.1/../../../../arm-none-eabi/lib/thumb/v7e-m+fp/hard/libnosys.a(read.o)
 .ARM.attributes
                0x0000000000000cf3       0x34 /usr/share/gcc-arm-none-eabi-10.3-2021.10/bin/../lib/gcc/arm-none-eabi/10.3.1/../../../../arm-none-eabi/lib/thumb/v7e-m+fp/hard/libnosys.a(sbrk.o)
 .ARM.attributes
                0x0000000000000d27       0x34 /usr/share/gcc-arm-none-eabi-10.3-2021.10/bin/../lib/gcc/arm-none-eabi/10.3.1/../../../../arm-none-eabi/lib/thumb/v7e-m+fp/hard/libnosys.a(write.o)
 .ARM.attributes