Archive member included to satisfy reference by file (symbol)

/usr/lib/gcc/arm-none-eabi/10.3.1/../../../arm-none-eabi/lib/thumb/v7e-m+fp/hard/libc_nano.a(lib_a-assert.o)
                              build/esc_coe.o (__assert_func)
/usr/lib/gcc/arm-none-eabi/10.3.1/../../../arm-none-eabi/lib/thumb/v7e-m+fp/hard/libc_nano.a(lib_a-atexit.o)
                              /usr/lib/gcc/arm-none-eabi/10.3.1/../../../arm-none-eabi/lib/thumb/v7e-m+fp/hard/crt0.o (atexit)
/usr/lib/gcc/arm-none-eabi/10.3.1/../../../arm-none-eabi/lib/thumb/v7e-m+fp/hard/libc_nano.a(lib_a-exit.o)
                              /usr/lib/gcc/arm-none-eabi/10.3.1/../../../arm-none-eabi/lib/thumb/v7e-m+fp/hard/crt0.o (exit)
/usr/lib/gcc/arm-none-eabi/10.3.1/../../../arm-none-eabi/lib/thumb/v7e-m+fp/hard/libc_nano.a(lib_a-fini.o)
                              /usr/lib/gcc/arm-none-eabi/10.3.1/../../../arm-none-eabi/lib/thumb/v7e-m+fp/hard/crt0.o (__libc_fini_array)
/usr/lib/gcc/arm-none-eabi/10.3.1/../../../arm-none-eabi/lib/thumb/v7e-m+fp/hard/libc_nano.a(lib_a-fprintf.o)
                              /usr/lib/gcc/arm-none-eabi/10.3.1/../../../arm-none-eabi/lib/thumb/v7e-m+fp/hard/libc_nano.a(lib_a-assert.o) (fiprintf)
/usr/lib/gcc/arm-none-eabi/10.3.1/../../../arm-none-eabi/lib/thumb/v7e-m+fp/hard/libc_nano.a(lib_a-impure.o)
                              /usr/lib/gcc/arm-none-eabi/10.3.1/../../../arm-none-eabi/lib/thumb/v7e-m+fp/hard/libc_nano.a(lib_a-exit.o) (_global_impure_ptr)
/usr/lib/gcc/arm-none-eabi/10.3.1/../../../arm-none-eabi/lib/thumb/v7e-m+fp/hard/libc_nano.a(lib_a-init.o)
                              /usr/lib/gcc/arm-none-eabi/10.3.1/../../../arm-none-eabi/lib/thumb/v7e-m+fp/hard/crt0.o (__libc_init_array)
/usr/lib/gcc/arm-none-eabi/10.3.1/../../../arm-none-eabi/lib/thumb/v7e-m+fp/hard/libc_nano.a(lib_a-memcpy.o)
                              build/esc_coe.o (memcpy)
/usr/lib/gcc/arm-none-eabi/10.3.1/../../../arm-none-eabi/lib/thumb/v7e-m+fp/hard/libc_nano.a(lib_a-memset.o)
                              /usr/lib/gcc/arm-none-eabi/10.3.1/../../../arm-none-eabi/lib/thumb/v7e-m+fp/hard/crt0.o (memset)
/usr/lib/gcc/arm-none-eabi/10.3.1/../../../arm-none-eabi/lib/thumb/v7e-m+fp/hard/libc_nano.a(lib_a-nano-vfprintf.o)
                              /usr/lib/gcc/arm-none-eabi/10.3.1/../../../arm-none-eabi/lib/thumb/v7e-m+fp/hard/libc_nano.a(lib_a-fprintf.o) (_vfprintf_r)
/usr/lib/gcc/arm-none-eabi/10.3.1/../../../arm-none-eabi/lib/thumb/v7e-m+fp/hard/libc_nano.a(lib_a-nano-vfprintf_i.o)
                              /usr/lib/gcc/arm-none-eabi/10.3.1/../../../arm-none-eabi/lib/thumb/v7e-m+fp/hard/libc_nano.a(lib_a-nano-vfprintf.o) (_printf_i)
/usr/lib/gcc/arm-none-eabi/10.3.1/../../../arm-none-eabi/lib/thumb/v7e-m+fp/hard/libc_nano.a(lib_a-strncmp.o)
                              build/esc_foe.o (strncmp)
/usr/lib/gcc/arm-none-eabi/10.3.1/../../../arm-none-eabi/lib/thumb/v7e-m+fp/hard/libc_nano.a(lib_a-wbuf.o)
                              /usr/lib/gcc/arm-none-eabi/10.3.1/../../../arm-none-eabi/lib/thumb/v7e-m+fp/hard/libc_nano.a(lib_a-nano-vfprintf.o) (__swbuf_r)
/usr/lib/gcc/arm-none-eabi/10.3.1/../../../arm-none-eabi/lib/thumb/v7e-m+fp/hard/libc_nano.a(lib_a-wsetup.o)
                              /usr/lib/gcc/arm-none-eabi/10.3.1/../../../arm-none-eabi/lib/thumb/v7e-m+fp/hard/libc_nano.a(lib_a-nano-vfprintf.o) (__swsetup_r)
/usr/lib/gcc/arm-none-eabi/10.3.1/../../../arm-none-eabi/lib/thumb/v7e-m+fp/hard/libc_nano.a(lib_a-__atexit.o)
                              /usr/lib/gcc/arm-none-eabi/10.3.1/../../../arm-none-eabi/lib/thumb/v7e-m+fp/hard/libc_nano.a(lib_a-atexit.o) (__register_exitproc)
/usr/lib/gcc/arm-none-eabi/10.3.1/../../../arm-none-eabi/lib/thumb/v7e-m+fp/hard/libc_nano.a(lib_a-__call_atexit.o)
                              /usr/lib/gcc/arm-none-eabi/10.3.1/../../../arm-none-eabi/lib/thumb/v7e-m+fp/hard/libc_nano.a(lib_a-__atexit.o) (__call_exitprocs)
/usr/lib/gcc/arm-none-eabi/10.3.1/../../../arm-none-eabi/lib/thumb/v7e-m+fp/hard/libc_nano.a(lib_a-abort.o)
                              /usr/lib/gcc/arm-none-eabi/10.3.1/../../../arm-none-eabi/lib/thumb/v7e-m+fp/hard/libc_nano.a(lib_a-assert.o) (abort)
/usr/lib/gcc/arm-none-eabi/10.3.1/../../../arm-none-eabi/lib/thumb/v7e-m+fp/hard/libc_nano.a(lib_a-fflush.o)
                              /usr/lib/gcc/arm-none-eabi/10.3.1/../../../arm-none-eabi/lib/thumb/v7e-m+fp/hard/libc_nano.a(lib_a-wbuf.o) (_fflush_r)
/usr/lib/gcc/arm-none-eabi/10.3.1/../../../arm-none-eabi/lib/thumb/v7e-m+fp/hard/libc_nano.a(lib_a-findfp.o)
                              /usr/lib/gcc/arm-none-eabi/10.3.1/../../../arm-none-eabi/lib/thumb/v7e-m+fp/hard/libc_nano.a(lib_a-nano-vfprintf.o) (__sinit)
/usr/lib/gcc/arm-none-eabi/10.3.1/../../../arm-none-eabi/lib/thumb/v7e-m+fp/hard/libc_nano.a(lib_a-fvwrite.o)
                              /usr/lib/gcc/arm-none-eabi/10.3.1/../../../arm-none-eabi/lib/thumb/v7e-m+fp/hard/libc_nano.a(lib_a-nano-vfprintf.o) (__sfvwrite_r)
[...]
Memory Configuration

Name             Origin             Length             Attributes
RAM              0x0000000020000000 0x0000000000020000 xrw
CCMRAM           0x0000000010000000 0x0000000000010000 xrw
FLASH            0x0000000008000000 0x0000000000100000 xr
*default*        0x0000000000000000 0xffffffffffffffff

Linker script and memory map

LOAD /usr/lib/gcc/arm-none-eabi/10.3.1/thumb/v7e-m+fp/hard/crti.o
LOAD /usr/lib/gcc/arm-none-eabi/10.3.1/thumb/v7e-m+fp/hard/crtbegin.o
LOAD /usr/lib/gcc/arm-none-eabi/10.3.1/../../../arm-none-eabi/lib/thumb/v7e-m+fp/hard/crt0.o
LOAD build/ecatapp.o
LOAD build/main.o
LOAD build/pdo_override.o
LOAD build/misc.o
LOAD build/stm32f4xx_adc.o
LOAD build/stm32f4xx_can.o
LOAD build/stm32f4xx_cec.o
LOAD build/stm32f4xx_crc.o
LOAD build/stm32f4xx_cryp.o
LOAD build/stm32f4xx_cryp_aes.o
LOAD build/stm32f4xx_cryp_des.o
LOAD build/stm32f4xx_cryp_tdes.o
LOAD build/stm32f4xx_dac.o
LOAD build/stm32f4xx_dbgmcu.o
LOAD build/stm32f4xx_dcmi.o
LOAD build/stm32f4xx_dma.o
LOAD build/stm32f4xx_dma2d.o
LOAD build/stm32f4xx_dsi.o
LOAD build/stm32f4xx_exti.o
LOAD build/stm32f4xx_flash.o
LOAD build/stm32f4xx_flash_ramfunc.o
LOAD build/stm32f4xx_fmpi2c.o
LOAD build/stm32f4xx_fsmc.o
LOAD build/stm32f4xx_gpio.o
LOAD build/stm32f4xx_hash.o
LOAD build/stm32f4xx_hash_md5.o
LOAD build/stm32f4xx_hash_sha1.o
LOAD build/stm32f4xx_i2c.o
LOAD build/stm32f4xx_iwdg.o
LOAD build/stm32f4xx_lptim.o
LOAD build/stm32f4xx_ltdc.o
LOAD build/stm32f4xx_pwr.o
LOAD build/stm32f4xx_qspi.o
LOAD build/stm32f4xx_rcc.o
LOAD build/stm32f4xx_rng.o
LOAD build/stm32f4xx_rtc.o
LOAD build/stm32f4xx_sai.o
LOAD build/stm32f4xx_sdio.o
LOAD build/stm32f4xx_spdifrx.o
LOAD build/stm32f4xx_spi.o
LOAD build/stm32f4xx_syscfg.o
LOAD build/stm32f4xx_tim.o
LOAD build/stm32f4xx_usart.o
LOAD build/stm32f4xx_wwdg.o
LOAD build/delay.o
LOAD build/system_stm32f4xx.o
LOAD build/objectlist.o
LOAD build/esc_hw.o
LOAD build/ecat_slv.o
LOAD build/esc.o
LOAD build/esc_coe.o
LOAD build/esc_eep.o
LOAD build/esc_eoe.o
LOAD build/esc_foe.o
LOAD build/esc_irq.o
LOAD build/rst.o
LOAD build/spi.o
LOAD build/startup_stm32f405xx.o
LOAD /usr/lib/gcc/arm-none-eabi/10.3.1/../../../arm-none-eabi/lib/thumb/v7e-m+fp/hard/libc_nano.a
LOAD /usr/lib/gcc/arm-none-eabi/10.3.1/../../../arm-none-eabi/lib/thumb/v7e-m+fp/hard/libm.a
LOAD /usr/lib/gcc/arm-none-eabi/10.3.1/../../../arm-none-eabi/lib/thumb/v7e-m+fp/hard/libnosys.a
START GROUP
LOAD /usr/lib/gcc/arm-none-eabi/10.3.1/thumb/v7e-m+fp/hard/libgcc.a
LOAD /usr/lib/gcc/arm-none-eabi/10.3.1/../../../arm-none-eabi/lib/thumb/v7e-m+fp/hard/libc_nano.a
END GROUP
START GROUP
LOAD /usr/lib/gcc/arm-none-eabi/10.3.1/thumb/v7e-m+fp/hard/libgcc.a
LOAD /usr/lib/gcc/arm-none-eabi/10.3.1/../../../arm-none-eabi/lib/thumb/v7e-m+fp/hard/libc_nano.a
END GROUP
LOAD /usr/lib/gcc/arm-none-eabi/10.3.1/thumb/v7e-m+fp/hard/crtend.o
LOAD /usr/lib/gcc/arm-none-eabi/10.3.1/thumb/v7e-m+fp/hard/crtn.o
                0x0000000020020000                _estack = (ORIGIN (RAM) + LENGTH (RAM))
                0x0000000000000200                _Min_Heap_Size = 0x200
                0x0000000000000400                _Min_Stack_Size = 0x400

.isr_vector     0x0000000008000000      0x188
                0x0000000008000000                . = ALIGN (0x4)
 *(.isr_vector)
 .isr_vector    0x0000000008000000      0x188 build/startup_stm32f405xx.o
                0x0000000008000000                g_pfnVectors
                0x0000000008000188                . = ALIGN (0x4)

.text           0x0000000008000190     0x5ba0
                0x0000000008000190                . = ALIGN (0x4)
 *(.text)
 .text          0x0000000008000190       0x88 /usr/lib/gcc/arm-none-eabi/10.3.1/thumb/v7e-m+fp/hard/crtbegin.o
 .text          0x0000000008000218       0x4c /usr/lib/gcc/arm-none-eabi/10.3.1/../../../arm-none-eabi/lib/thumb/v7e-m+fp/hard/libc_nano.a(lib_a-assert.o)
                0x0000000008000218                __assert_func
                0x0000000008000258                __assert
 .text          0x0000000008000264       0x44 /usr/lib/gcc/arm-none-eabi/10.3.1/../../../arm-none-eabi/lib/thumb/v7e-m+fp/hard/libc_nano.a(lib_a-fprintf.o)
                0x0000000008000264                _fprintf_r
                0x0000000008000264                _fiprintf_r
                0x0000000008000280                fprintf
                0x0000000008000280                fiprintf
 .text          0x00000000080002a8       0x48 /usr/lib/gcc/arm-none-eabi/10.3.1/../../../arm-none-eabi/lib/thumb/v7e-m+fp/hard/libc_nano.a(lib_a-init.o)
                0x00000000080002a8                __libc_init_array
 .text          0x00000000080002f0      0x134 /usr/lib/gcc/arm-none-eabi/10.3.1/../../../arm-none-eabi/lib/thumb/v7e-m+fp/hard/libc_nano.a(lib_a-memcpy.o)
                0x00000000080002f0                memcpy
 .text          0x0000000008000424       0xa4 /usr/lib/gcc/arm-none-eabi/10.3.1/../../../arm-none-eabi/lib/thumb/v7e-m+fp/hard/libc_nano.a(lib_a-memset.o)
                0x0000000008000424                memset
 .text          0x00000000080004c8      0x328 /usr/lib/gcc/arm-none-eabi/10.3.1/../../../arm-none-eabi/lib/thumb/v7e-m+fp/hard/libc_nano.a(lib_a-nano-vfprintf.o)
                0x0000000008000504                __sfputs_r
                0x0000000008000534                __sprint_r
                0x0000000008000550                _vfiprintf_r
                0x0000000008000550                _vfprintf_r
                0x00000000080007d4                vfiprintf
                0x00000000080007d4                vfprintf
 .text          0x00000000080007f0      0x3dc /usr/lib/gcc/arm-none-eabi/10.3.1/../../../arm-none-eabi/lib/thumb/v7e-m+fp/hard/libc_nano.a(lib_a-nano-vfprintf_i.o)
                0x00000000080007f0                _printf_common
                0x000000000800091c                _printf_i
 .text          0x0000000008000bcc       0xc8 /usr/lib/gcc/arm-none-eabi/10.3.1/../../../arm-none-eabi/lib/thumb/v7e-m+fp/hard/libc_nano.a(lib_a-wbuf.o)
                0x0000000008000bcc                __swbuf_r
                0x0000000008000c7c                __swbuf
 .text          0x0000000008000c94      0x104 /usr/lib/gcc/arm-none-eabi/10.3.1/../../../arm-none-eabi/lib/thumb/v7e-m+fp/hard/libc_nano.a(lib_a-wsetup.o)
                0x0000000008000c94                __swsetup_r
 .text          0x0000000008000d98       0x10 /usr/lib/gcc/arm-none-eabi/10.3.1/../../../arm-none-eabi/lib/thumb/v7e-m+fp/hard/libc_nano.a(lib_a-abort.o)
                0x0000000008000d98                abort
 .text          0x0000000008000da8      0x1e8 /usr/lib/gcc/arm-none-eabi/10.3.1/../../../arm-none-eabi/lib/thumb/v7e-m+fp/hard/libc_nano.a(lib_a-fflush.o)
                0x0000000008000da8                __sflush_r
                0x0000000008000ebc                _fflush_r
                0x0000000008000f10                fflush
 .text          0x0000000008000f90      0x238 /usr/lib/gcc/arm-none-eabi/10.3.1/../../../arm-none-eabi/lib/thumb/v7e-m+fp/hard/libc_nano.a(lib_a-findfp.o)
                0x0000000008000f94                _cleanup_r
                0x0000000008000fa4                __sfmoreglue
                0x0000000008000fd4                __sfp
                0x0000000008001174                _cleanup
                0x0000000008001188                __sinit
                0x0000000008001190                __sfp_lock_acquire
                0x0000000008001194                __sfp_lock_release
                0x0000000008001198                __sinit_lock_acquire
                0x000000000800119c                __sinit_lock_release
                0x00000000080011a0                __fp_lock_all
                0x00000000080011b4                __fp_unlock_all
 .text          0x00000000080011c8      0x2f0 /usr/lib/gcc/arm-none-eabi/10.3.1/../../../arm-none-eabi/lib/thumb/v7e-m+fp/hard/libc_nano.a(lib_a-fvwrite.o)
                0x00000000080011c8                __sfvwrite_r
 .text          0x00000000080014b8       0x88 /usr/lib/gcc/arm-none-eabi/10.3.1/../../../arm-none-eabi/lib/thumb/v7e-m+fp/hard/libc_nano.a(lib_a-fwalk.o)
                0x00000000080014b8                _fwalk
                0x00000000080014f8                _fwalk_reent
 .text          0x0000000008001540      0x11c /usr/lib/gcc/arm-none-eabi/10.3.1/../../../arm-none-eabi/lib/thumb/v7e-m+fp/hard/libc_nano.a(lib_a-makebuf.o)
                0x0000000008001540                __smakebuf_r
                0x0000000008001600                __swhatbuf_r
 *fill*         0x000000000800165c        0x4 
 .text          0x0000000008001660       0xa0 /usr/lib/gcc/arm-none-eabi/10.3.1/../../../arm-none-eabi/lib/thumb/v7e-m+fp/hard/libc_nano.a(lib_a-memchr.o)
                0x0000000008001660                memchr
 .text          0x0000000008001700       0xf8 /usr/lib/gcc/arm-none-eabi/10.3.1/../../../arm-none-eabi/lib/thumb/v7e-m+fp/hard/libc_nano.a(lib_a-memmove.o)
                0x0000000008001700                memmove
 .text          0x00000000080017f8       0xc4 /usr/lib/gcc/arm-none-eabi/10.3.1/../../../arm-none-eabi/lib/thumb/v7e-m+fp/hard/libc_nano.a(lib_a-nano-freer.o)
                0x00000000080017f8                _free_r
 .text          0x00000000080018bc       0xb4 /usr/lib/gcc/arm-none-eabi/10.3.1/../../../arm-none-eabi/lib/thumb/v7e-m+fp/hard/libc_nano.a(lib_a-nano-mallocr.o)
                0x00000000080018bc                _malloc_r
 .text          0x0000000008001970       0x50 /usr/lib/gcc/arm-none-eabi/10.3.1/../../../arm-none-eabi/lib/thumb/v7e-m+fp/hard/libc_nano.a(lib_a-nano-reallocr.o)
                0x0000000008001970                _realloc_r
 .text          0x00000000080019c0       0x24 /usr/lib/gcc/arm-none-eabi/10.3.1/../../../arm-none-eabi/lib/thumb/v7e-m+fp/hard/libc_nano.a(lib_a-sbrkr.o)
                0x00000000080019c0                _sbrk_r
 .text          0x00000000080019e4      0x268 /usr/lib/gcc/arm-none-eabi/10.3.1/../../../arm-none-eabi/lib/thumb/v7e-m+fp/hard/libc_nano.a(lib_a-signal.o)
                0x00000000080019e4                _init_signal_r
                0x0000000008001a10                _signal_r
                0x0000000008001a58                _raise_r
                0x0000000008001aac                __sigtramp_r
                0x0000000008001b0c                raise
                0x0000000008001b64                signal
                0x0000000008001bb4                _init_signal
                0x0000000008001be8                __sigtramp
 .text          0x0000000008001c4c       0x30 /usr/lib/gcc/arm-none-eabi/10.3.1/../../../arm-none-eabi/lib/thumb/v7e-m+fp/hard/libc_nano.a(lib_a-signalr.o)
                0x0000000008001c4c                _kill_r
                0x0000000008001c78                _getpid_r
 .text          0x0000000008001c7c       0x90 /usr/lib/gcc/arm-none-eabi/10.3.1/../../../arm-none-eabi/lib/thumb/v7e-m+fp/hard/libc_nano.a(lib_a-stdio.o)
                0x0000000008001c7c                __sread
                0x0000000008001ca0                __seofread
                0x0000000008001ca4                __swrite
                0x0000000008001ce4                __sseek
                0x0000000008001d04                __sclose
 .text          0x0000000008001d0c       0x2c /usr/lib/gcc/arm-none-eabi/10.3.1/../../../arm-none-eabi/lib/thumb/v7e-m+fp/hard/libc_nano.a(lib_a-writer.o)
                0x0000000008001d0c                _write_r
 .text          0x0000000008001d38       0x24 /usr/lib/gcc/arm-none-eabi/10.3.1/../../../arm-none-eabi/lib/thumb/v7e-m+fp/hard/libc_nano.a(lib_a-closer.o)
                0x0000000008001d38                _close_r
 .text          0x0000000008001d5c       0x2c /usr/lib/gcc/arm-none-eabi/10.3.1/../../../arm-none-eabi/lib/thumb/v7e-m+fp/hard/libc_nano.a(lib_a-fstatr.o)
                0x0000000008001d5c                _fstat_r
 .text          0x0000000008001d88       0x24 /usr/lib/gcc/arm-none-eabi/10.3.1/../../../arm-none-eabi/lib/thumb/v7e-m+fp/hard/libc_nano.a(lib_a-isattyr.o)
                0x0000000008001d88                _isatty_r
 .text          0x0000000008001dac       0x2c /usr/lib/gcc/arm-none-eabi/10.3.1/../../../arm-none-eabi/lib/thumb/v7e-m+fp/hard/libc_nano.a(lib_a-lseekr.o)
                0x0000000008001dac                _lseek_r
 .text          0x0000000008001dd8        0x8 /usr/lib/gcc/arm-none-eabi/10.3.1/../../../arm-none-eabi/lib/thumb/v7e-m+fp/hard/libc_nano.a(lib_a-mlock.o)
                0x0000000008001dd8                __malloc_lock
                0x0000000008001ddc                __malloc_unlock
 .text          0x0000000008001de0       0x14 /usr/lib/gcc/arm-none-eabi/10.3.1/../../../arm-none-eabi/lib/thumb/v7e-m+fp/hard/libc_nano.a(lib_a-nano-msizer.o)
                0x0000000008001de0                _malloc_usable_size_r
 .text          0x0000000008001df4       0x2c /usr/lib/gcc/arm-none-eabi/10.3.1/../../../arm-none-eabi/lib/thumb/v7e-m+fp/hard/libc_nano.a(lib_a-readr.o)
                0x0000000008001df4                _read_r
 .text          0x0000000008001e20       0x10 /usr/lib/gcc/arm-none-eabi/10.3.1/../../../arm-none-eabi/lib/thumb/v7e-m+fp/hard/libnosys.a(close.o)
                0x0000000008001e20                _close
 .text          0x0000000008001e30       0x10 /usr/lib/gcc/arm-none-eabi/10.3.1/../../../arm-none-eabi/lib/thumb/v7e-m+fp/hard/libnosys.a(fstat.o)
                0x0000000008001e30                _fstat
 .text          0x0000000008001e40       0x10 /usr/lib/gcc/arm-none-eabi/10.3.1/../../../arm-none-eabi/lib/thumb/v7e-m+fp/hard/libnosys.a(getpid.o)
                0x0000000008001e40                _getpid
 .text          0x0000000008001e50       0x10 /usr/lib/gcc/arm-none-eabi/10.3.1/../../../arm-none-eabi/lib/thumb/v7e-m+fp/hard/libnosys.a(isatty.o)
                0x0000000008001e50                _isatty
 .text          0x0000000008001e60       0x10 /usr/lib/gcc/arm-none-eabi/10.3.1/../../../arm-none-eabi/lib/thumb/v7e-m+fp/hard/libnosys.a(kill.o)
                0x0000000008001e60                _kill
 .text          0x0000000008001e70       0x10 /usr/lib/gcc/arm-none-eabi/10.3.1/../../../arm-none-eabi/lib/thumb/v7e-m+fp/hard/libnosys.a(lseek.o)
                0x0000000008001e70                _lseek
 .text          0x0000000008001e80       0x10 /usr/lib/gcc/arm-none-eabi/10.3.1/../../../arm-none-eabi/lib/thumb/v7e-m+fp/hard/libnosys.a(read.o)
                0x0000000008001e80                _read
 .text          0x0000000008001e90       0x1c /usr/lib/gcc/arm-none-eabi/10.3.1/../../../arm-none-eabi/lib/thumb/v7e-m+fp/hard/libnosys.a(sbrk.o)
                0x0000000008001e90                _sbrk
 .text          0x0000000008001eac       0x10 /usr/lib/gcc/arm-none-eabi/10.3.1/../../../arm-none-eabi/lib/thumb/v7e-m+fp/hard/libnosys.a(write.o)
                0x0000000008001eac                _write
 .text          0x0000000008001ebc        0x4 /usr/lib/gcc/arm-none-eabi/10.3.1/../../../arm-none-eabi/lib/thumb/v7e-m+fp/hard/libnosys.a(_exit.o)
                0x0000000008001ebc                _exit
 *(.text*)
 .text.ecatapp  0x0000000008001ec0        0x2 build/ecatapp.o
                0x0000000008001ec0                ecatapp
 *fill*         0x0000000008001ec2        0x2 
 .text.check_dc_handler
                0x0000000008001ec4       0x40 build/ecatapp.o
                0x0000000008001ec4                check_dc_handler
 .text.EXTI1_IRQHandler
                0x0000000008001f04       0x20 build/ecatapp.o
                0x0000000008001f04                EXTI1_IRQHandler
 .text.EXTI3_IRQHandler
                0x0000000008001f24       0x20 build/ecatapp.o
                0x0000000008001f24                EXTI3_IRQHandler
 .text.ecatapp_init
                0x0000000008001f44       0x14 build/ecatapp.o
                0x0000000008001f44                ecatapp_init
 .text.cb_get_inputs
                0x0000000008001f58        0x2 build/ecatapp.o
                0x0000000008001f58                cb_get_inputs
 .text.cb_set_outputs
                0x0000000008001f5a        0x2 build/ecatapp.o
                0x0000000008001f5a                cb_set_outputs
 .text.ecatapp_loop
                0x0000000008001f5c       0x6c build/ecatapp.o
                0x0000000008001f5c                ecatapp_loop
 .text.main     0x0000000008001fc8       0x48 build/main.o
                0x0000000008001fc8                main
 .text.spi_dma_prepare_transmission
                0x0000000008002010       0x22 build/pdo_override.o
                0x0000000008002010                spi_dma_prepare_transmission
 *fill*         0x0000000008002032        0x2 
 .text.DMA2_Stream2_IRQHandler
                0x0000000008002034       0x2c build/pdo_override.o
                0x0000000008002034                DMA2_Stream2_IRQHandler
 .text.spi_dma_setup
                0x0000000008002060       0xb8 build/pdo_override.o
                0x0000000008002060                spi_dma_setup
 .text.spi_dma_start
                0x0000000008002118       0x54 build/pdo_override.o
                0x0000000008002118                spi_dma_start
 .text.spi_dma_stop
                0x000000000800216c       0x54 build/pdo_override.o
                0x000000000800216c                spi_dma_stop
 .text.spi_dma_rxpdo_start
                0x00000000080021c0       0x28 build/pdo_override.o
                0x00000000080021c0                spi_dma_rxpdo_start
 .text.spi_dma_txpdo_start
                0x00000000080021e8       0x1c build/pdo_override.o
                0x00000000080021e8                spi_dma_txpdo_start
 .text.init_override
                0x0000000008002204        0xc build/pdo_override.o
                0x0000000008002204                init_override
 .text.on_rxpdo_transfer_finished
                0x0000000008002210       0x34 build/pdo_override.o
                0x0000000008002210                on_rxpdo_transfer_finished
 .text.rxpdo_override
                0x0000000008002244       0x1c build/pdo_override.o
                0x0000000008002244                rxpdo_override
 .text.on_txpdo_transfer_finished
                0x0000000008002260       0x1c build/pdo_override.o
                0x0000000008002260                on_txpdo_transfer_finished
 .text.txpdo_override
                0x000000000800227c       0x38 build/pdo_override.o
                0x000000000800227c                txpdo_override
 .text.NVIC_Init
                0x00000000080022b4       0x64 build/misc.o
                0x00000000080022b4                NVIC_Init
 .text.DMA_DeInit
                0x0000000008002318      0x158 build/stm32f4xx_dma.o
                0x0000000008002318                DMA_DeInit
 .text.DMA_Init
                0x0000000008002470       0x58 build/stm32f4xx_dma.o
                0x0000000008002470                DMA_Init
 .text.DMA_StructInit
                0x00000000080024c8       0x22 build/stm32f4xx_dma.o
                0x00000000080024c8                DMA_StructInit
 .text.DMA_Cmd  0x00000000080024ea       0x16 build/stm32f4xx_dma.o
                0x00000000080024ea                DMA_Cmd
 .text.DMA_GetCmdStatus
                0x0000000008002500       0x10 build/stm32f4xx_dma.o
                0x0000000008002500                DMA_GetCmdStatus
 .text.DMA_ClearFlag
                0x0000000008002510       0x34 build/stm32f4xx_dma.o
                0x0000000008002510                DMA_ClearFlag
 .text.DMA_ITConfig
                0x0000000008002544       0x3a build/stm32f4xx_dma.o
                0x0000000008002544                DMA_ITConfig
 *fill*         0x000000000800257e        0x2 
 .text.DMA_GetITStatus
                0x0000000008002580       0x60 build/stm32f4xx_dma.o
                0x0000000008002580                DMA_GetITStatus
 .text.DMA_ClearITPendingBit
                0x00000000080025e0       0x34 build/stm32f4xx_dma.o
                0x00000000080025e0                DMA_ClearITPendingBit
 .text.EXTI_Init
                0x0000000008002614       0x90 build/stm32f4xx_exti.o
                0x0000000008002614                EXTI_Init
 .text.EXTI_GetITStatus
                0x00000000080026a4       0x14 build/stm32f4xx_exti.o
                0x00000000080026a4                EXTI_GetITStatus
 .text.EXTI_ClearITPendingBit
                0x00000000080026b8        0xc build/stm32f4xx_exti.o
                0x00000000080026b8                EXTI_ClearITPendingBit
 .text.GPIO_Init
                0x00000000080026c4       0xa6 build/stm32f4xx_gpio.o
                0x00000000080026c4                GPIO_Init
 .text.GPIO_SetBits
                0x000000000800276a        0x4 build/stm32f4xx_gpio.o
                0x000000000800276a                GPIO_SetBits
 .text.GPIO_ResetBits
                0x000000000800276e        0x4 build/stm32f4xx_gpio.o
                0x000000000800276e                GPIO_ResetBits
 .text.GPIO_PinAFConfig
                0x0000000008002772       0x34 build/stm32f4xx_gpio.o
                0x0000000008002772                GPIO_PinAFConfig
 *fill*         0x00000000080027a6        0x2 
 .text.RCC_AHB1PeriphClockCmd
                0x00000000080027a8       0x1c build/stm32f4xx_rcc.o
                0x00000000080027a8                RCC_AHB1PeriphClockCmd
 .text.RCC_APB2PeriphClockCmd
                0x00000000080027c4       0x1c build/stm32f4xx_rcc.o
                0x00000000080027c4                RCC_APB2PeriphClockCmd
 .text.RCC_APB1PeriphResetCmd
                0x00000000080027e0       0x1c build/stm32f4xx_rcc.o
                0x00000000080027e0                RCC_APB1PeriphResetCmd
 .text.RCC_APB2PeriphResetCmd
                0x00000000080027fc       0x1c build/stm32f4xx_rcc.o
                0x00000000080027fc                RCC_APB2PeriphResetCmd
 .text.SPI_I2S_DeInit
                0x0000000008002818       0xc4 build/stm32f4xx_spi.o
                0x0000000008002818                SPI_I2S_DeInit
 .text.SPI_Init
                0x00000000080028dc       0x4e build/stm32f4xx_spi.o
                0x00000000080028dc                SPI_Init
 .text.SPI_Cmd  0x000000000800292a       0x1c build/stm32f4xx_spi.o
                0x000000000800292a                SPI_Cmd
 .text.SPI_I2S_ReceiveData
                0x0000000008002946        0x6 build/stm32f4xx_spi.o
                0x0000000008002946                SPI_I2S_ReceiveData
 .text.SPI_I2S_SendData
                0x000000000800294c        0x4 build/stm32f4xx_spi.o
                0x000000000800294c                SPI_I2S_SendData
 .text.SPI_I2S_DMACmd
                0x0000000008002950       0x18 build/stm32f4xx_spi.o
                0x0000000008002950                SPI_I2S_DMACmd
 .text.SPI_I2S_GetFlagStatus
                0x0000000008002968        0xe build/stm32f4xx_spi.o
                0x0000000008002968                SPI_I2S_GetFlagStatus
 *fill*         0x0000000008002976        0x2 
 .text.SYSCFG_EXTILineConfig
                0x0000000008002978       0x38 build/stm32f4xx_syscfg.o
                0x0000000008002978                SYSCFG_EXTILineConfig
 .text.SysTick_Handler
                0x00000000080029b0       0x10 build/delay.o
                0x00000000080029b0                SysTick_Handler
 .text.delay_init
                0x00000000080029c0       0x60 build/delay.o
                0x00000000080029c0                delay_init
 .text.SetSysClock
                0x0000000008002a20       0xc4 build/system_stm32f4xx.o
 .text.SystemInit
                0x0000000008002ae4       0x50 build/system_stm32f4xx.o
                0x0000000008002ae4                SystemInit
 .text.esc_address
                0x0000000008002b34       0x3c build/esc_hw.o
 .text.ESC_read
                0x0000000008002b70       0x48 build/esc_hw.o
                0x0000000008002b70                ESC_read
 .text.ESC_write
                0x0000000008002bb8       0x34 build/esc_hw.o
                0x0000000008002bb8                ESC_write
 .text.ESC_init
                0x0000000008002bec       0x28 build/esc_hw.o
                0x0000000008002bec                ESC_init
 .text.ESC_interrupt_enable
                0x0000000008002c14       0x24 build/esc_hw.o
                0x0000000008002c14                ESC_interrupt_enable
 .text.ESC_interrupt_disable
                0x0000000008002c38       0x26 build/esc_hw.o
                0x0000000008002c38                ESC_interrupt_disable
 *fill*         0x0000000008002c5e        0x2 
 .text.ESC_enable_DC
                0x0000000008002c60       0xd4 build/esc_hw.o
                0x0000000008002c60                ESC_enable_DC
 .text.ESC_download_pre_objecthandler
                0x0000000008002d34       0x7c build/ecat_slv.o
                0x0000000008002d34                ESC_download_pre_objecthandler
 .text.ESC_download_post_objecthandler
                0x0000000008002db0       0x14 build/ecat_slv.o
                0x0000000008002db0                ESC_download_post_objecthandler
 .text.ESC_upload_pre_objecthandler
                0x0000000008002dc4       0x20 build/ecat_slv.o
                0x0000000008002dc4                ESC_upload_pre_objecthandler
 .text.ESC_upload_post_objecthandler
                0x0000000008002de4       0x14 build/ecat_slv.o
                0x0000000008002de4                ESC_upload_post_objecthandler
 .text.APP_safeoutput
                0x0000000008002df8       0x10 build/ecat_slv.o
                0x0000000008002df8                APP_safeoutput
 .text.TXPDO_update
                0x0000000008002e08       0x38 build/ecat_slv.o
                0x0000000008002e08                TXPDO_update
 .text.RXPDO_update
                0x0000000008002e40       0x38 build/ecat_slv.o
                0x0000000008002e40                RXPDO_update
 .text.APP_setwatchdog
                0x0000000008002e78       0x14 build/ecat_slv.o
                0x0000000008002e78                APP_setwatchdog
 .text.DIG_process
                0x0000000008002e8c      0x130 build/ecat_slv.o
                0x0000000008002e8c                DIG_process
 .text.ecat_slv_poll
                0x0000000008002fbc       0x40 build/ecat_slv.o
                0x0000000008002fbc                ecat_slv_poll
 .text.ecat_slv_init
                0x0000000008002ffc       0x58 build/ecat_slv.o
                0x0000000008002ffc                ecat_slv_init
 .text.ESC_check_id_request
                0x0000000008003054       0x4e build/esc.o
 *fill*         0x00000000080030a2        0x2 
 .text.ESC_ALerror
                0x00000000080030a4       0x28 build/esc.o
                0x00000000080030a4                ESC_ALerror
 .text.ESC_load_device_id
                0x00000000080030cc       0x40 build/esc.o
 .text.ESC_ALstatus
                0x000000000800310c       0x28 build/esc.o
                0x000000000800310c                ESC_ALstatus
 .text.ESC_ALeventmaskwrite
                0x0000000008003134       0x1a build/esc.o
                0x0000000008003134                ESC_ALeventmaskwrite
 .text.ESC_ALeventmaskread
                0x000000000800314e       0x1a build/esc.o
                0x000000000800314e                ESC_ALeventmaskread
 .text.ESC_SMack
                0x0000000008003168       0x1a build/esc.o
                0x0000000008003168                ESC_SMack
 *fill*         0x0000000008003182        0x2 
 .text.ESC_SMstatus
                0x0000000008003184       0x20 build/esc.o
                0x0000000008003184                ESC_SMstatus
 .text.ESC_SMwritepdi
                0x00000000080031a4       0x20 build/esc.o
                0x00000000080031a4                ESC_SMwritepdi
 .text.ESC_SMenable
                0x00000000080031c4       0x20 build/esc.o
                0x00000000080031c4                ESC_SMenable
 .text.ESC_SMdisable
                0x00000000080031e4       0x20 build/esc.o
                0x00000000080031e4                ESC_SMdisable
 .text.ESC_address
                0x0000000008003204       0x14 build/esc.o
                0x0000000008003204                ESC_address
 .text.ESC_SYNCactivation
                0x0000000008003218       0x1c build/esc.o
                0x0000000008003218                ESC_SYNCactivation
 .text.ESC_checkDC
                0x0000000008003234       0x2c build/esc.o
                0x0000000008003234                ESC_checkDC
 .text.ESC_checkmbx
                0x0000000008003260       0xbc build/esc.o
                0x0000000008003260                ESC_checkmbx
 .text.ESC_startmbx
                0x000000000800331c       0x68 build/esc.o
                0x000000000800331c                ESC_startmbx
 .text.ESC_startmbxboot
                0x0000000008003384       0x6c build/esc.o
                0x0000000008003384                ESC_startmbxboot
 .text.ESC_stopmbx
                0x00000000080033f0       0x6c build/esc.o
                0x00000000080033f0                ESC_stopmbx
 .text.ESC_readmbx
                0x000000000800345c       0x74 build/esc.o
                0x000000000800345c                ESC_readmbx
 .text.ESC_writembx
                0x00000000080034d0       0x5c build/esc.o
                0x00000000080034d0                ESC_writembx
 .text.ESC_ackmbxread
                0x000000000800352c       0x28 build/esc.o
                0x000000000800352c                ESC_ackmbxread
 .text.ESC_claimbuffer
                0x0000000008003554       0x80 build/esc.o
                0x0000000008003554                ESC_claimbuffer
 .text.ESC_outreqbuffer
                0x00000000080035d4       0x18 build/esc.o
                0x00000000080035d4                ESC_outreqbuffer
 .text.MBX_error
                0x00000000080035ec       0x50 build/esc.o
                0x00000000080035ec                MBX_error
 .text.ESC_mbxprocess
                0x000000000800363c      0x1cc build/esc.o
                0x000000000800363c                ESC_mbxprocess
 .text.ESC_xoeprocess
                0x0000000008003808       0x50 build/esc.o
                0x0000000008003808                ESC_xoeprocess
 .text.ESC_checkSM23
                0x0000000008003858       0xf4 build/esc.o
                0x0000000008003858                ESC_checkSM23
 .text.ESC_startinput
                0x000000000800394c       0xbc build/esc.o
                0x000000000800394c                ESC_startinput
 .text.ESC_stopinput
                0x0000000008003a08       0x38 build/esc.o
                0x0000000008003a08                ESC_stopinput
 .text.ESC_startoutput
                0x0000000008003a40       0x3c build/esc.o
                0x0000000008003a40                ESC_startoutput
 .text.ESC_stopoutput
                0x0000000008003a7c       0x2c build/esc.o
                0x0000000008003a7c                ESC_stopoutput
 .text.ESC_ALstatusgotoerror
                0x0000000008003aa8       0x7c build/esc.o
                0x0000000008003aa8                ESC_ALstatusgotoerror
 .text.ESC_sm_act_event
                0x0000000008003b24      0x114 build/esc.o
                0x0000000008003b24                ESC_sm_act_event
 .text.ESC_state
                0x0000000008003c38      0x3b4 build/esc.o
                0x0000000008003c38                ESC_state
 .text.ESC_config
                0x0000000008003fec       0x9c build/esc.o
                0x0000000008003fec                ESC_config
 .text.init_coesdo
                0x0000000008004088       0x2e build/esc_coe.o
 .text.COE_bitsliceGet
                0x00000000080040b6       0xa4 build/esc_coe.o
 .text.COE_bitsliceSet
                0x000000000800415a      0x112 build/esc_coe.o
 .text.COE_setValue
                0x000000000800426c       0x5e build/esc_coe.o
 *fill*         0x00000000080042ca        0x2 
 .text.SDO_getodlistcont
                0x00000000080042cc       0xd0 build/esc_coe.o
 .text.SDO_infoerror
                0x000000000800439c       0x6c build/esc_coe.o
 .text.SDO_getodlist
                0x0000000008004408      0x13c build/esc_coe.o
 .text.SDO_abort
                0x0000000008004544       0x64 build/esc_coe.o
 .text.set_state_idle
                0x00000000080045a8       0x20 build/esc_coe.o
 .text.copy2mbx
                0x00000000080045c8        0xe build/esc_coe.o
 *fill*         0x00000000080045d6        0x2 
 .text.SDO_uploadsegment
                0x00000000080045d8      0x100 build/esc_coe.o
 .text.complete_access_subindex_loop
                0x00000000080046d8      0x170 build/esc_coe.o
 .text.COE_getValue
                0x0000000008004848       0x80 build/esc_coe.o
 .text.SDO_findsubindex
                0x00000000080048c8       0x58 build/esc_coe.o
                0x00000000080048c8                SDO_findsubindex
 .text.SDO_findobject
                0x0000000008004920       0x20 build/esc_coe.o
                0x0000000008004920                SDO_findobject
 .text.complete_access_get_variables
                0x0000000008004940       0x4c build/esc_coe.o
 .text.SDO_upload_complete_access
                0x000000000800498c      0x208 build/esc_coe.o
 .text.SDO_download_complete_access
                0x0000000008004b94      0x1d4 build/esc_coe.o
 .text.SDO_upload
                0x0000000008004d68      0x214 build/esc_coe.o
 .text.SDO_download
                0x0000000008004f7c      0x21c build/esc_coe.o
 .text.SDO_downloadsegment
                0x0000000008005198      0x158 build/esc_coe.o
 .text.SDO_getod
                0x00000000080052f0      0x12c build/esc_coe.o
 .text.SDO_geted
                0x000000000800541c       0xf0 build/esc_coe.o
 .text.sizeOfPDO
                0x000000000800550c      0x188 build/esc_coe.o
                0x000000000800550c                sizeOfPDO
 .text.ESC_coeprocess
                0x0000000008005694      0x150 build/esc_coe.o
                0x0000000008005694                ESC_coeprocess
 .text.COE_initDefaultValues
                0x00000000080057e4       0x6c build/esc_coe.o
                0x00000000080057e4                COE_initDefaultValues
 .text.COE_pdoPack
                0x0000000008005850       0x78 build/esc_coe.o
                0x0000000008005850                COE_pdoPack
 .text.COE_pdoUnpack
                0x00000000080058c8       0x70 build/esc_coe.o
                0x00000000080058c8                COE_pdoUnpack
 .text.COE_maxSub
                0x0000000008005938       0x28 build/esc_coe.o
                0x0000000008005938                COE_maxSub
 .text.EXTILine1_Config
                0x0000000008005960       0x70 build/esc_irq.o
                0x0000000008005960                EXTILine1_Config
 .text.EXTILine1_Disable
                0x00000000080059d0       0x46 build/esc_irq.o
                0x00000000080059d0                EXTILine1_Disable
 *fill*         0x0000000008005a16        0x2 
 .text.EXTILine3_Config
                0x0000000008005a18       0x70 build/esc_irq.o
                0x0000000008005a18                EXTILine3_Config
 .text.EXTILine3_Disable
                0x0000000008005a88       0x46 build/esc_irq.o
                0x0000000008005a88                EXTILine3_Disable
 *fill*         0x0000000008005ace        0x2 
 .text.rst_high
                0x0000000008005ad0       0x10 build/rst.o
                0x0000000008005ad0                rst_high
 .text.rst_setup
                0x0000000008005ae0       0x3c build/rst.o
                0x0000000008005ae0                rst_setup
 .text.spi_gpio_setup
                0x0000000008005b1c       0xac build/spi.o
                0x0000000008005b1c                spi_gpio_setup
 .text.spi_setup
                0x0000000008005bc8       0x70 build/spi.o
                0x0000000008005bc8                spi_setup
 .text.spi_select
                0x0000000008005c38       0x10 build/spi.o
                0x0000000008005c38                spi_select
 .text.spi_unselect
                0x0000000008005c48       0x10 build/spi.o
                0x0000000008005c48                spi_unselect
 .text.spi_write
                0x0000000008005c58       0x30 build/spi.o
                0x0000000008005c58                spi_write
 .text.spi_bidirectionally_transfer
                0x0000000008005c88       0x3c build/spi.o
                0x0000000008005c88                spi_bidirectionally_transfer
 .text.Reset_Handler
                0x0000000008005cc4       0x50 build/startup_stm32f405xx.o
                0x0000000008005cc4                Reset_Handler
 .text.Default_Handler
                0x0000000008005d14        0x2 build/startup_stm32f405xx.o
                0x0000000008005d14                RTC_Alarm_IRQHandler
                0x0000000008005d14                HASH_RNG_IRQHandler
                0x0000000008005d14                EXTI2_IRQHandler
                0x0000000008005d14                TIM8_CC_IRQHandler
                0x0000000008005d14                DebugMon_Handler
                0x0000000008005d14                TIM1_CC_IRQHandler
                0x0000000008005d14                DMA2_Stream5_IRQHandler
                0x0000000008005d14                HardFault_Handler
                0x0000000008005d14                DMA1_Stream5_IRQHandler
                0x0000000008005d14                PVD_IRQHandler
                0x0000000008005d14                SDIO_IRQHandler
                0x0000000008005d14                TAMP_STAMP_IRQHandler
                0x0000000008005d14                PendSV_Handler
                0x0000000008005d14                NMI_Handler
                0x0000000008005d14                CAN2_RX1_IRQHandler
                0x0000000008005d14                TIM8_TRG_COM_TIM14_IRQHandler
                0x0000000008005d14                TIM1_UP_TIM10_IRQHandler
                0x0000000008005d14                TIM8_UP_TIM13_IRQHandler
                0x0000000008005d14                I2C3_ER_IRQHandler
                0x0000000008005d14                EXTI0_IRQHandler
                0x0000000008005d14                I2C2_EV_IRQHandler
                0x0000000008005d14                DMA1_Stream2_IRQHandler
                0x0000000008005d14                CAN1_RX0_IRQHandler
                0x0000000008005d14                FPU_IRQHandler
                0x0000000008005d14                OTG_HS_WKUP_IRQHandler
                0x0000000008005d14                UsageFault_Handler
                0x0000000008005d14                CAN2_SCE_IRQHandler
                0x0000000008005d14                SPI1_IRQHandler
                0x0000000008005d14                TIM6_DAC_IRQHandler
                0x0000000008005d14                TIM1_BRK_TIM9_IRQHandler
                0x0000000008005d14                CAN2_RX0_IRQHandler
                0x0000000008005d14                DMA2_Stream3_IRQHandler
                0x0000000008005d14                USART6_IRQHandler
                0x0000000008005d14                USART3_IRQHandler
                0x0000000008005d14                CAN1_RX1_IRQHandler
                0x0000000008005d14                UART5_IRQHandler
                0x0000000008005d14                DMA2_Stream0_IRQHandler
                0x0000000008005d14                TIM4_IRQHandler
                0x0000000008005d14                I2C1_EV_IRQHandler
                0x0000000008005d14                DMA1_Stream6_IRQHandler
                0x0000000008005d14                DMA1_Stream1_IRQHandler
                0x0000000008005d14                UART4_IRQHandler
                0x0000000008005d14                TIM3_IRQHandler
                0x0000000008005d14                RCC_IRQHandler
                0x0000000008005d14                TIM8_BRK_TIM12_IRQHandler
                0x0000000008005d14                Default_Handler
                0x0000000008005d14                EXTI15_10_IRQHandler
                0x0000000008005d14                ADC_IRQHandler
                0x0000000008005d14                DMA1_Stream7_IRQHandler
                0x0000000008005d14                TIM7_IRQHandler
                0x0000000008005d14                CAN2_TX_IRQHandler
                0x0000000008005d14                TIM5_IRQHandler
                0x0000000008005d14                DMA2_Stream7_IRQHandler
                0x0000000008005d14                I2C3_EV_IRQHandler
                0x0000000008005d14                EXTI9_5_IRQHandler
                0x0000000008005d14                RTC_WKUP_IRQHandler
                0x0000000008005d14                SPI2_IRQHandler
                0x0000000008005d14                OTG_HS_EP1_IN_IRQHandler
                0x0000000008005d14                MemManage_Handler
                0x0000000008005d14                DMA1_Stream0_IRQHandler
                0x0000000008005d14                CAN1_TX_IRQHandler
                0x0000000008005d14                SVC_Handler
                0x0000000008005d14                EXTI4_IRQHandler
                0x0000000008005d14                FSMC_IRQHandler
                0x0000000008005d14                OTG_HS_EP1_OUT_IRQHandler
                0x0000000008005d14                WWDG_IRQHandler
                0x0000000008005d14                TIM2_IRQHandler
                0x0000000008005d14                OTG_FS_WKUP_IRQHandler
                0x0000000008005d14                TIM1_TRG_COM_TIM11_IRQHandler
                0x0000000008005d14                OTG_HS_IRQHandler
                0x0000000008005d14                USART2_IRQHandler
                0x0000000008005d14                I2C2_ER_IRQHandler
                0x0000000008005d14                DMA2_Stream1_IRQHandler
                0x0000000008005d14                CAN1_SCE_IRQHandler
                0x0000000008005d14                FLASH_IRQHandler
                0x0000000008005d14                DMA2_Stream4_IRQHandler
                0x0000000008005d14                BusFault_Handler
                0x0000000008005d14                USART1_IRQHandler
                0x0000000008005d14                OTG_FS_IRQHandler
                0x0000000008005d14                SPI3_IRQHandler
                0x0000000008005d14                DMA1_Stream4_IRQHandler
                0x0000000008005d14                I2C1_ER_IRQHandler
                0x0000000008005d14                DMA2_Stream6_IRQHandler
                0x0000000008005d14                DMA1_Stream3_IRQHandler
 *(.glue_7)
 .glue_7        0x0000000008005d16        0x0 linker stubs
 *(.glue_7t)
 .glue_7t       0x0000000008005d16        0x0 linker stubs
 *(.eh_frame)
 *fill*         0x0000000008005d16        0x2 
 .eh_frame      0x0000000008005d18        0x0 /usr/lib/gcc/arm-none-eabi/10.3.1/thumb/v7e-m+fp/hard/crtbegin.o
 *(.init)
 .init          0x0000000008005d18        0x4 /usr/lib/gcc/arm-none-eabi/10.3.1/thumb/v7e-m+fp/hard/crti.o
                0x0000000008005d18                _init
 .init          0x0000000008005d1c        0x8 /usr/lib/gcc/arm-none-eabi/10.3.1/thumb/v7e-m+fp/hard/crtn.o
 *(.fini)
 .fini          0x0000000008005d24        0x4 /usr/lib/gcc/arm-none-eabi/10.3.1/thumb/v7e-m+fp/hard/crti.o
                0x0000000008005d24                _fini
 .fini          0x0000000008005d28        0x8 /usr/lib/gcc/arm-none-eabi/10.3.1/thumb/v7e-m+fp/hard/crtn.o
                0x0000000008005d30                . = ALIGN (0x4)
                0x0000000008005d30                _etext = .

.vfp11_veneer   0x0000000008005d30        0x0
 .vfp11_veneer  0x0000000008005d30        0x0 linker stubs

.v4_bx          0x0000000008005d30        0x0
 .v4_bx         0x0000000008005d30        0x0 linker stubs

.iplt           0x0000000008005d30        0x0
 .iplt          0x0000000008005d30        0x0 /usr/lib/gcc/arm-none-eabi/10.3.1/thumb/v7e-m+fp/hard/crtbegin.o

.rodata         0x0000000008005d30      0xaa0
                0x0000000008005d30                . = ALIGN (0x4)
 *(.rodata)
 .rodata        0x0000000008005d30        0x4 /usr/lib/gcc/arm-none-eabi/10.3.1/../../../arm-none-eabi/lib/thumb/v7e-m+fp/hard/libc_nano.a(lib_a-impure.o)
                0x0000000008005d30                _global_impure_ptr
 .rodata        0x0000000008005d34       0x60 /usr/lib/gcc/arm-none-eabi/10.3.1/../../../arm-none-eabi/lib/thumb/v7e-m+fp/hard/libc_nano.a(lib_a-findfp.o)
                0x0000000008005d34                __sf_fake_stderr
                0x0000000008005d54                __sf_fake_stdout
                0x0000000008005d74                __sf_fake_stdin
 *(.rodata*)
 .rodata.str1.4
                0x0000000008005d94        0x8 build/ecatapp.o
 .rodata.str1.4
                0x0000000008005d9c       0x38 build/objectlist.o
 .rodata.SDO1000
                0x0000000008005dd4       0x14 build/objectlist.o
                0x0000000008005dd4                SDO1000
 .rodata.SDO1001
                0x0000000008005de8       0x14 build/objectlist.o
                0x0000000008005de8                SDO1001
 .rodata.SDO1008
                0x0000000008005dfc       0x14 build/objectlist.o
                0x0000000008005dfc                SDO1008
 .rodata.SDO1009
                0x0000000008005e10       0x14 build/objectlist.o
                0x0000000008005e10                SDO1009
 .rodata.SDO100A
                0x0000000008005e24       0x14 build/objectlist.o
                0x0000000008005e24                SDO100A
 .rodata.SDO1018
                0x0000000008005e38       0x64 build/objectlist.o
                0x0000000008005e38                SDO1018
 .rodata.SDO10F1
                0x0000000008005e9c       0x3c build/objectlist.o
                0x0000000008005e9c                SDO10F1
 .rodata.SDO1600
                0x0000000008005ed8       0x3c build/objectlist.o
                0x0000000008005ed8                SDO1600
 .rodata.SDO1A00
                0x0000000008005f14       0x3c build/objectlist.o
                0x0000000008005f14                SDO1A00
 .rodata.SDO1C00
                0x0000000008005f50       0x64 build/objectlist.o
                0x0000000008005f50                SDO1C00
 .rodata.SDO1C12
                0x0000000008005fb4       0x28 build/objectlist.o
                0x0000000008005fb4                SDO1C12
 .rodata.SDO1C13
                0x0000000008005fdc       0x28 build/objectlist.o
                0x0000000008005fdc                SDO1C13
 .rodata.SDO1C32
                0x0000000008006004       0x78 build/objectlist.o
                0x0000000008006004                SDO1C32
 .rodata.SDO1C33
                0x000000000800607c       0x78 build/objectlist.o
                0x000000000800607c                SDO1C33
 .rodata.SDO6002
                0x00000000080060f4       0x3c build/objectlist.o
                0x00000000080060f4                SDO6002
 .rodata.SDO6060
                0x0000000008006130       0x14 build/objectlist.o
                0x0000000008006130                SDO6060
 .rodata.SDO6061
                0x0000000008006144       0x14 build/objectlist.o
                0x0000000008006144                SDO6061
 .rodata.SDO6502
                0x0000000008006158       0x14 build/objectlist.o
                0x0000000008006158                SDO6502
 .rodata.SDO7002
                0x000000000800616c       0x3c build/objectlist.o
                0x000000000800616c                SDO7002
 .rodata.SDOobjects
                0x00000000080061a8      0x140 build/objectlist.o
                0x00000000080061a8                SDOobjects
 .rodata.acName1000
                0x00000000080062e8        0xc build/objectlist.o
 .rodata.acName1001
                0x00000000080062f4        0xf build/objectlist.o
 *fill*         0x0000000008006303        0x1 
 .rodata.acName1008
                0x0000000008006304        0xc build/objectlist.o
 .rodata.acName1009
                0x0000000008006310       0x11 build/objectlist.o
 *fill*         0x0000000008006321        0x3 
 .rodata.acName100A
                0x0000000008006324       0x11 build/objectlist.o
 *fill*         0x0000000008006335        0x3 
 .rodata.acName1018
                0x0000000008006338       0x10 build/objectlist.o
 .rodata.acName1018_00
                0x0000000008006348        0xd build/objectlist.o
 *fill*         0x0000000008006355        0x3 
 .rodata.acName1018_01
                0x0000000008006358        0xa build/objectlist.o
 *fill*         0x0000000008006362        0x2 
 .rodata.acName1018_02
                0x0000000008006364        0xd build/objectlist.o
 *fill*         0x0000000008006371        0x3 
 .rodata.acName1018_03
                0x0000000008006374       0x10 build/objectlist.o
 .rodata.acName1018_04
                0x0000000008006384        0xe build/objectlist.o
 *fill*         0x0000000008006392        0x2 
 .rodata.acName10F1
                0x0000000008006394        0xf build/objectlist.o
 *fill*         0x00000000080063a3        0x1 
 .rodata.acName10F1_00
                0x00000000080063a4        0xd build/objectlist.o
 *fill*         0x00000000080063b1        0x3 
 .rodata.acName10F1_01
                0x00000000080063b4       0x15 build/objectlist.o
 *fill*         0x00000000080063c9        0x3 
 .rodata.acName10F1_02
                0x00000000080063cc       0x16 build/objectlist.o
 *fill*         0x00000000080063e2        0x2 
 .rodata.acName1600
                0x00000000080063e4        0x7 build/objectlist.o
 *fill*         0x00000000080063eb        0x1 
 .rodata.acName1600_00
                0x00000000080063ec        0xd build/objectlist.o
 *fill*         0x00000000080063f9        0x3 
 .rodata.acName1600_01
                0x00000000080063fc        0x8 build/objectlist.o
 .rodata.acName1600_02
                0x0000000008006404        0x8 build/objectlist.o
 .rodata.acName1A00
                0x000000000800640c        0x7 build/objectlist.o
 *fill*         0x0000000008006413        0x1 
 .rodata.acName1A00_00
                0x0000000008006414        0xd build/objectlist.o
 *fill*         0x0000000008006421        0x3 
 .rodata.acName1A00_01
                0x0000000008006424        0x8 build/objectlist.o
 .rodata.acName1A00_02
                0x000000000800642c        0x8 build/objectlist.o
 .rodata.acName1C00
                0x0000000008006434       0x20 build/objectlist.o
 .rodata.acName1C00_00
                0x0000000008006454        0xd build/objectlist.o
 *fill*         0x0000000008006461        0x3 
 .rodata.acName1C00_01
                0x0000000008006464       0x18 build/objectlist.o
 .rodata.acName1C00_02
                0x000000000800647c       0x18 build/objectlist.o
 .rodata.acName1C00_03
                0x0000000008006494       0x18 build/objectlist.o
 .rodata.acName1C00_04
                0x00000000080064ac       0x18 build/objectlist.o
 .rodata.acName1C12
                0x00000000080064c4       0x1e build/objectlist.o
 *fill*         0x00000000080064e2        0x2 
 .rodata.acName1C12_00
                0x00000000080064e4        0xd build/objectlist.o
 *fill*         0x00000000080064f1        0x3 
 .rodata.acName1C12_01
                0x00000000080064f4        0xc build/objectlist.o
 .rodata.acName1C13
                0x0000000008006500       0x1e build/objectlist.o
 *fill*         0x000000000800651e        0x2 
 .rodata.acName1C13_00
                0x0000000008006520        0xd build/objectlist.o
 *fill*         0x000000000800652d        0x3 
 .rodata.acName1C13_01
                0x0000000008006530        0xc build/objectlist.o
 .rodata.acName1C32
                0x000000000800653c       0x1a build/objectlist.o
 *fill*         0x0000000008006556        0x2 
 .rodata.acName1C32_00
                0x0000000008006558        0xd build/objectlist.o
 *fill*         0x0000000008006565        0x3 
 .rodata.acName1C32_01
                0x0000000008006568        0xa build/objectlist.o
 *fill*         0x0000000008006572        0x2 
 .rodata.acName1C32_02
                0x0000000008006574        0xa build/objectlist.o
 *fill*         0x000000000800657e        0x2 
 .rodata.acName1C32_03
                0x0000000008006580        0xa build/objectlist.o
 *fill*         0x000000000800658a        0x2 
 .rodata.acName1C32_04
                0x000000000800658c       0x15 build/objectlist.o
 *fill*         0x00000000080065a1        0x3 
 .rodata.acName1C32_05
                0x00000000080065a4       0x13 build/objectlist.o
 *fill*         0x00000000080065b7        0x1 
 .rodata.acName1C33
                0x00000000080065b8       0x1a build/objectlist.o
 *fill*         0x00000000080065d2        0x2 
 .rodata.acName1C33_00
                0x00000000080065d4        0xd build/objectlist.o
 *fill*         0x00000000080065e1        0x3 
 .rodata.acName1C33_01
                0x00000000080065e4        0xa build/objectlist.o
 *fill*         0x00000000080065ee        0x2 
 .rodata.acName1C33_02
                0x00000000080065f0        0xa build/objectlist.o
 *fill*         0x00000000080065fa        0x2 
 .rodata.acName1C33_03
                0x00000000080065fc        0xa build/objectlist.o
 *fill*         0x0000000008006606        0x2 
 .rodata.acName1C33_04
                0x0000000008006608       0x15 build/objectlist.o
 *fill*         0x000000000800661d        0x3 
 .rodata.acName1C33_05
                0x0000000008006620       0x13 build/objectlist.o
 *fill*         0x0000000008006633        0x1 
 .rodata.acName6002
                0x0000000008006634        0x7 build/objectlist.o
 *fill*         0x000000000800663b        0x1 
 .rodata.acName6002_00
                0x000000000800663c        0xd build/objectlist.o
 *fill*         0x0000000008006649        0x3 
 .rodata.acName6002_01
                0x000000000800664c        0x8 build/objectlist.o
 .rodata.acName6002_02
                0x0000000008006654        0x8 build/objectlist.o
 .rodata.acName6060
                0x000000000800665c       0x13 build/objectlist.o
 *fill*         0x000000000800666f        0x1 
 .rodata.acName6061
                0x0000000008006670       0x1a build/objectlist.o
 *fill*         0x000000000800668a        0x2 
 .rodata.acName6502
                0x000000000800668c       0x16 build/objectlist.o
 *fill*         0x00000000080066a2        0x2 
 .rodata.acName7002
                0x00000000080066a4        0x7 build/objectlist.o
 *fill*         0x00000000080066ab        0x1 
 .rodata.acName7002_00
                0x00000000080066ac        0xd build/objectlist.o
 *fill*         0x00000000080066b9        0x3 
 .rodata.acName7002_01
                0x00000000080066bc        0x8 build/objectlist.o
 .rodata.acName7002_02
                0x00000000080066c4        0x8 build/objectlist.o
 .rodata.mb0.3  0x00000000080066cc        0x8 build/esc.o
 .rodata.mb1.2  0x00000000080066d4        0x8 build/esc.o
 .rodata.mbboot0.1
                0x00000000080066dc        0x8 build/esc.o
 .rodata.mbboot1.0
                0x00000000080066e4        0x8 build/esc.o
 .rodata.COE_getValue.str1.4
                0x00000000080066ec       0x1b build/esc_coe.o
 *fill*         0x0000000008006707        0x1 
 .rodata.COE_pdoPack.str1.4
                0x0000000008006708       0x20 build/esc_coe.o
 .rodata.__func__.0
                0x0000000008006728        0xe build/esc_coe.o
 *fill*         0x0000000008006736        0x2 
 .rodata.__func__.1
                0x0000000008006738        0xd build/esc_coe.o
 *fill*         0x0000000008006745        0x3 
 .rodata.__func__.2
                0x0000000008006748        0xc build/esc_coe.o
 .rodata.str1.4
                0x0000000008006754       0x3f /usr/lib/gcc/arm-none-eabi/10.3.1/../../../arm-none-eabi/lib/thumb/v7e-m+fp/hard/libc_nano.a(lib_a-assert.o)
                                         0x43 (size before relaxing)
 *fill*         0x0000000008006793        0x1 
 .rodata.str1.4
                0x0000000008006794       0x13 /usr/lib/gcc/arm-none-eabi/10.3.1/../../../arm-none-eabi/lib/thumb/v7e-m+fp/hard/libc_nano.a(lib_a-nano-vfprintf.o)
 *fill*         0x00000000080067a7        0x1 
 .rodata.str1.4
                0x00000000080067a8       0x25 /usr/lib/gcc/arm-none-eabi/10.3.1/../../../arm-none-eabi/lib/thumb/v7e-m+fp/hard/libc_nano.a(lib_a-nano-vfprintf_i.o)
                0x00000000080067d0                . = ALIGN (0x4)
 *fill*         0x00000000080067cd        0x3 

.rel.dyn        0x00000000080067d0        0x0
 .rel.iplt      0x00000000080067d0        0x0 /usr/lib/gcc/arm-none-eabi/10.3.1/thumb/v7e-m+fp/hard/crtbegin.o

.ARM.extab
 *(.ARM.extab* .gnu.linkonce.armextab.*)

.ARM            0x00000000080067d0        0x0
                0x00000000080067d0                __exidx_start = .
 *(.ARM.exidx*)
                0x00000000080067d0                __exidx_end = .

.preinit_array  0x00000000080067d0        0x0
                0x00000000080067d0                PROVIDE (__preinit_array_start = .)
 *(.preinit_array*)
                0x00000000080067d0                PROVIDE (__preinit_array_end = .)

.init_array     0x00000000080067d0        0x4
                0x00000000080067d0                PROVIDE (__init_array_start = .)
 *(SORT_BY_NAME(.init_array.*))
 *(.init_array*)
 .init_array    0x00000000080067d0        0x4 /usr/lib/gcc/arm-none-eabi/10.3.1/thumb/v7e-m+fp/hard/crtbegin.o
                0x00000000080067d4                PROVIDE (__init_array_end = .)

.fini_array     0x00000000080067d4        0x4
                0x00000000080067d4                PROVIDE (__fini_array_start = .)
 *(SORT_BY_NAME(.fini_array.*))
 *(.fini_array*)
 .fini_array    0x00000000080067d4        0x4 /usr/lib/gcc/arm-none-eabi/10.3.1/thumb/v7e-m+fp/hard/crtbegin.o
                0x00000000080067d8                PROVIDE (__fini_array_end = .)
                0x00000000080067d8                _sidata = LOADADDR (.data)

.data           0x0000000020000000       0xd0 load address 0x00000000080067d8
                0x0000000020000000                . = ALIGN (0x4)
                0x0000000020000000                _sdata = .
 *(.data)
 .data          0x0000000020000000       0x64 /usr/lib/gcc/arm-none-eabi/10.3.1/../../../arm-none-eabi/lib/thumb/v7e-m+fp/hard/libc_nano.a(lib_a-impure.o)
                0x0000000020000000                _impure_ptr
 *(.data*)
 .data.config   0x0000000020000064       0x50 build/ecatapp.o
 .data.pdo_coe_rxbuf
                0x00000000200000b4        0x4 build/pdo_override.o
                0x00000000200000b4                pdo_coe_rxbuf
 .data.pdo_coe_txbuf
                0x00000000200000b8        0x4 build/pdo_override.o
                0x00000000200000b8                pdo_coe_txbuf
 .data.pdo_spi_rxbuf
                0x00000000200000bc        0x4 build/pdo_override.o
                0x00000000200000bc                pdo_spi_rxbuf
 .data.pdo_spi_txbuf
                0x00000000200000c0        0x4 build/pdo_override.o
                0x00000000200000c0                pdo_spi_txbuf
 .data.ticksPerUs
                0x00000000200000c4        0x4 build/delay.o
 .data.SystemCoreClock
                0x00000000200000c8        0x4 build/system_stm32f4xx.o
                0x00000000200000c8                SystemCoreClock
 .data.et1100   0x00000000200000cc        0x4 build/esc_hw.o
                0x00000000200000d0                . = ALIGN (0x4)
                0x00000000200000d0                _edata = .
                0x00000000080068a8                _siccmram = LOADADDR (.ccmram)

.tm_clone_table
                0x00000000200000d0        0x0 load address 0x00000000080068a8
 .tm_clone_table
                0x00000000200000d0        0x0 /usr/lib/gcc/arm-none-eabi/10.3.1/thumb/v7e-m+fp/hard/crtbegin.o
 .tm_clone_table
                0x00000000200000d0        0x0 /usr/lib/gcc/arm-none-eabi/10.3.1/thumb/v7e-m+fp/hard/crtend.o

.igot.plt       0x00000000200000d0        0x0 load address 0x00000000080068a8
 .igot.plt      0x00000000200000d0        0x0 /usr/lib/gcc/arm-none-eabi/10.3.1/thumb/v7e-m+fp/hard/crtbegin.o

.ccmram         0x0000000010000000        0x0 load address 0x00000000080068a8
                0x0000000010000000                . = ALIGN (0x4)
                0x0000000010000000                _sccmram = .
 *(.ccmram)
 *(.ccmram*)
                0x0000000010000000                . = ALIGN (0x4)
                0x0000000010000000                _eccmram = .
                0x0000000010000000                . = ALIGN (0x4)

.bss            0x00000000200000d0     0x1240
                0x00000000200000d0                _sbss = .
                0x00000000200000d0                __bss_start__ = _sbss
 *(.bss)
 .bss           0x00000000200000d0       0x1c /usr/lib/gcc/arm-none-eabi/10.3.1/thumb/v7e-m+fp/hard/crtbegin.o
 .bss           0x00000000200000ec        0x8 /usr/lib/gcc/arm-none-eabi/10.3.1/../../../arm-none-eabi/lib/thumb/v7e-m+fp/hard/libc_nano.a(lib_a-nano-mallocr.o)
                0x00000000200000ec                __malloc_free_list
                0x00000000200000f0                __malloc_sbrk_start
 .bss           0x00000000200000f4        0x4 /usr/lib/gcc/arm-none-eabi/10.3.1/../../../arm-none-eabi/lib/thumb/v7e-m+fp/hard/libc_nano.a(lib_a-reent.o)
                0x00000000200000f4                errno
 .bss           0x00000000200000f8        0x4 /usr/lib/gcc/arm-none-eabi/10.3.1/../../../arm-none-eabi/lib/thumb/v7e-m+fp/hard/libnosys.a(sbrk.o)
 *(.bss*)
 .bss.Obj       0x00000000200000fc       0x44 build/ecatapp.o
                0x00000000200000fc                Obj
 .bss.pdi_irq_flag
                0x0000000020000140        0x1 build/ecatapp.o
 .bss.sync0_irq_flag
                0x0000000020000141        0x1 build/ecatapp.o
 .bss.pdi_dma_transmission
                0x0000000020000142        0x1 build/pdo_override.o
 *fill*         0x0000000020000143        0x5 
 .bss.pdo_rxbuf
                0x0000000020000148        0xa build/pdo_override.o
                0x0000000020000148                pdo_rxbuf
 *fill*         0x0000000020000152        0x6 
 .bss.pdo_txbuf
                0x0000000020000158        0xb build/pdo_override.o
                0x0000000020000158                pdo_txbuf
 *fill*         0x0000000020000163        0x1 
 .bss.timer_ms  0x0000000020000164        0x4 build/delay.o
                0x0000000020000164                timer_ms
 .bss.read_termination
                0x0000000020000168       0x80 build/esc_hw.o
 .bss.ESCvar    0x00000000200001e8      0x6ec build/ecat_slv.o
                0x00000000200001e8                ESCvar
 .bss.MBX       0x00000000200008d4      0x600 build/ecat_slv.o
                0x00000000200008d4                MBX
 .bss.MBXcontrol
                0x0000000020000ed4        0x3 build/ecat_slv.o
                0x0000000020000ed4                MBXcontrol
 *fill*         0x0000000020000ed7        0x1 
 .bss.SMmap2    0x0000000020000ed8       0x18 build/ecat_slv.o
                0x0000000020000ed8                SMmap2
 .bss.SMmap3    0x0000000020000ef0       0x18 build/ecat_slv.o
                0x0000000020000ef0                SMmap3
 .bss.rxpdo     0x0000000020000f08      0x200 build/ecat_slv.o
 .bss.txpdo     0x0000000020001108      0x200 build/ecat_slv.o
 .bss.watchdog  0x0000000020001308        0x4 build/ecat_slv.o
 .bss.as_all    0x000000002000130c        0x1 build/esc.o
                0x000000002000130c                as_all
 *(COMMON)
                0x0000000020001310                . = ALIGN (0x4)
 *fill*         0x000000002000130d        0x3 
                0x0000000020001310                _ebss = .
                0x0000000020001310                __bss_end__ = _ebss

._user_heap_stack
                0x0000000020001310      0x600
                0x0000000020001310                . = ALIGN (0x8)
                0x0000000020001310                PROVIDE (end = .)
                [!provide]                        PROVIDE (_end = .)
                0x0000000020001510                . = (. + _Min_Heap_Size)
 *fill*         0x0000000020001310      0x200 
                0x0000000020001910                . = (. + _Min_Stack_Size)
 *fill*         0x0000000020001510      0x400 
                0x0000000020001910                . = ALIGN (0x8)

/DISCARD/
 libc.a(*)
 libm.a(*)
 libgcc.a(*)

.ARM.attributes
                0x0000000000000000       0x30
 *(.ARM.attributes)
 .ARM.attributes
                0x0000000000000000       0x1e /usr/lib/gcc/arm-none-eabi/10.3.1/thumb/v7e-m+fp/hard/crti.o
 .ARM.attributes
                0x000000000000001e       0x34 /usr/lib/gcc/arm-none-eabi/10.3.1/thumb/v7e-m+fp/hard/crtbegin.o
 .ARM.attributes
                0x0000000000000052       0x34 build/ecatapp.o
 .ARM.attributes
                0x0000000000000086       0x34 build/main.o
 .ARM.attributes
                0x00000000000000ba       0x34 build/pdo_override.o
 .ARM.attributes
                0x00000000000000ee       0x34 build/misc.o
 .ARM.attributes
                0x0000000000000122       0x34 build/stm32f4xx_dma.o
 .ARM.attributes
                0x0000000000000156       0x34 build/stm32f4xx_exti.o
 .ARM.attributes
                0x000000000000018a       0x34 build/stm32f4xx_gpio.o
 .ARM.attributes
                0x00000000000001be       0x34 build/stm32f4xx_rcc.o
 .ARM.attributes
                0x00000000000001f2       0x34 build/stm32f4xx_spi.o
 .ARM.attributes
                0x0000000000000226       0x34 build/stm32f4xx_syscfg.o
 .ARM.attributes
                0x000000000000025a       0x34 build/delay.o
 .ARM.attributes
                0x000000000000028e       0x34 build/system_stm32f4xx.o
 .ARM.attributes
                0x00000000000002c2       0x39 build/objectlist.o
 .ARM.attributes
                0x00000000000002fb       0x34 build/esc_hw.o
 .ARM.attributes
                0x000000000000032f       0x34 build/ecat_slv.o
 .ARM.attributes
                0x0000000000000363       0x34 build/esc.o
 .ARM.attributes
                0x0000000000000397       0x34 build/esc_coe.o
 .ARM.attributes
                0x00000000000003cb       0x34 build/esc_irq.o
 .ARM.attributes
                0x00000000000003ff       0x34 build/rst.o
 .ARM.attributes
                0x0000000000000433       0x34 build/spi.o
 .ARM.attributes
                0x0000000000000467       0x21 build/startup_stm32f405xx.o
 .ARM.attributes
                0x0000000000000488       0x34 /usr/lib/gcc/arm-none-eabi/10.3.1/../../../arm-none-eabi/lib/thumb/v7e-m+fp/hard/libc_nano.a(lib_a-assert.o)
 .ARM.attributes
                0x00000000000004bc       0x34 /usr/lib/gcc/arm-none-eabi/10.3.1/../../../arm-none-eabi/lib/thumb/v7e-m+fp/hard/libc_nano.a(lib_a-fprintf.o)
 .ARM.attributes
                0x00000000000004f0       0x32 /usr/lib/gcc/arm-none-eabi/10.3.1/../../../arm-none-eabi/lib/thumb/v7e-m+fp/hard/libc_nano.a(lib_a-impure.o)
 .ARM.attributes
                0x0000000000000522       0x34 /usr/lib/gcc/arm-none-eabi/10.3.1/../../../arm-none-eabi/lib/thumb/v7e-m+fp/hard/libc_nano.a(lib_a-init.o)
 .ARM.attributes
                0x0000000000000556       0x1c /usr/lib/gcc/arm-none-eabi/10.3.1/../../../arm-none-eabi/lib/thumb/v7e-m+fp/hard/libc_nano.a(lib_a-memcpy.o)
 .ARM.attributes
                0x0000000000000572       0x34 /usr/lib/gcc/arm-none-eabi/10.3.1/../../../arm-none-eabi/lib/thumb/v7e-m+fp/hard/libc_nano.a(lib_a-memset.o)
 .ARM.attributes
                0x00000000000005a6       0x34 /usr/lib/gcc/arm-none-eabi/10.3.1/../../../arm-none-eabi/lib/thumb/v7e-m+fp/hard/libc_nano.a(lib_a-nano-vfprintf.o)
 .ARM.attributes
                0x00000000000005da       0x34 /usr/lib/gcc/arm-none-eabi/10.3.1/../../../arm-none-eabi/lib/thumb/v7e-m+fp/hard/libc_nano.a(lib_a-nano-vfprintf_i.o)
 .ARM.attributes
                0x000000000000060e       0x34 /usr/lib/gcc/arm-none-eabi/10.3.1/../../../arm-none-eabi/lib/thumb/v7e-m+fp/hard/libc_nano.a(lib_a-wbuf.o)
 .ARM.attributes
                0x0000000000000642       0x34 /usr/lib/gcc/arm-none-eabi/10.3.1/../../../arm-none-eabi/lib/thumb/v7e-m+fp/hard/libc_nano.a(lib_a-wsetup.o)
 .ARM.attributes
                0x0000000000000676       0x34 /usr/lib/gcc/arm-none-eabi/10.3.1/../../../arm-none-eabi/lib/thumb/v7e-m+fp/hard/libc_nano.a(lib_a-abort.o)
 .ARM.attributes
                0x00000000000006aa       0x34 /usr/lib/gcc/arm-none-eabi/10.3.1/../../../arm-none-eabi/lib/thumb/v7e-m+fp/hard/libc_nano.a(lib_a-fflush.o)
 .ARM.attributes
                0x00000000000006de       0x34 /usr/lib/gcc/arm-none-eabi/10.3.1/../../../arm-none-eabi/lib/thumb/v7e-m+fp/hard/libc_nano.a(lib_a-findfp.o)
 .ARM.attributes
                0x0000000000000712       0x34 /usr/lib/gcc/arm-none-eabi/10.3.1/../../../arm-none-eabi/lib/thumb/v7e-m+fp/hard/libc_nano.a(lib_a-fvwrite.o)
 .ARM.attributes
                0x0000000000000746       0x34 /usr/lib/gcc/arm-none-eabi/10.3.1/../../../arm-none-eabi/lib/thumb/v7e-m+fp/hard/libc_nano.a(lib_a-fwalk.o)
 .ARM.attributes
                0x000000000000077a       0x34 /usr/lib/gcc/arm-none-eabi/10.3.1/../../../arm-none-eabi/lib/thumb/v7e-m+fp/hard/libc_nano.a(lib_a-makebuf.o)
 .ARM.attributes
                0x00000000000007ae       0x1c /usr/lib/gcc/arm-none-eabi/10.3.1/../../../arm-none-eabi/lib/thumb/v7e-m+fp/hard/libc_nano.a(lib_a-memchr.o)
 .ARM.attributes
                0x00000000000007ca       0x34 /usr/lib/gcc/arm-none-eabi/10.3.1/../../../arm-none-eabi/lib/thumb/v7e-m+fp/hard/libc_nano.a(lib_a-memmove.o)
 .ARM.attributes
                0x00000000000007fe       0x34 /usr/lib/gcc/arm-none-eabi/10.3.1/../../../arm-none-eabi/lib/thumb/v7e-m+fp/hard/libc_nano.a(lib_a-nano-freer.o)
 .ARM.attributes
                0x0000000000000832       0x34 /usr/lib/gcc/arm-none-eabi/10.3.1/../../../arm-none-eabi/lib/thumb/v7e-m+fp/hard/libc_nano.a(lib_a-nano-mallocr.o)
 .ARM.attributes
                0x0000000000000866       0x34 /usr/lib/gcc/arm-none-eabi/10.3.1/../../../arm-none-eabi/lib/thumb/v7e-m+fp/hard/libc_nano.a(lib_a-nano-reallocr.o)
 .ARM.attributes
                0x000000000000089a       0x34 /usr/lib/gcc/arm-none-eabi/10.3.1/../../../arm-none-eabi/lib/thumb/v7e-m+fp/hard/libc_nano.a(lib_a-sbrkr.o)
 .ARM.attributes
                0x00000000000008ce       0x34 /usr/lib/gcc/arm-none-eabi/10.3.1/../../../arm-none-eabi/lib/thumb/v7e-m+fp/hard/libc_nano.a(lib_a-signal.o)
 .ARM.attributes
                0x0000000000000902       0x34 /usr/lib/gcc/arm-none-eabi/10.3.1/../../../arm-none-eabi/lib/thumb/v7e-m+fp/hard/libc_nano.a(lib_a-signalr.o)
 .ARM.attributes
                0x0000000000000936       0x34 /usr/lib/gcc/arm-none-eabi/10.3.1/../../../arm-none-eabi/lib/thumb/v7e-m+fp/hard/libc_nano.a(lib_a-stdio.o)
 .ARM.attributes
                0x000000000000096a       0x34 /usr/lib/gcc/arm-none-eabi/10.3.1/../../../arm-none-eabi/lib/thumb/v7e-m+fp/hard/libc_nano.a(lib_a-writer.o)
 .ARM.attributes
                0x000000000000099e       0x34 /usr/lib/gcc/arm-none-eabi/10.3.1/../../../arm-none-eabi/lib/thumb/v7e-m+fp/hard/libc_nano.a(lib_a-closer.o)
 .ARM.attributes
                0x00000000000009d2       0x34 /usr/lib/gcc/arm-none-eabi/10.3.1/../../../arm-none-eabi/lib/thumb/v7e-m+fp/hard/libc_nano.a(lib_a-fstatr.o)
 .ARM.attributes
                0x0000000000000a06       0x34 /usr/lib/gcc/arm-none-eabi/10.3.1/../../../arm-none-eabi/lib/thumb/v7e-m+fp/hard/libc_nano.a(lib_a-isattyr.o)
 .ARM.attributes
                0x0000000000000a3a       0x34 /usr/lib/gcc/arm-none-eabi/10.3.1/../../../arm-none-eabi/lib/thumb/v7e-m+fp/hard/libc_nano.a(lib_a-lseekr.o)
 .ARM.attributes
                0x0000000000000a6e       0x34 /usr/lib/gcc/arm-none-eabi/10.3.1/../../../arm-none-eabi/lib/thumb/v7e-m+fp/hard/libc_nano.a(lib_a-mlock.o)
 .ARM.attributes
                0x0000000000000aa2       0x34 /usr/lib/gcc/arm-none-eabi/10.3.1/../../../arm-none-eabi/lib/thumb/v7e-m+fp/hard/libc_nano.a(lib_a-nano-msizer.o)
 .ARM.attributes
                0x0000000000000ad6       0x34 /usr/lib/gcc/arm-none-eabi/10.3.1/../../../arm-none-eabi/lib/thumb/v7e-m+fp/hard/libc_nano.a(lib_a-readr.o)
 .ARM.attributes
                0x0000000000000b0a       0x34 /usr/lib/gcc/arm-none-eabi/10.3.1/../../../arm-none-eabi/lib/thumb/v7e-m+fp/hard/libc_nano.a(lib_a-reent.o)
 .ARM.attributes
                0x0000000000000b3e       0x34 /usr/lib/gcc/arm-none-eabi/10.3.1/../../../arm-none-eabi/lib/thumb/v7e-m+fp/hard/libnosys.a(close.o)
 .ARM.attributes
                0x0000000000000b72       0x34 /usr/lib/gcc/arm-none-eabi/10.3.1/../../../arm-none-eabi/lib/thumb/v7e-m+fp/hard/libnosys.a(fstat.o)
 .ARM.attributes
                0x0000000000000ba6       0x34 /usr/lib/gcc/arm-none-eabi/10.3.1/../../../arm-none-eabi/lib/thumb/v7e-m+fp/hard/libnosys.a(getpid.o)
 .ARM.attributes
                0x0000000000000bda       0x34 /usr/lib/gcc/arm-none-eabi/10.3.1/../../../arm-none-eabi/lib/thumb/v7e-m+fp/hard/libnosys.a(isatty.o)
 .ARM.attributes
                0x0000000000000c0e       0x34 /usr/lib/gcc/arm-none-eabi/10.3.1/../../../arm-none-eabi/lib/thumb/v7e-m+fp/hard/libnosys.a(kill.o)
 .ARM.attributes
                0x0000000000000c42       0x34 /usr/lib/gcc/arm-none-eabi/10.3.1/../../../arm-none-eabi/lib/thumb/v7e-m+fp/hard/libnosys.a(lseek.o)
 .ARM.attributes
                0x0000000000000c76       0x34 /usr/lib/gcc/arm-none-eabi/10.3.1/../../../arm-none-eabi/lib/thumb/v7e-m+fp/hard/libnosys.a(read.o)
 .ARM.attributes
                0x0000000000000caa       0x34 /usr/lib/gcc/arm-none-eabi/10.3.1/../../../arm-none-eabi/lib/thumb/v7e-m+fp/hard/libnosys.a(sbrk.o)
 .ARM.attributes
                0x0000000000000cde       0x34 /usr/lib/gcc/arm-none-eabi/10.3.1/../../../arm-none-eabi/lib/thumb/v7e-m+fp/hard/libnosys.a(write.o)
 .ARM.attributes
                0x0000000000000d12       0x34 /usr/lib/gcc/arm-none-eabi/10.3.1/../../../arm-none-eabi/lib/thumb/v7e-m+fp/hard/libnosys.a(_exit.o)
 .ARM.attributes
                0x0000000000000d46       0x32 /usr/lib/gcc/arm-none-eabi/10.3.1/thumb/v7e-m+fp/hard/crtend.o
 .ARM.attributes
                0x0000000000000d78       0x1e /usr/lib/gcc/arm-none-eabi/10.3.1/thumb/v7e-m+fp/hard/crtn.o
OUTPUT(build/stm32F4_ax58100_hw.elf elf32-littlearm)
LOAD linker stubs
LOAD /usr/lib/gcc/arm-none-eabi/10.3.1/../../../arm-none-eabi/lib/thumb/v7e-m+fp/hard/libc.a
LOAD /usr/lib/gcc/arm-none-eabi/10.3.1/../../../arm-none-eabi/lib/thumb/v7e-m+fp/hard/libm.a
LOAD /usr/lib/gcc/arm-none-eabi/10.3.1/thumb/v7e-m+fp/hard/libgcc.a

.comment        0x0000000000000000       0x33
 .comment       0x0000000000000000       0x33 /usr/lib/gcc/arm-none-eabi/10.3.1/thumb/v7e-m+fp/hard/crtbegin.o
                                         0x34 (size before relaxing)
 .comment       0x0000000000000033       0x34 build/ecatapp.o
 .comment       0x0000000000000033       0x34 build/main.o
 .comment       0x0000000000000033       0x34 build/pdo_override.o
 .comment       0x0000000000000033       0x34 build/misc.o
 .comment       0x0000000000000033       0x34 build/stm32f4xx_dma.o
 .comment       0x0000000000000033       0x34 build/stm32f4xx_exti.o
 .comment       0x0000000000000033       0x34 build/stm32f4xx_gpio.o
 .comment       0x0000000000000033       0x34 build/stm32f4xx_rcc.o
 .comment       0x0000000000000033       0x34 build/stm32f4xx_spi.o
 .comment       0x0000000000000033       0x34 build/stm32f4xx_syscfg.o
 .comment       0x0000000000000033       0x34 build/delay.o
 .comment       0x0000000000000033       0x34 build/system_stm32f4xx.o
 .comment       0x0000000000000033       0x34 build/objectlist.o
 .comment       0x0000000000000033       0x34 build/esc_hw.o
 .comment       0x0000000000000033       0x34 build/ecat_slv.o
 .comment       0x0000000000000033       0x34 build/esc.o
 .comment       0x0000000000000033       0x34 build/esc_coe.o
 .comment       0x0000000000000033       0x34 build/esc_irq.o
 .comment       0x0000000000000033       0x34 build/rst.o
 .comment       0x0000000000000033       0x34 build/spi.o
 .comment       0x0000000000000033       0x34 /usr/lib/gcc/arm-none-eabi/10.3.1/../../../arm-none-eabi/lib/thumb/v7e-m+fp/hard/libc_nano.a(lib_a-assert.o)
 .comment       0x0000000000000033       0x34 /usr/lib/gcc/arm-none-eabi/10.3.1/../../../arm-none-eabi/lib/thumb/v7e-m+fp/hard/libc_nano.a(lib_a-fprintf.o)
 .comment       0x0000000000000033       0x34 /usr/lib/gcc/arm-none-eabi/10.3.1/../../../arm-none-eabi/lib/thumb/v7e-m+fp/hard/libc_nano.a(lib_a-impure.o)
 .comment       0x0000000000000033       0x34 /usr/lib/gcc/arm-none-eabi/10.3.1/../../../arm-none-eabi/lib/thumb/v7e-m+fp/hard/libc_nano.a(lib_a-init.o)
 .comment       0x0000000000000033       0x34 /usr/lib/gcc/arm-none-eabi/10.3.1/../../../arm-none-eabi/lib/thumb/v7e-m+fp/hard/libc_nano.a(lib_a-memset.o)
 .comment       0x0000000000000033       0x34 /usr/lib/gcc/arm-none-eabi/10.3.1/../../../arm-none-eabi/lib/thumb/v7e-m+fp/hard/libc_nano.a(lib_a-nano-vfprintf.o)
 .comment       0x0000000000000033       0x34 /usr/lib/gcc/arm-none-eabi/10.3.1/../../../arm-none-eabi/lib/thumb/v7e-m+fp/hard/libc_nano.a(lib_a-nano-vfprintf_i.o)
 .comment       0x0000000000000033       0x34 /usr/lib/gcc/arm-none-eabi/10.3.1/../../../arm-none-eabi/lib/thumb/v7e-m+fp/hard/libc_nano.a(lib_a-wbuf.o)
 .comment       0x0000000000000033       0x34 /usr/lib/gcc/arm-none-eabi/10.3.1/../../../arm-none-eabi/lib/thumb/v7e-m+fp/hard/libc_nano.a(lib_a-wsetup.o)
 .comment       0x0000000000000033       0x34 /usr/lib/gcc/arm-none-eabi/10.3.1/../../../arm-none-eabi/lib/thumb/v7e-m+fp/hard/libc_nano.a(lib_a-abort.o)
 .comment       0x0000000000000033       0x34 /usr/lib/gcc/arm-none-eabi/10.3.1/../../../arm-none-eabi/lib/thumb/v7e-m+fp/hard/libc_nano.a(lib_a-fflush.o)
 .comment       0x0000000000000033       0x34 /usr/lib/gcc/arm-none-eabi/10.3.1/../../../arm-none-eabi/lib/thumb/v7e-m+fp/hard/libc_nano.a(lib_a-findfp.o)
 .comment       0x0000000000000033       0x34 /usr/lib/gcc/arm-none-eabi/10.3.1/../../../arm-none-eabi/lib/thumb/v7e-m+fp/hard/libc_nano.a(lib_a-fvwrite.o)
 .comment       0x0000000000000033       0x34 /usr/lib/gcc/arm-none-eabi/10.3.1/../../../arm-none-eabi/lib/thumb/v7e-m+fp/hard/libc_nano.a(lib_a-fwalk.o)
 .comment       0x0000000000000033       0x34 /usr/lib/gcc/arm-none-eabi/10.3.1/../../../arm-none-eabi/lib/thumb/v7e-m+fp/hard/libc_nano.a(lib_a-makebuf.o)
 .comment       0x0000000000000033       0x34 /usr/lib/gcc/arm-none-eabi/10.3.1/../../../arm-none-eabi/lib/thumb/v7e-m+fp/hard/libc_nano.a(lib_a-memmove.o)
 .comment       0x0000000000000033       0x34 /usr/lib/gcc/arm-none-eabi/10.3.1/../../../arm-none-eabi/lib/thumb/v7e-m+fp/hard/libc_nano.a(lib_a-nano-freer.o)
 .comment       0x0000000000000033       0x34 /usr/lib/gcc/arm-none-eabi/10.3.1/../../../arm-none-eabi/lib/thumb/v7e-m+fp/hard/libc_nano.a(lib_a-nano-mallocr.o)
 .comment       0x0000000000000033       0x34 /usr/lib/gcc/arm-none-eabi/10.3.1/../../../arm-none-eabi/lib/thumb/v7e-m+fp/hard/libc_nano.a(lib_a-nano-reallocr.o)
 .comment       0x0000000000000033       0x34 /usr/lib/gcc/arm-none-eabi/10.3.1/../../../arm-none-eabi/lib/thumb/v7e-m+fp/hard/libc_nano.a(lib_a-sbrkr.o)
 .comment       0x0000000000000033       0x34 /usr/lib/gcc/arm-none-eabi/10.3.1/../../../arm-none-eabi/lib/thumb/v7e-m+fp/hard/libc_nano.a(lib_a-signal.o)
 .comment       0x0000000000000033       0x34 /usr/lib/gcc/arm-none-eabi/10.3.1/../../../arm-none-eabi/lib/thumb/v7e-m+fp/hard/libc_nano.a(lib_a-signalr.o)
 .comment       0x0000000000000033       0x34 /usr/lib/gcc/arm-none-eabi/10.3.1/../../../arm-none-eabi/lib/thumb/v7e-m+fp/hard/libc_nano.a(lib_a-stdio.o)
 .comment       0x0000000000000033       0x34 /usr/lib/gcc/arm-none-eabi/10.3.1/../../../arm-none-eabi/lib/thumb/v7e-m+fp/hard/libc_nano.a(lib_a-writer.o)
 .comment       0x0000000000000033       0x34 /usr/lib/gcc/arm-none-eabi/10.3.1/../../../arm-none-eabi/lib/thumb/v7e-m+fp/hard/libc_nano.a(lib_a-closer.o)
 .comment       0x0000000000000033       0x34 /usr/lib/gcc/arm-none-eabi/10.3.1/../../../arm-none-eabi/lib/thumb/v7e-m+fp/hard/libc_nano.a(lib_a-fstatr.o)
 .comment       0x0000000000000033       0x34 /usr/lib/gcc/arm-none-eabi/10.3.1/../../../arm-none-eabi/lib/thumb/v7e-m+fp/hard/libc_nano.a(lib_a-isattyr.o)
 .comment       0x0000000000000033       0x34 /usr/lib/gcc/arm-none-eabi/10.3.1/../../../arm-none-eabi/lib/thumb/v7e-m+fp/hard/libc_nano.a(lib_a-lseekr.o)
 .comment       0x0000000000000033       0x34 /usr/lib/gcc/arm-none-eabi/10.3.1/../../../arm-none-eabi/lib/thumb/v7e-m+fp/hard/libc_nano.a(lib_a-mlock.o)
 .comment       0x0000000000000033       0x34 /usr/lib/gcc/arm-none-eabi/10.3.1/../../../arm-none-eabi/lib/thumb/v7e-m+fp/hard/libc_nano.a(lib_a-nano-msizer.o)
 .comment       0x0000000000000033       0x34 /usr/lib/gcc/arm-none-eabi/10.3.1/../../../arm-none-eabi/lib/thumb/v7e-m+fp/hard/libc_nano.a(lib_a-readr.o)
 .comment       0x0000000000000033       0x34 /usr/lib/gcc/arm-none-eabi/10.3.1/../../../arm-none-eabi/lib/thumb/v7e-m+fp/hard/libc_nano.a(lib_a-reent.o)
 .comment       0x0000000000000033       0x34 /usr/lib/gcc/arm-none-eabi/10.3.1/../../../arm-none-eabi/lib/thumb/v7e-m+fp/hard/libnosys.a(close.o)
 .comment       0x0000000000000033       0x34 /usr/lib/gcc/arm-none-eabi/10.3.1/../../../arm-none-eabi/lib/thumb/v7e-m+fp/hard/libnosys.a(fstat.o)
 .comment       0x0000000000000033       0x34 /usr/lib/gcc/arm-none-eabi/10.3.1/../../../arm-none-eabi/lib/thumb/v7e-m+fp/hard/libnosys.a(getpid.o)
 .comment       0x0000000000000033       0x34 /usr/lib/gcc/arm-none-eabi/10.3.1/../../../arm-none-eabi/lib/thumb/v7e-m+fp/hard/libnosys.a(isatty.o)
 .comment       0x0000000000000033       0x34 /usr/lib/gcc/arm-none-eabi/10.3.1/../../../arm-none-eabi/lib/thumb/v7e-m+fp/hard/libnosys.a(kill.o)
 .comment       0x0000000000000033       0x34 /usr/lib/gcc/arm-none-eabi/10.3.1/../../../arm-none-eabi/lib/thumb/v7e-m+fp/hard/libnosys.a(lseek.o)
 .comment       0x0000000000000033       0x34 /usr/lib/gcc/arm-none-eabi/10.3.1/../../../arm-none-eabi/lib/thumb/v7e-m+fp/hard/libnosys.a(read.o)
 .comment       0x0000000000000033       0x34 /usr/lib/gcc/arm-none-eabi/10.3.1/../../../arm-none-eabi/lib/thumb/v7e-m+fp/hard/libnosys.a(sbrk.o)
 .comment       0x0000000000000033       0x34 /usr/lib/gcc/arm-none-eabi/10.3.1/../../../arm-none-eabi/lib/thumb/v7e-m+fp/hard/libnosys.a(write.o)
 .comment       0x0000000000000033       0x34 /usr/lib/gcc/arm-none-eabi/10.3.1/../../../arm-none-eabi/lib/thumb/v7e-m+fp/hard/libnosys.a(_exit.o)
 .comment       0x0000000000000033       0x34 /usr/lib/gcc/arm-none-eabi/10.3.1/thumb/v7e-m+fp/hard/crtend.o

.debug_info     0x0000000000000000    0x22237
 .debug_info    0x0000000000000000      0xcd1 build/ecatapp.o
 .debug_info    0x0000000000000cd1      0x72a build/main.o
 .debug_info    0x00000000000013fb     0x13c5 build/pdo_override.o
 .debug_info    0x00000000000027c0      0x564 build/misc.o
 .debug_info    0x0000000000002d24      0x7bc build/stm32f4xx_dma.o
 .debug_info    0x00000000000034e0      0x355 build/stm32f4xx_exti.o
 .debug_info    0x0000000000003835      0x88d build/stm32f4xx_gpio.o
 .debug_info    0x00000000000040c2      0xfe3 build/stm32f4xx_rcc.o
 .debug_info    0x00000000000050a5      0xd80 build/stm32f4xx_spi.o
 .debug_info    0x0000000000005e25      0x2c8 build/stm32f4xx_syscfg.o
 .debug_info    0x00000000000060ed      0x484 build/delay.o
 .debug_info    0x0000000000006571      0x63d build/system_stm32f4xx.o
 .debug_info    0x0000000000006bae      0xac4 build/objectlist.o
 .debug_info    0x0000000000007672      0xdf7 build/esc_hw.o
 .debug_info    0x0000000000008469     0x116b build/ecat_slv.o
 .debug_info    0x00000000000095d4     0x1f88 build/esc.o
 .debug_info    0x000000000000b55c     0x2cfa build/esc_coe.o
 .debug_info    0x000000000000e256      0x87b build/esc_irq.o
 .debug_info    0x000000000000ead1      0x428 build/rst.o
 .debug_info    0x000000000000eef9      0x9ce build/spi.o
 .debug_info    0x000000000000f8c7       0x22 build/startup_stm32f405xx.o
 .debug_info    0x000000000000f8e9      0x8bd /usr/lib/gcc/arm-none-eabi/10.3.1/../../../arm-none-eabi/lib/thumb/v7e-m+fp/hard/libc_nano.a(lib_a-assert.o)
 .debug_info    0x00000000000101a6      0x902 /usr/lib/gcc/arm-none-eabi/10.3.1/../../../arm-none-eabi/lib/thumb/v7e-m+fp/hard/libc_nano.a(lib_a-fprintf.o)
 .debug_info    0x0000000000010aa8      0x863 /usr/lib/gcc/arm-none-eabi/10.3.1/../../../arm-none-eabi/lib/thumb/v7e-m+fp/hard/libc_nano.a(lib_a-impure.o)
 .debug_info    0x000000000001130b      0x11a /usr/lib/gcc/arm-none-eabi/10.3.1/../../../arm-none-eabi/lib/thumb/v7e-m+fp/hard/libc_nano.a(lib_a-init.o)
 .debug_info    0x0000000000011425       0x26 /usr/lib/gcc/arm-none-eabi/10.3.1/../../../arm-none-eabi/lib/thumb/v7e-m+fp/hard/libc_nano.a(lib_a-memcpy.o)
 .debug_info    0x000000000001144b      0x137 /usr/lib/gcc/arm-none-eabi/10.3.1/../../../arm-none-eabi/lib/thumb/v7e-m+fp/hard/libc_nano.a(lib_a-memset.o)
 .debug_info    0x0000000000011582     0x115f /usr/lib/gcc/arm-none-eabi/10.3.1/../../../arm-none-eabi/lib/thumb/v7e-m+fp/hard/libc_nano.a(lib_a-nano-vfprintf.o)
 .debug_info    0x00000000000126e1      0xe9e /usr/lib/gcc/arm-none-eabi/10.3.1/../../../arm-none-eabi/lib/thumb/v7e-m+fp/hard/libc_nano.a(lib_a-nano-vfprintf_i.o)
 .debug_info    0x000000000001357f      0x998 /usr/lib/gcc/arm-none-eabi/10.3.1/../../../arm-none-eabi/lib/thumb/v7e-m+fp/hard/libc_nano.a(lib_a-wbuf.o)
 .debug_info    0x0000000000013f17      0x902 /usr/lib/gcc/arm-none-eabi/10.3.1/../../../arm-none-eabi/lib/thumb/v7e-m+fp/hard/libc_nano.a(lib_a-wsetup.o)
 .debug_info    0x0000000000014819       0xcb /usr/lib/gcc/arm-none-eabi/10.3.1/../../../arm-none-eabi/lib/thumb/v7e-m+fp/hard/libc_nano.a(lib_a-abort.o)
 .debug_info    0x00000000000148e4      0xb0d /usr/lib/gcc/arm-none-eabi/10.3.1/../../../arm-none-eabi/lib/thumb/v7e-m+fp/hard/libc_nano.a(lib_a-fflush.o)
 .debug_info    0x00000000000153f1      0xfae /usr/lib/gcc/arm-none-eabi/10.3.1/../../../arm-none-eabi/lib/thumb/v7e-m+fp/hard/libc_nano.a(lib_a-findfp.o)
 .debug_info    0x000000000001639f      0xb5e /usr/lib/gcc/arm-none-eabi/10.3.1/../../../arm-none-eabi/lib/thumb/v7e-m+fp/hard/libc_nano.a(lib_a-fvwrite.o)
 .debug_info    0x0000000000016efd      0x900 /usr/lib/gcc/arm-none-eabi/10.3.1/../../../arm-none-eabi/lib/thumb/v7e-m+fp/hard/libc_nano.a(lib_a-fwalk.o)
 .debug_info    0x00000000000177fd      0xc8a /usr/lib/gcc/arm-none-eabi/10.3.1/../../../arm-none-eabi/lib/thumb/v7e-m+fp/hard/libc_nano.a(lib_a-makebuf.o)
 .debug_info    0x0000000000018487       0x26 /usr/lib/gcc/arm-none-eabi/10.3.1/../../../arm-none-eabi/lib/thumb/v7e-m+fp/hard/libc_nano.a(lib_a-memchr.o)
 .debug_info    0x00000000000184ad      0x152 /usr/lib/gcc/arm-none-eabi/10.3.1/../../../arm-none-eabi/lib/thumb/v7e-m+fp/hard/libc_nano.a(lib_a-memmove.o)
 .debug_info    0x00000000000185ff      0x903 /usr/lib/gcc/arm-none-eabi/10.3.1/../../../arm-none-eabi/lib/thumb/v7e-m+fp/hard/libc_nano.a(lib_a-nano-freer.o)
 .debug_info    0x0000000000018f02      0xa0c /usr/lib/gcc/arm-none-eabi/10.3.1/../../../arm-none-eabi/lib/thumb/v7e-m+fp/hard/libc_nano.a(lib_a-nano-mallocr.o)
 .debug_info    0x000000000001990e      0x911 /usr/lib/gcc/arm-none-eabi/10.3.1/../../../arm-none-eabi/lib/thumb/v7e-m+fp/hard/libc_nano.a(lib_a-nano-reallocr.o)
 .debug_info    0x000000000001a21f      0x828 /usr/lib/gcc/arm-none-eabi/10.3.1/../../../arm-none-eabi/lib/thumb/v7e-m+fp/hard/libc_nano.a(lib_a-sbrkr.o)
 .debug_info    0x000000000001aa47      0xdcc /usr/lib/gcc/arm-none-eabi/10.3.1/../../../arm-none-eabi/lib/thumb/v7e-m+fp/hard/libc_nano.a(lib_a-signal.o)
 .debug_info    0x000000000001b813      0x871 /usr/lib/gcc/arm-none-eabi/10.3.1/../../../arm-none-eabi/lib/thumb/v7e-m+fp/hard/libc_nano.a(lib_a-signalr.o)
 .debug_info    0x000000000001c084      0xabc /usr/lib/gcc/arm-none-eabi/10.3.1/../../../arm-none-eabi/lib/thumb/v7e-m+fp/hard/libc_nano.a(lib_a-stdio.o)
 .debug_info    0x000000000001cb40      0x85a /usr/lib/gcc/arm-none-eabi/10.3.1/../../../arm-none-eabi/lib/thumb/v7e-m+fp/hard/libc_nano.a(lib_a-writer.o)
 .debug_info    0x000000000001d39a      0x805 /usr/lib/gcc/arm-none-eabi/10.3.1/../../../arm-none-eabi/lib/thumb/v7e-m+fp/hard/libc_nano.a(lib_a-closer.o)
 .debug_info    0x000000000001db9f      0xa1d /usr/lib/gcc/arm-none-eabi/10.3.1/../../../arm-none-eabi/lib/thumb/v7e-m+fp/hard/libc_nano.a(lib_a-fstatr.o)
 .debug_info    0x000000000001e5bc      0x805 /usr/lib/gcc/arm-none-eabi/10.3.1/../../../arm-none-eabi/lib/thumb/v7e-m+fp/hard/libc_nano.a(lib_a-isattyr.o)
 .debug_info    0x000000000001edc1      0x83b /usr/lib/gcc/arm-none-eabi/10.3.1/../../../arm-none-eabi/lib/thumb/v7e-m+fp/hard/libc_nano.a(lib_a-lseekr.o)
 .debug_info    0x000000000001f5fc      0x7dc /usr/lib/gcc/arm-none-eabi/10.3.1/../../../arm-none-eabi/lib/thumb/v7e-m+fp/hard/libc_nano.a(lib_a-mlock.o)
 .debug_info    0x000000000001fdd8      0x840 /usr/lib/gcc/arm-none-eabi/10.3.1/../../../arm-none-eabi/lib/thumb/v7e-m+fp/hard/libc_nano.a(lib_a-nano-msizer.o)
 .debug_info    0x0000000000020618      0x853 /usr/lib/gcc/arm-none-eabi/10.3.1/../../../arm-none-eabi/lib/thumb/v7e-m+fp/hard/libc_nano.a(lib_a-readr.o)
 .debug_info    0x0000000000020e6b      0xa7e /usr/lib/gcc/arm-none-eabi/10.3.1/../../../arm-none-eabi/lib/thumb/v7e-m+fp/hard/libc_nano.a(lib_a-reent.o)
 .debug_info    0x00000000000218e9       0xb1 /usr/lib/gcc/arm-none-eabi/10.3.1/../../../arm-none-eabi/lib/thumb/v7e-m+fp/hard/libnosys.a(close.o)
 .debug_info    0x000000000002199a      0x2cc /usr/lib/gcc/arm-none-eabi/10.3.1/../../../arm-none-eabi/lib/thumb/v7e-m+fp/hard/libnosys.a(fstat.o)
 .debug_info    0x0000000000021c66       0x9c /usr/lib/gcc/arm-none-eabi/10.3.1/../../../arm-none-eabi/lib/thumb/v7e-m+fp/hard/libnosys.a(getpid.o)
 .debug_info    0x0000000000021d02       0xb1 /usr/lib/gcc/arm-none-eabi/10.3.1/../../../arm-none-eabi/lib/thumb/v7e-m+fp/hard/libnosys.a(isatty.o)
 .debug_info    0x0000000000021db3       0xbf /usr/lib/gcc/arm-none-eabi/10.3.1/../../../arm-none-eabi/lib/thumb/v7e-m+fp/hard/libnosys.a(kill.o)
 .debug_info    0x0000000000021e72       0xd3 /usr/lib/gcc/arm-none-eabi/10.3.1/../../../arm-none-eabi/lib/thumb/v7e-m+fp/hard/libnosys.a(lseek.o)
 .debug_info    0x0000000000021f45       0xd9 /usr/lib/gcc/arm-none-eabi/10.3.1/../../../arm-none-eabi/lib/thumb/v7e-m+fp/hard/libnosys.a(read.o)
 .debug_info    0x000000000002201e       0x9d /usr/lib/gcc/arm-none-eabi/10.3.1/../../../arm-none-eabi/lib/thumb/v7e-m+fp/hard/libnosys.a(sbrk.o)
 .debug_info    0x00000000000220bb       0xd9 /usr/lib/gcc/arm-none-eabi/10.3.1/../../../arm-none-eabi/lib/thumb/v7e-m+fp/hard/libnosys.a(write.o)
 .debug_info    0x0000000000022194       0xa3 /usr/lib/gcc/arm-none-eabi/10.3.1/../../../arm-none-eabi/lib/thumb/v7e-m+fp/hard/libnosys.a(_exit.o)

.debug_abbrev   0x0000000000000000     0x6cba
 .debug_abbrev  0x0000000000000000      0x284 build/ecatapp.o
 .debug_abbrev  0x0000000000000284      0x1ba build/main.o
 .debug_abbrev  0x000000000000043e      0x2b8 build/pdo_override.o
 .debug_abbrev  0x00000000000006f6      0x187 build/misc.o
 .debug_abbrev  0x000000000000087d      0x180 build/stm32f4xx_dma.o
 .debug_abbrev  0x00000000000009fd      0x1f5 build/stm32f4xx_exti.o
 .debug_abbrev  0x0000000000000bf2      0x20e build/stm32f4xx_gpio.o
 .debug_abbrev  0x0000000000000e00      0x204 build/stm32f4xx_rcc.o
 .debug_abbrev  0x0000000000001004      0x1ce build/stm32f4xx_spi.o
 .debug_abbrev  0x00000000000011d2      0x175 build/stm32f4xx_syscfg.o
 .debug_abbrev  0x0000000000001347      0x1ee build/delay.o
 .debug_abbrev  0x0000000000001535      0x187 build/system_stm32f4xx.o
 .debug_abbrev  0x00000000000016bc       0xde build/objectlist.o
 .debug_abbrev  0x000000000000179a      0x26e build/esc_hw.o
 .debug_abbrev  0x0000000000001a08      0x349 build/ecat_slv.o
 .debug_abbrev  0x0000000000001d51      0x3ef build/esc.o
 .debug_abbrev  0x0000000000002140      0x434 build/esc_coe.o
 .debug_abbrev  0x0000000000002574      0x176 build/esc_irq.o
 .debug_abbrev  0x00000000000026ea      0x16e build/rst.o
 .debug_abbrev  0x0000000000002858      0x1ea build/spi.o
 .debug_abbrev  0x0000000000002a42       0x12 build/startup_stm32f405xx.o
 .debug_abbrev  0x0000000000002a54      0x1c3 /usr/lib/gcc/arm-none-eabi/10.3.1/../../../arm-none-eabi/lib/thumb/v7e-m+fp/hard/libc_nano.a(lib_a-assert.o)
 .debug_abbrev  0x0000000000002c17      0x213 /usr/lib/gcc/arm-none-eabi/10.3.1/../../../arm-none-eabi/lib/thumb/v7e-m+fp/hard/libc_nano.a(lib_a-fprintf.o)
 .debug_abbrev  0x0000000000002e2a      0x151 /usr/lib/gcc/arm-none-eabi/10.3.1/../../../arm-none-eabi/lib/thumb/v7e-m+fp/hard/libc_nano.a(lib_a-impure.o)
 .debug_abbrev  0x0000000000002f7b       0xcc /usr/lib/gcc/arm-none-eabi/10.3.1/../../../arm-none-eabi/lib/thumb/v7e-m+fp/hard/libc_nano.a(lib_a-init.o)
 .debug_abbrev  0x0000000000003047       0x14 /usr/lib/gcc/arm-none-eabi/10.3.1/../../../arm-none-eabi/lib/thumb/v7e-m+fp/hard/libc_nano.a(lib_a-memcpy.o)
 .debug_abbrev  0x000000000000305b       0xb4 /usr/lib/gcc/arm-none-eabi/10.3.1/../../../arm-none-eabi/lib/thumb/v7e-m+fp/hard/libc_nano.a(lib_a-memset.o)
 .debug_abbrev  0x000000000000310f      0x358 /usr/lib/gcc/arm-none-eabi/10.3.1/../../../arm-none-eabi/lib/thumb/v7e-m+fp/hard/libc_nano.a(lib_a-nano-vfprintf.o)
 .debug_abbrev  0x0000000000003467      0x25c /usr/lib/gcc/arm-none-eabi/10.3.1/../../../arm-none-eabi/lib/thumb/v7e-m+fp/hard/libc_nano.a(lib_a-nano-vfprintf_i.o)
 .debug_abbrev  0x00000000000036c3      0x21f /usr/lib/gcc/arm-none-eabi/10.3.1/../../../arm-none-eabi/lib/thumb/v7e-m+fp/hard/libc_nano.a(lib_a-wbuf.o)
 .debug_abbrev  0x00000000000038e2      0x1d4 /usr/lib/gcc/arm-none-eabi/10.3.1/../../../arm-none-eabi/lib/thumb/v7e-m+fp/hard/libc_nano.a(lib_a-wsetup.o)
 .debug_abbrev  0x0000000000003ab6       0x80 /usr/lib/gcc/arm-none-eabi/10.3.1/../../../arm-none-eabi/lib/thumb/v7e-m+fp/hard/libc_nano.a(lib_a-abort.o)
 .debug_abbrev  0x0000000000003b36      0x2dd /usr/lib/gcc/arm-none-eabi/10.3.1/../../../arm-none-eabi/lib/thumb/v7e-m+fp/hard/libc_nano.a(lib_a-fflush.o)
 .debug_abbrev  0x0000000000003e13      0x3cd /usr/lib/gcc/arm-none-eabi/10.3.1/../../../arm-none-eabi/lib/thumb/v7e-m+fp/hard/libc_nano.a(lib_a-findfp.o)
 .debug_abbrev  0x00000000000041e0      0x1f7 /usr/lib/gcc/arm-none-eabi/10.3.1/../../../arm-none-eabi/lib/thumb/v7e-m+fp/hard/libc_nano.a(lib_a-fvwrite.o)
 .debug_abbrev  0x00000000000043d7      0x197 /usr/lib/gcc/arm-none-eabi/10.3.1/../../../arm-none-eabi/lib/thumb/v7e-m+fp/hard/libc_nano.a(lib_a-fwalk.o)
 .debug_abbrev  0x000000000000456e      0x278 /usr/lib/gcc/arm-none-eabi/10.3.1/../../../arm-none-eabi/lib/thumb/v7e-m+fp/hard/libc_nano.a(lib_a-makebuf.o)
 .debug_abbrev  0x00000000000047e6       0x14 /usr/lib/gcc/arm-none-eabi/10.3.1/../../../arm-none-eabi/lib/thumb/v7e-m+fp/hard/libc_nano.a(lib_a-memchr.o)
 .debug_abbrev  0x00000000000047fa       0xc0 /usr/lib/gcc/arm-none-eabi/10.3.1/../../../arm-none-eabi/lib/thumb/v7e-m+fp/hard/libc_nano.a(lib_a-memmove.o)
 .debug_abbrev  0x00000000000048ba      0x235 /usr/lib/gcc/arm-none-eabi/10.3.1/../../../arm-none-eabi/lib/thumb/v7e-m+fp/hard/libc_nano.a(lib_a-nano-freer.o)